/home/ee2178/scratch/ee2178/miniconda3/envs/env/lib/python3.9/site-packages/torchvision/io/image.py:13: UserWarning: Failed to load image Python extension: '/scratch/ee2178/miniconda3/envs/env/lib/python3.9/site-packages/torchvision/image.so: undefined symbol: _ZN3c1017RegisterOperatorsD1Ev'If you don't plan on using image functionality from `torchvision.io`, you can ignore this warning. Otherwise, there might be something wrong with your environment. Did you have `libjpeg` or `libpng` installed before building `torchvision` from source?
  warn(
wandb: [wandb.login()] Loaded credentials for https://api.wandb.ai from /home/ee2178/.netrc.
wandb: Currently logged in as: ee2178 (ee2178-nyu) to https://api.wandb.ai. Use `wandb login --relogin` to force relogin
wandb: setting up run wvfzlo74
wandb: Tracking run with wandb version 0.25.1
wandb: Run data is saved locally in /scratch/ee2178/Denoising-Diffusion-Project/my_CDLNet/wandb/run-20260320_094610-wvfzlo74
wandb: Run `wandb offline` to turn off syncing.
wandb: Syncing run dry-frog-5
wandb: ⭐️ View project at https://wandb.ai/ee2178-nyu/e2e_R10_mri_reconstruction
wandb: 🚀 View run at https://wandb.ai/ee2178-nyu/e2e_R10_mri_reconstruction/runs/wvfzlo74
TRAIN:   0%|          | 0/300000 [00:00<?, ?it/s]Traceback (most recent call last):
  File "/scratch/ee2178/Denoising-Diffusion-Project/my_CDLNet/train_mri_recon.py", line 390, in <module>
    main(args)
  File "/scratch/ee2178/Denoising-Diffusion-Project/my_CDLNet/train_mri_recon.py", line 51, in main
    fit(net,
  File "/scratch/ee2178/Denoising-Diffusion-Project/my_CDLNet/train_mri_recon.py", line 116, in fit
    batch = next(train_iter)
  File "/home/ee2178/scratch/ee2178/miniconda3/envs/env/lib/python3.9/site-packages/torch/utils/data/dataloader.py", line 701, in __next__
    data = self._next_data()
  File "/home/ee2178/scratch/ee2178/miniconda3/envs/env/lib/python3.9/site-packages/torch/utils/data/dataloader.py", line 757, in _next_data
    data = self._dataset_fetcher.fetch(index)  # may raise StopIteration
  File "/home/ee2178/scratch/ee2178/miniconda3/envs/env/lib/python3.9/site-packages/torch/utils/data/_utils/fetch.py", line 52, in fetch
    data = [self.dataset[idx] for idx in possibly_batched_index]
  File "/home/ee2178/scratch/ee2178/miniconda3/envs/env/lib/python3.9/site-packages/torch/utils/data/_utils/fetch.py", line 52, in <listcomp>
    data = [self.dataset[idx] for idx in possibly_batched_index]
  File "/scratch/ee2178/Denoising-Diffusion-Project/my_CDLNet/kspace_data.py", line 58, in __getitem__
    image = f['image'][slice][np.newaxis, :, :]
  File "h5py/_objects.pyx", line 54, in h5py._objects.with_phil.wrapper
  File "h5py/_objects.pyx", line 55, in h5py._objects.with_phil.wrapper
  File "/home/ee2178/scratch/ee2178/miniconda3/envs/env/lib/python3.9/site-packages/h5py/_hl/group.py", line 305, in __getitem__
    oid = h5o.open(self.id, self._e(name), lapl=self._lapl)
  File "h5py/_objects.pyx", line 54, in h5py._objects.with_phil.wrapper
  File "h5py/_objects.pyx", line 55, in h5py._objects.with_phil.wrapper
  File "h5py/h5o.pyx", line 190, in h5py.h5o.open
KeyError: "Unable to open object (object 'image' doesn't exist)"
Traceback (most recent call last):
  File "/scratch/ee2178/Denoising-Diffusion-Project/my_CDLNet/train_mri_recon.py", line 390, in <module>
    main(args)
  File "/scratch/ee2178/Denoising-Diffusion-Project/my_CDLNet/train_mri_recon.py", line 51, in main
    fit(net,
  File "/scratch/ee2178/Denoising-Diffusion-Project/my_CDLNet/train_mri_recon.py", line 116, in fit
    batch = next(train_iter)
  File "/home/ee2178/scratch/ee2178/miniconda3/envs/env/lib/python3.9/site-packages/torch/utils/data/dataloader.py", line 701, in __next__
    data = self._next_data()
  File "/home/ee2178/scratch/ee2178/miniconda3/envs/env/lib/python3.9/site-packages/torch/utils/data/dataloader.py", line 757, in _next_data
    data = self._dataset_fetcher.fetch(index)  # may raise StopIteration
  File "/home/ee2178/scratch/ee2178/miniconda3/envs/env/lib/python3.9/site-packages/torch/utils/data/_utils/fetch.py", line 52, in fetch
    data = [self.dataset[idx] for idx in possibly_batched_index]
  File "/home/ee2178/scratch/ee2178/miniconda3/envs/env/lib/python3.9/site-packages/torch/utils/data/_utils/fetch.py", line 52, in <listcomp>
    data = [self.dataset[idx] for idx in possibly_batched_index]
  File "/scratch/ee2178/Denoising-Diffusion-Project/my_CDLNet/kspace_data.py", line 58, in __getitem__
    image = f['image'][slice][np.newaxis, :, :]
  File "h5py/_objects.pyx", line 54, in h5py._objects.with_phil.wrapper
  File "h5py/_objects.pyx", line 55, in h5py._objects.with_phil.wrapper
  File "/home/ee2178/scratch/ee2178/miniconda3/envs/env/lib/python3.9/site-packages/h5py/_hl/group.py", line 305, in __getitem__
    oid = h5o.open(self.id, self._e(name), lapl=self._lapl)
  File "h5py/_objects.pyx", line 54, in h5py._objects.with_phil.wrapper
  File "h5py/_objects.pyx", line 55, in h5py._objects.with_phil.wrapper
  File "h5py/h5o.pyx", line 190, in h5py.h5o.open
KeyError: "Unable to open object (object 'image' doesn't exist)"
