{'model': {'C': 1, 'K': 30, 'M': 169, 'P': 7, 'adaptive': True, 's': 2},
 'paths': {'ckpt': None, 'save': 'trained_nets/LPDSNet'},
 'train': {'fit': {'backtrack_thresh': 2,
                   'clip_grad': 0.05,
                   'demosaic': False,
                   'epochs': 1000,
                   'mcsure': False,
                   'noise_dist': 'log',
                   'noise_std': [0, 126],
                   'save_freq': 5,
                   'val_freq': 50,
                   'verbose': True},
           'loaders': {'batch_size': 10,
                       'crop_size': 256,
                       'end_slice': 8,
                       'load_color': False,
                       'num_workers': 14,
                       'scaling_fac': 2000.0,
                       'start_slice': 0,
                       'trn_path_list': ['../../datasets/fastmri_preprocessed/brain_T2W_coil_combined/train'],
                       'tst_path_list': ['../../datasets/fastmri_preprocessed/brain_T2W_coil_combined/test'],
                       'val_path_list': ['../../datasets/fastmri_preprocessed/brain_T2W_coil_combined/val']},
           'opt': {'lr': 0.001},
           'sched': {'gamma': 0.95, 'step_size': 50}},
 'type': 'LPDSNet'}
Loading ['../../datasets/fastmri_preprocessed/brain_T2W_coil_combined/train']:
Loading ['../../datasets/fastmri_preprocessed/brain_T2W_coil_combined/val']:
Loading ['../../datasets/fastmri_preprocessed/brain_T2W_coil_combined/test']:
Running power-method on initial dictionary...
Done. L=3.372e+03+1.847e-05j.
Total Number of Parameters: 755,490
Using trained_nets/LPDSNet ...
fit: using device cuda:0
TRAIN PSNR: 34.380 dB
TRAIN PSNR: 33.250 dB
TRAIN PSNR: 33.731 dB
TRAIN PSNR: 31.457 dB
Loss has diverged. Backtracking to trained_nets/LPDSNet/0.ckpt ...
Loading net state-dict...
Loading opt state-dict...
Loading sched state-dict...
Updated Learning Rate(s): [0.0008]
TRAIN PSNR: 32.843 dB
TRAIN PSNR: 34.073 dB
TRAIN PSNR: 34.578 dB
TRAIN PSNR: 34.968 dB
TRAIN PSNR: 34.388 dB
Checkpoint: trained_nets/LPDSNet/net.ckpt
TRAIN PSNR: 34.448 dB
TRAIN PSNR: 34.692 dB
TRAIN PSNR: 34.092 dB
TRAIN PSNR: 33.665 dB
TRAIN PSNR: 33.517 dB
Checkpoint: trained_nets/LPDSNet/net.ckpt
TRAIN PSNR: 35.095 dB
TRAIN PSNR: 33.788 dB
TRAIN PSNR: 33.097 dB
TRAIN PSNR: 33.382 dB
TRAIN PSNR: 32.940 dB
Loss has diverged. Backtracking to trained_nets/LPDSNet/net.ckpt ...
Loading net state-dict...
Loading opt state-dict...
Loading sched state-dict...
Updated Learning Rate(s): [0.00064]
TRAIN PSNR: 34.443 dB
TRAIN PSNR: 30.932 dB
Loss has diverged. Backtracking to trained_nets/LPDSNet/net.ckpt ...
Loading net state-dict...
Loading opt state-dict...
Loading sched state-dict...
Updated Learning Rate(s): [0.000512]
TRAIN PSNR: 32.914 dB
Loss has diverged. Backtracking to trained_nets/LPDSNet/net.ckpt ...
Loading net state-dict...
Loading opt state-dict...
Loading sched state-dict...
Updated Learning Rate(s): [0.0004096]
TRAIN PSNR: 34.543 dB
TRAIN PSNR: 34.633 dB
TRAIN PSNR: 31.875 dB
Loss has diverged. Backtracking to trained_nets/LPDSNet/net.ckpt ...
Loading net state-dict...
Loading opt state-dict...
Loading sched state-dict...
Updated Learning Rate(s): [0.00032768]
TRAIN PSNR: 32.827 dB
Loss has diverged. Backtracking to trained_nets/LPDSNet/net.ckpt ...
Loading net state-dict...
Loading opt state-dict...
Loading sched state-dict...
Updated Learning Rate(s): [0.00026214]
TRAIN PSNR: 31.938 dB
Loss has diverged. Backtracking to trained_nets/LPDSNet/net.ckpt ...
Loading net state-dict...
Loading opt state-dict...
Loading sched state-dict...
Updated Learning Rate(s): [0.00020972]
TRAIN PSNR: 32.962 dB
Loss has diverged. Backtracking to trained_nets/LPDSNet/net.ckpt ...
Loading net state-dict...
Loading opt state-dict...
Loading sched state-dict...
Updated Learning Rate(s): [0.00016777]
TRAIN PSNR: 34.413 dB
TRAIN PSNR: 34.539 dB
TRAIN PSNR: 32.875 dB
Loss has diverged. Backtracking to trained_nets/LPDSNet/net.ckpt ...
Loading net state-dict...
Loading opt state-dict...
Loading sched state-dict...
Updated Learning Rate(s): [0.00013422]
TRAIN PSNR: 33.094 dB
Loss has diverged. Backtracking to trained_nets/LPDSNet/net.ckpt ...
Loading net state-dict...
Loading opt state-dict...
Loading sched state-dict...
Updated Learning Rate(s): [0.00010737]
TRAIN PSNR: 33.853 dB
TRAIN PSNR: 33.605 dB
TRAIN PSNR: 34.123 dB
TRAIN PSNR: 34.246 dB
TRAIN PSNR: 32.354 dB
Loss has diverged. Backtracking to trained_nets/LPDSNet/net.ckpt ...
Loading net state-dict...
Loading opt state-dict...
Loading sched state-dict...
Updated Learning Rate(s): [8.58993459e-05]
TRAIN PSNR: 34.853 dB
TRAIN PSNR: 32.392 dB
Loss has diverged. Backtracking to trained_nets/LPDSNet/net.ckpt ...
Loading net state-dict...
Loading opt state-dict...
Loading sched state-dict...
Updated Learning Rate(s): [6.87194767e-05]
TRAIN PSNR: 33.530 dB
TRAIN PSNR: 33.967 dB
TRAIN PSNR: 33.388 dB
TRAIN PSNR: 32.567 dB
Loss has diverged. Backtracking to trained_nets/LPDSNet/net.ckpt ...
Loading net state-dict...
Loading opt state-dict...
Loading sched state-dict...
Updated Learning Rate(s): [5.49755814e-05]
TRAIN PSNR: 32.024 dB
Loss has diverged. Backtracking to trained_nets/LPDSNet/net.ckpt ...
Loading net state-dict...
Loading opt state-dict...
Loading sched state-dict...
Updated Learning Rate(s): [4.39804651e-05]
TRAIN PSNR: 32.198 dB
Loss has diverged. Backtracking to trained_nets/LPDSNet/net.ckpt ...
Loading net state-dict...
Loading opt state-dict...
Loading sched state-dict...
Updated Learning Rate(s): [3.51843721e-05]
TRAIN PSNR: 33.945 dB
TRAIN PSNR: 34.326 dB
TRAIN PSNR: 34.720 dB
TRAIN PSNR: 32.614 dB
Loss has diverged. Backtracking to trained_nets/LPDSNet/net.ckpt ...
Loading net state-dict...
Loading opt state-dict...
Loading sched state-dict...
Updated Learning Rate(s): [2.81474977e-05]
TRAIN PSNR: 34.343 dB
TRAIN PSNR: 32.746 dB
Loss has diverged. Backtracking to trained_nets/LPDSNet/net.ckpt ...
Loading net state-dict...
Loading opt state-dict...
Loading sched state-dict...
Updated Learning Rate(s): [2.25179981e-05]
TRAIN PSNR: 33.634 dB
TRAIN PSNR: 32.768 dB
Loss has diverged. Backtracking to trained_nets/LPDSNet/net.ckpt ...
Loading net state-dict...
Loading opt state-dict...
Loading sched state-dict...
Updated Learning Rate(s): [1.80143985e-05]
TRAIN PSNR: 32.225 dB
Loss has diverged. Backtracking to trained_nets/LPDSNet/net.ckpt ...
Loading net state-dict...
Loading opt state-dict...
Loading sched state-dict...
Updated Learning Rate(s): [1.44115188e-05]
TRAIN PSNR: 34.050 dB
TRAIN PSNR: 35.398 dB
TRAIN PSNR: 33.634 dB
TRAIN PSNR: 32.193 dB
Loss has diverged. Backtracking to trained_nets/LPDSNet/net.ckpt ...
Loading net state-dict...
Loading opt state-dict...
Loading sched state-dict...
Updated Learning Rate(s): [1.1529215e-05]
TRAIN PSNR: 34.128 dB
TRAIN PSNR: 34.139 dB
TRAIN PSNR: 32.350 dB
Loss has diverged. Backtracking to trained_nets/LPDSNet/net.ckpt ...
Loading net state-dict...
Loading opt state-dict...
Loading sched state-dict...
Updated Learning Rate(s): [9.22337204e-06]
TRAIN PSNR: 33.592 dB
TRAIN PSNR: 33.800 dB
TRAIN PSNR: 32.852 dB
Loss has diverged. Backtracking to trained_nets/LPDSNet/net.ckpt ...
Loading net state-dict...
Loading opt state-dict...
Loading sched state-dict...
Updated Learning Rate(s): [7.37869763e-06]
TRAIN PSNR: 33.548 dB
TRAIN PSNR: 33.754 dB
TRAIN PSNR: 34.102 dB
TRAIN PSNR: 33.017 dB
Loss has diverged. Backtracking to trained_nets/LPDSNet/net.ckpt ...
Loading net state-dict...
Loading opt state-dict...
Loading sched state-dict...
Updated Learning Rate(s): [5.9029581e-06]
TRAIN PSNR: 34.865 dB
TRAIN PSNR: 34.227 dB
TRAIN PSNR: 34.869 dB
TRAIN PSNR: 32.866 dB
Loss has diverged. Backtracking to trained_nets/LPDSNet/net.ckpt ...
Loading net state-dict...
Loading opt state-dict...
Loading sched state-dict...
Updated Learning Rate(s): [4.72236648e-06]
TRAIN PSNR: 35.166 dB
TRAIN PSNR: 33.009 dB
Loss has diverged. Backtracking to trained_nets/LPDSNet/net.ckpt ...
Loading net state-dict...
Loading opt state-dict...
Loading sched state-dict...
Updated Learning Rate(s): [3.77789319e-06]
TRAIN PSNR: 34.422 dB
TRAIN PSNR: 33.635 dB
TRAIN PSNR: 34.358 dB
TRAIN PSNR: 34.879 dB
TRAIN PSNR: 32.499 dB
Loss has diverged. Backtracking to trained_nets/LPDSNet/net.ckpt ...
Loading net state-dict...
Loading opt state-dict...
Loading sched state-dict...
Updated Learning Rate(s): [3.02231455e-06]
TRAIN PSNR: 32.710 dB
Loss has diverged. Backtracking to trained_nets/LPDSNet/net.ckpt ...
Loading net state-dict...
Loading opt state-dict...
Loading sched state-dict...
Updated Learning Rate(s): [2.41785164e-06]
TRAIN PSNR: 34.606 dB
TRAIN PSNR: 33.307 dB
Loss has diverged. Backtracking to trained_nets/LPDSNet/net.ckpt ...
Loading net state-dict...
Loading opt state-dict...
Loading sched state-dict...
Updated Learning Rate(s): [1.93428131e-06]
TRAIN PSNR: 33.921 dB
TRAIN PSNR: 35.412 dB
TRAIN PSNR: 37.260 dB
TRAIN PSNR: 33.262 dB
Loss has diverged. Backtracking to trained_nets/LPDSNet/net.ckpt ...
Loading net state-dict...
Loading opt state-dict...
Loading sched state-dict...
Updated Learning Rate(s): [1.54742505e-06]
TRAIN PSNR: 32.051 dB
Loss has diverged. Backtracking to trained_nets/LPDSNet/net.ckpt ...
Loading net state-dict...
Loading opt state-dict...
Loading sched state-dict...
Updated Learning Rate(s): [1.23794004e-06]
TRAIN PSNR: 33.871 dB
Loss has diverged. Backtracking to trained_nets/LPDSNet/net.ckpt ...
Loading net state-dict...
Loading opt state-dict...
Loading sched state-dict...
Updated Learning Rate(s): [9.90352031e-07]
TRAIN PSNR: 34.221 dB
Loss has diverged. Backtracking to trained_nets/LPDSNet/net.ckpt ...
Loading net state-dict...
Loading opt state-dict...
Loading sched state-dict...
Updated Learning Rate(s): [7.92281625e-07]
TRAIN PSNR: 34.304 dB
Loss has diverged. Backtracking to trained_nets/LPDSNet/net.ckpt ...
Loading net state-dict...
Loading opt state-dict...
Loading sched state-dict...
Updated Learning Rate(s): [6.338253e-07]
TRAIN PSNR: 32.724 dB
Loss has diverged. Backtracking to trained_nets/LPDSNet/net.ckpt ...
Loading net state-dict...
Loading opt state-dict...
Loading sched state-dict...
Updated Learning Rate(s): [5.0706024e-07]
TRAIN PSNR: 34.864 dB
Loss has diverged. Backtracking to trained_nets/LPDSNet/net.ckpt ...
Loading net state-dict...
Loading opt state-dict...
Loading sched state-dict...
Updated Learning Rate(s): [4.05648192e-07]
TRAIN PSNR: 31.939 dB
Loss has diverged. Backtracking to trained_nets/LPDSNet/net.ckpt ...
Loading net state-dict...
Loading opt state-dict...
Loading sched state-dict...
Updated Learning Rate(s): [3.24518554e-07]
TRAIN PSNR: 32.230 dB
Loss has diverged. Backtracking to trained_nets/LPDSNet/net.ckpt ...
Loading net state-dict...
Loading opt state-dict...
Loading sched state-dict...
Updated Learning Rate(s): [2.59614843e-07]
TRAIN PSNR: 33.502 dB
Loss has diverged. Backtracking to trained_nets/LPDSNet/net.ckpt ...
Loading net state-dict...
Loading opt state-dict...
Loading sched state-dict...
Updated Learning Rate(s): [2.07691874e-07]
TRAIN PSNR: 34.794 dB
Loss has diverged. Backtracking to trained_nets/LPDSNet/net.ckpt ...
Loading net state-dict...
Loading opt state-dict...
Loading sched state-dict...
Updated Learning Rate(s): [1.66153499e-07]
TRAIN PSNR: 34.477 dB
Loss has diverged. Backtracking to trained_nets/LPDSNet/net.ckpt ...
Loading net state-dict...
Loading opt state-dict...
Loading sched state-dict...
Updated Learning Rate(s): [1.329228e-07]
TRAIN PSNR: 33.977 dB
Loss has diverged. Backtracking to trained_nets/LPDSNet/net.ckpt ...
Loading net state-dict...
Loading opt state-dict...
Loading sched state-dict...
Updated Learning Rate(s): [1.0633824e-07]
TRAIN PSNR: 33.965 dB
Loss has diverged. Backtracking to trained_nets/LPDSNet/net.ckpt ...
Loading net state-dict...
Loading opt state-dict...
Loading sched state-dict...
Updated Learning Rate(s): [8.50705917e-08]
TRAIN PSNR: 34.273 dB
Loss has diverged. Backtracking to trained_nets/LPDSNet/net.ckpt ...
Loading net state-dict...
Loading opt state-dict...
Loading sched state-dict...
Updated Learning Rate(s): [6.80564734e-08]
TRAIN PSNR: 34.602 dB
Loss has diverged. Backtracking to trained_nets/LPDSNet/net.ckpt ...
Loading net state-dict...
Loading opt state-dict...
Loading sched state-dict...
Updated Learning Rate(s): [5.44451787e-08]
TRAIN PSNR: 32.659 dB
Loss has diverged. Backtracking to trained_nets/LPDSNet/net.ckpt ...
Loading net state-dict...
Loading opt state-dict...
Loading sched state-dict...
Updated Learning Rate(s): [4.3556143e-08]
TRAIN PSNR: 34.019 dB
Loss has diverged. Backtracking to trained_nets/LPDSNet/net.ckpt ...
Loading net state-dict...
Loading opt state-dict...
Loading sched state-dict...
Updated Learning Rate(s): [3.48449144e-08]
TRAIN PSNR: 33.947 dB
Loss has diverged. Backtracking to trained_nets/LPDSNet/net.ckpt ...
Loading net state-dict...
Loading opt state-dict...
Loading sched state-dict...
Updated Learning Rate(s): [2.78759315e-08]
TRAIN PSNR: 34.817 dB
Loss has diverged. Backtracking to trained_nets/LPDSNet/net.ckpt ...
Loading net state-dict...
Loading opt state-dict...
Loading sched state-dict...
Updated Learning Rate(s): [2.23007452e-08]
TRAIN PSNR: 33.687 dB
Loss has diverged. Backtracking to trained_nets/LPDSNet/net.ckpt ...
Loading net state-dict...
Loading opt state-dict...
Loading sched state-dict...
Updated Learning Rate(s): [1.78405962e-08]
TRAIN PSNR: 32.915 dB
Loss has diverged. Backtracking to trained_nets/LPDSNet/net.ckpt ...
Loading net state-dict...
Loading opt state-dict...
Loading sched state-dict...
Updated Learning Rate(s): [1.42724769e-08]
TRAIN PSNR: 32.473 dB
Loss has diverged. Backtracking to trained_nets/LPDSNet/net.ckpt ...
Loading net state-dict...
Loading opt state-dict...
Loading sched state-dict...
Updated Learning Rate(s): [1.14179815e-08]
TRAIN PSNR: 35.250 dB
Loss has diverged. Backtracking to trained_nets/LPDSNet/net.ckpt ...
Loading net state-dict...
Loading opt state-dict...
Loading sched state-dict...
Updated Learning Rate(s): [9.13438523e-09]
TRAIN PSNR: 33.423 dB
Loss has diverged. Backtracking to trained_nets/LPDSNet/net.ckpt ...
Loading net state-dict...
Loading opt state-dict...
Loading sched state-dict...
Updated Learning Rate(s): [7.30750819e-09]
TRAIN PSNR: 31.635 dB
Loss has diverged. Backtracking to trained_nets/LPDSNet/net.ckpt ...
Loading net state-dict...
Loading opt state-dict...
Loading sched state-dict...
Updated Learning Rate(s): [5.84600655e-09]
TRAIN PSNR: 34.120 dB
Loss has diverged. Backtracking to trained_nets/LPDSNet/net.ckpt ...
Loading net state-dict...
Loading opt state-dict...
Loading sched state-dict...
Updated Learning Rate(s): [4.67680524e-09]
TRAIN PSNR: 33.081 dB
Loss has diverged. Backtracking to trained_nets/LPDSNet/net.ckpt ...
Loading net state-dict...
Loading opt state-dict...
Loading sched state-dict...
Updated Learning Rate(s): [3.74144419e-09]
TRAIN PSNR: 32.853 dB
Loss has diverged. Backtracking to trained_nets/LPDSNet/net.ckpt ...
Loading net state-dict...
Loading opt state-dict...
Loading sched state-dict...
Updated Learning Rate(s): [2.99315535e-09]
TRAIN PSNR: 32.205 dB
Loss has diverged. Backtracking to trained_nets/LPDSNet/net.ckpt ...
Loading net state-dict...
Loading opt state-dict...
Loading sched state-dict...
Updated Learning Rate(s): [2.39452428e-09]
TRAIN PSNR: 33.864 dB
Loss has diverged. Backtracking to trained_nets/LPDSNet/net.ckpt ...
Loading net state-dict...
Loading opt state-dict...
Loading sched state-dict...
Updated Learning Rate(s): [1.91561943e-09]
TRAIN PSNR: 33.180 dB
Loss has diverged. Backtracking to trained_nets/LPDSNet/net.ckpt ...
Loading net state-dict...
Loading opt state-dict...
Loading sched state-dict...
Updated Learning Rate(s): [1.53249554e-09]
TRAIN PSNR: 32.467 dB
Loss has diverged. Backtracking to trained_nets/LPDSNet/net.ckpt ...
Loading net state-dict...
Loading opt state-dict...
Loading sched state-dict...
Updated Learning Rate(s): [1.22599643e-09]
TRAIN PSNR: 32.080 dB
Loss has diverged. Backtracking to trained_nets/LPDSNet/net.ckpt ...
Loading net state-dict...
Loading opt state-dict...
Loading sched state-dict...
Updated Learning Rate(s): [9.80797146e-10]
TRAIN PSNR: 32.040 dB
Loss has diverged. Backtracking to trained_nets/LPDSNet/net.ckpt ...
Loading net state-dict...
Loading opt state-dict...
Loading sched state-dict...
Updated Learning Rate(s): [7.84637717e-10]
TRAIN PSNR: 33.006 dB
Loss has diverged. Backtracking to trained_nets/LPDSNet/net.ckpt ...
Loading net state-dict...
Loading opt state-dict...
Loading sched state-dict...
Updated Learning Rate(s): [6.27710174e-10]
TRAIN PSNR: 32.163 dB
Loss has diverged. Backtracking to trained_nets/LPDSNet/net.ckpt ...
Loading net state-dict...
Loading opt state-dict...
Loading sched state-dict...
Updated Learning Rate(s): [5.02168139e-10]
TRAIN PSNR: 35.091 dB
Loss has diverged. Backtracking to trained_nets/LPDSNet/net.ckpt ...
Loading net state-dict...
Loading opt state-dict...
Loading sched state-dict...
Updated Learning Rate(s): [4.01734511e-10]
TRAIN PSNR: 33.330 dB
Loss has diverged. Backtracking to trained_nets/LPDSNet/net.ckpt ...
Loading net state-dict...
Loading opt state-dict...
Loading sched state-dict...
Updated Learning Rate(s): [3.21387609e-10]
TRAIN PSNR: 34.197 dB
Loss has diverged. Backtracking to trained_nets/LPDSNet/net.ckpt ...
Loading net state-dict...
Loading opt state-dict...
Loading sched state-dict...
Updated Learning Rate(s): [2.57110087e-10]
TRAIN PSNR: 32.980 dB
Loss has diverged. Backtracking to trained_nets/LPDSNet/net.ckpt ...
Loading net state-dict...
Loading opt state-dict...
Loading sched state-dict...
Updated Learning Rate(s): [2.0568807e-10]
TRAIN PSNR: 33.716 dB
Loss has diverged. Backtracking to trained_nets/LPDSNet/net.ckpt ...
Loading net state-dict...
Loading opt state-dict...
Loading sched state-dict...
Updated Learning Rate(s): [1.64550456e-10]
TRAIN PSNR: 33.152 dB
Loss has diverged. Backtracking to trained_nets/LPDSNet/net.ckpt ...
Loading net state-dict...
Loading opt state-dict...
Loading sched state-dict...
Updated Learning Rate(s): [1.31640365e-10]
TRAIN PSNR: 35.381 dB
TRAIN PSNR: 34.100 dB
Loss has diverged. Backtracking to trained_nets/LPDSNet/net.ckpt ...
Loading net state-dict...
Loading opt state-dict...
Loading sched state-dict...
Updated Learning Rate(s): [1.05312292e-10]
TRAIN PSNR: 33.610 dB
Loss has diverged. Backtracking to trained_nets/LPDSNet/net.ckpt ...
Loading net state-dict...
Loading opt state-dict...
Loading sched state-dict...
Updated Learning Rate(s): [8.42498333e-11]
TRAIN PSNR: 34.327 dB
Loss has diverged. Backtracking to trained_nets/LPDSNet/net.ckpt ...
Loading net state-dict...
Loading opt state-dict...
Loading sched state-dict...
Updated Learning Rate(s): [6.73998667e-11]
TRAIN PSNR: 33.705 dB
Loss has diverged. Backtracking to trained_nets/LPDSNet/net.ckpt ...
Loading net state-dict...
Loading opt state-dict...
Loading sched state-dict...
Updated Learning Rate(s): [5.39198933e-11]
TRAIN PSNR: 33.030 dB
Loss has diverged. Backtracking to trained_nets/LPDSNet/net.ckpt ...
Loading net state-dict...
Loading opt state-dict...
Loading sched state-dict...
Updated Learning Rate(s): [4.31359147e-11]
TRAIN PSNR: 34.458 dB
Loss has diverged. Backtracking to trained_nets/LPDSNet/net.ckpt ...
Loading net state-dict...
Loading opt state-dict...
Loading sched state-dict...
Updated Learning Rate(s): [3.45087317e-11]
TRAIN PSNR: 33.302 dB
Loss has diverged. Backtracking to trained_nets/LPDSNet/net.ckpt ...
Loading net state-dict...
Loading opt state-dict...
Loading sched state-dict...
Updated Learning Rate(s): [2.76069854e-11]
TRAIN PSNR: 32.470 dB
Loss has diverged. Backtracking to trained_nets/LPDSNet/net.ckpt ...
Loading net state-dict...
Loading opt state-dict...
Loading sched state-dict...
Updated Learning Rate(s): [2.20855883e-11]
TRAIN PSNR: 33.095 dB
Loss has diverged. Backtracking to trained_nets/LPDSNet/net.ckpt ...
Loading net state-dict...
Loading opt state-dict...
Loading sched state-dict...
Updated Learning Rate(s): [1.76684706e-11]
TRAIN PSNR: 31.807 dB
Loss has diverged. Backtracking to trained_nets/LPDSNet/net.ckpt ...
Loading net state-dict...
Loading opt state-dict...
Loading sched state-dict...
Updated Learning Rate(s): [1.41347765e-11]
TRAIN PSNR: 35.925 dB
TRAIN PSNR: 34.459 dB
Loss has diverged. Backtracking to trained_nets/LPDSNet/net.ckpt ...
Loading net state-dict...
Loading opt state-dict...
Loading sched state-dict...
Updated Learning Rate(s): [1.13078212e-11]
TRAIN PSNR: 35.306 dB
TRAIN PSNR: 34.048 dB
Loss has diverged. Backtracking to trained_nets/LPDSNet/net.ckpt ...
Loading net state-dict...
Loading opt state-dict...
Loading sched state-dict...
Updated Learning Rate(s): [9.04625697e-12]
TRAIN PSNR: 32.500 dB
Loss has diverged. Backtracking to trained_nets/LPDSNet/net.ckpt ...
Loading net state-dict...
Loading opt state-dict...
Loading sched state-dict...
Updated Learning Rate(s): [7.23700558e-12]
TRAIN PSNR: 35.535 dB
TRAIN PSNR: 33.507 dB
Loss has diverged. Backtracking to trained_nets/LPDSNet/net.ckpt ...
Loading net state-dict...
Loading opt state-dict...
Loading sched state-dict...
Updated Learning Rate(s): [5.78960446e-12]
TRAIN PSNR: 33.072 dB
Loss has diverged. Backtracking to trained_nets/LPDSNet/net.ckpt ...
Loading net state-dict...
Loading opt state-dict...
Loading sched state-dict...
Updated Learning Rate(s): [4.63168357e-12]
TRAIN PSNR: 33.182 dB
Loss has diverged. Backtracking to trained_nets/LPDSNet/net.ckpt ...
Loading net state-dict...
Loading opt state-dict...
Loading sched state-dict...
Updated Learning Rate(s): [3.70534686e-12]
TRAIN PSNR: 33.166 dB
Loss has diverged. Backtracking to trained_nets/LPDSNet/net.ckpt ...
Loading net state-dict...
Loading opt state-dict...
Loading sched state-dict...
Updated Learning Rate(s): [2.96427748e-12]
TRAIN PSNR: 33.449 dB
Loss has diverged. Backtracking to trained_nets/LPDSNet/net.ckpt ...
Loading net state-dict...
Loading opt state-dict...
Loading sched state-dict...
Updated Learning Rate(s): [2.37142199e-12]
TRAIN PSNR: 32.573 dB
Loss has diverged. Backtracking to trained_nets/LPDSNet/net.ckpt ...
Loading net state-dict...
Loading opt state-dict...
Loading sched state-dict...
Updated Learning Rate(s): [1.89713759e-12]
TRAIN PSNR: 33.717 dB
Loss has diverged. Backtracking to trained_nets/LPDSNet/net.ckpt ...
Loading net state-dict...
Loading opt state-dict...
Loading sched state-dict...
Updated Learning Rate(s): [1.51771007e-12]
TRAIN PSNR: 33.426 dB
Loss has diverged. Backtracking to trained_nets/LPDSNet/net.ckpt ...
Loading net state-dict...
Loading opt state-dict...
Loading sched state-dict...
Updated Learning Rate(s): [1.21416806e-12]
TRAIN PSNR: 34.208 dB
Loss has diverged. Backtracking to trained_nets/LPDSNet/net.ckpt ...
Loading net state-dict...
Loading opt state-dict...
Loading sched state-dict...
Updated Learning Rate(s): [9.71334446e-13]
TRAIN PSNR: 33.496 dB
Loss has diverged. Backtracking to trained_nets/LPDSNet/net.ckpt ...
Loading net state-dict...
Loading opt state-dict...
Loading sched state-dict...
Updated Learning Rate(s): [7.77067557e-13]
TRAIN PSNR: 33.329 dB
Loss has diverged. Backtracking to trained_nets/LPDSNet/net.ckpt ...
Loading net state-dict...
Loading opt state-dict...
Loading sched state-dict...
Updated Learning Rate(s): [6.21654046e-13]
TRAIN PSNR: 35.202 dB
Loss has diverged. Backtracking to trained_nets/LPDSNet/net.ckpt ...
Loading net state-dict...
Loading opt state-dict...
Loading sched state-dict...
Updated Learning Rate(s): [4.97323236e-13]
TRAIN PSNR: 32.638 dB
Loss has diverged. Backtracking to trained_nets/LPDSNet/net.ckpt ...
Loading net state-dict...
Loading opt state-dict...
Loading sched state-dict...
Updated Learning Rate(s): [3.97858589e-13]
TRAIN PSNR: 33.079 dB
Loss has diverged. Backtracking to trained_nets/LPDSNet/net.ckpt ...
Loading net state-dict...
Loading opt state-dict...
Loading sched state-dict...
Updated Learning Rate(s): [3.18286871e-13]
TRAIN PSNR: 32.214 dB
Loss has diverged. Backtracking to trained_nets/LPDSNet/net.ckpt ...
Loading net state-dict...
Loading opt state-dict...
Loading sched state-dict...
Updated Learning Rate(s): [2.54629497e-13]
TRAIN PSNR: 34.933 dB
Loss has diverged. Backtracking to trained_nets/LPDSNet/net.ckpt ...
Loading net state-dict...
Loading opt state-dict...
Loading sched state-dict...
Updated Learning Rate(s): [2.03703598e-13]
TRAIN PSNR: 33.814 dB
Loss has diverged. Backtracking to trained_nets/LPDSNet/net.ckpt ...
Loading net state-dict...
Loading opt state-dict...
Loading sched state-dict...
Updated Learning Rate(s): [1.62962878e-13]
TRAIN PSNR: 32.362 dB
Loss has diverged. Backtracking to trained_nets/LPDSNet/net.ckpt ...
Loading net state-dict...
Loading opt state-dict...
Loading sched state-dict...
Updated Learning Rate(s): [1.30370302e-13]
TRAIN PSNR: 32.186 dB
Loss has diverged. Backtracking to trained_nets/LPDSNet/net.ckpt ...
Loading net state-dict...
Loading opt state-dict...
Loading sched state-dict...
Updated Learning Rate(s): [1.04296242e-13]
TRAIN PSNR: 33.938 dB
Loss has diverged. Backtracking to trained_nets/LPDSNet/net.ckpt ...
Loading net state-dict...
Loading opt state-dict...
Loading sched state-dict...
Updated Learning Rate(s): [8.34369936e-14]
TRAIN PSNR: 34.605 dB
Loss has diverged. Backtracking to trained_nets/LPDSNet/net.ckpt ...
Loading net state-dict...
Loading opt state-dict...
Loading sched state-dict...
Updated Learning Rate(s): [6.67495949e-14]
TRAIN PSNR: 35.145 dB
Loss has diverged. Backtracking to trained_nets/LPDSNet/net.ckpt ...
Loading net state-dict...
Loading opt state-dict...
Loading sched state-dict...
Updated Learning Rate(s): [5.33996759e-14]
TRAIN PSNR: 33.371 dB
Loss has diverged. Backtracking to trained_nets/LPDSNet/net.ckpt ...
Loading net state-dict...
Loading opt state-dict...
Loading sched state-dict...
Updated Learning Rate(s): [4.27197407e-14]
TRAIN PSNR: 35.127 dB
Loss has diverged. Backtracking to trained_nets/LPDSNet/net.ckpt ...
Loading net state-dict...
Loading opt state-dict...
Loading sched state-dict...
Updated Learning Rate(s): [3.41757926e-14]
TRAIN PSNR: 32.200 dB
Loss has diverged. Backtracking to trained_nets/LPDSNet/net.ckpt ...
Loading net state-dict...
Loading opt state-dict...
Loading sched state-dict...
Updated Learning Rate(s): [2.73406341e-14]
TRAIN PSNR: 33.382 dB
Loss has diverged. Backtracking to trained_nets/LPDSNet/net.ckpt ...
Loading net state-dict...
Loading opt state-dict...
Loading sched state-dict...
Updated Learning Rate(s): [2.18725072e-14]
TRAIN PSNR: 34.766 dB
Loss has diverged. Backtracking to trained_nets/LPDSNet/net.ckpt ...
Loading net state-dict...
Loading opt state-dict...
Loading sched state-dict...
Updated Learning Rate(s): [1.74980058e-14]
TRAIN PSNR: 34.305 dB
Loss has diverged. Backtracking to trained_nets/LPDSNet/net.ckpt ...
Loading net state-dict...
Loading opt state-dict...
Loading sched state-dict...
Updated Learning Rate(s): [1.39984046e-14]
TRAIN PSNR: 33.562 dB
Loss has diverged. Backtracking to trained_nets/LPDSNet/net.ckpt ...
Loading net state-dict...
Loading opt state-dict...
Loading sched state-dict...
Updated Learning Rate(s): [1.11987237e-14]
TRAIN PSNR: 31.405 dB
Loss has diverged. Backtracking to trained_nets/LPDSNet/net.ckpt ...
Loading net state-dict...
Loading opt state-dict...
Loading sched state-dict...
Updated Learning Rate(s): [8.95897897e-15]
TRAIN PSNR: 33.292 dB
Loss has diverged. Backtracking to trained_nets/LPDSNet/net.ckpt ...
Loading net state-dict...
Loading opt state-dict...
Loading sched state-dict...
Updated Learning Rate(s): [7.16718317e-15]
TRAIN PSNR: 32.153 dB
Loss has diverged. Backtracking to trained_nets/LPDSNet/net.ckpt ...
Loading net state-dict...
Loading opt state-dict...
Loading sched state-dict...
Updated Learning Rate(s): [5.73374654e-15]
TRAIN PSNR: 31.085 dB
Loss has diverged. Backtracking to trained_nets/LPDSNet/net.ckpt ...
Loading net state-dict...
Loading opt state-dict...
Loading sched state-dict...
Updated Learning Rate(s): [4.58699723e-15]
TRAIN PSNR: 34.705 dB
Loss has diverged. Backtracking to trained_nets/LPDSNet/net.ckpt ...
Loading net state-dict...
Loading opt state-dict...
Loading sched state-dict...
Updated Learning Rate(s): [3.66959779e-15]
TRAIN PSNR: 34.631 dB
Loss has diverged. Backtracking to trained_nets/LPDSNet/net.ckpt ...
Loading net state-dict...
Loading opt state-dict...
Loading sched state-dict...
Updated Learning Rate(s): [2.93567823e-15]
TRAIN PSNR: 34.204 dB
Loss has diverged. Backtracking to trained_nets/LPDSNet/net.ckpt ...
Loading net state-dict...
Loading opt state-dict...
Loading sched state-dict...
Updated Learning Rate(s): [2.34854258e-15]
TRAIN PSNR: 33.786 dB
Loss has diverged. Backtracking to trained_nets/LPDSNet/net.ckpt ...
Loading net state-dict...
Loading opt state-dict...
Loading sched state-dict...
Updated Learning Rate(s): [1.87883407e-15]
TRAIN PSNR: 34.833 dB
Loss has diverged. Backtracking to trained_nets/LPDSNet/net.ckpt ...
Loading net state-dict...
Loading opt state-dict...
Loading sched state-dict...
Updated Learning Rate(s): [1.50306725e-15]
TRAIN PSNR: 33.724 dB
Loss has diverged. Backtracking to trained_nets/LPDSNet/net.ckpt ...
Loading net state-dict...
Loading opt state-dict...
Loading sched state-dict...
Updated Learning Rate(s): [1.2024538e-15]
TRAIN PSNR: 33.234 dB
Loss has diverged. Backtracking to trained_nets/LPDSNet/net.ckpt ...
Loading net state-dict...
Loading opt state-dict...
Loading sched state-dict...
Updated Learning Rate(s): [9.61963042e-16]
TRAIN PSNR: 33.551 dB
Loss has diverged. Backtracking to trained_nets/LPDSNet/net.ckpt ...
Loading net state-dict...
Loading opt state-dict...
Loading sched state-dict...
Updated Learning Rate(s): [7.69570434e-16]
TRAIN PSNR: 30.943 dB
Loss has diverged. Backtracking to trained_nets/LPDSNet/net.ckpt ...
Loading net state-dict...
Loading opt state-dict...
Loading sched state-dict...
Updated Learning Rate(s): [6.15656347e-16]
TRAIN PSNR: 33.514 dB
Loss has diverged. Backtracking to trained_nets/LPDSNet/net.ckpt ...
Loading net state-dict...
Loading opt state-dict...
Loading sched state-dict...
Updated Learning Rate(s): [4.92525077e-16]
TRAIN PSNR: 34.041 dB
Loss has diverged. Backtracking to trained_nets/LPDSNet/net.ckpt ...
Loading net state-dict...
Loading opt state-dict...
Loading sched state-dict...
Updated Learning Rate(s): [3.94020062e-16]
TRAIN PSNR: 32.835 dB
Loss has diverged. Backtracking to trained_nets/LPDSNet/net.ckpt ...
Loading net state-dict...
Loading opt state-dict...
Loading sched state-dict...
Updated Learning Rate(s): [3.1521605e-16]
TRAIN PSNR: 34.778 dB
Loss has diverged. Backtracking to trained_nets/LPDSNet/net.ckpt ...
Loading net state-dict...
Loading opt state-dict...
Loading sched state-dict...
Updated Learning Rate(s): [2.5217284e-16]
TRAIN PSNR: 33.300 dB
Loss has diverged. Backtracking to trained_nets/LPDSNet/net.ckpt ...
Loading net state-dict...
Loading opt state-dict...
Loading sched state-dict...
Updated Learning Rate(s): [2.01738272e-16]
TRAIN PSNR: 33.751 dB
Loss has diverged. Backtracking to trained_nets/LPDSNet/net.ckpt ...
Loading net state-dict...
Loading opt state-dict...
Loading sched state-dict...
Updated Learning Rate(s): [1.61390617e-16]
TRAIN PSNR: 33.148 dB
Loss has diverged. Backtracking to trained_nets/LPDSNet/net.ckpt ...
Loading net state-dict...
Loading opt state-dict...
Loading sched state-dict...
Updated Learning Rate(s): [1.29112494e-16]
TRAIN PSNR: 33.177 dB
Loss has diverged. Backtracking to trained_nets/LPDSNet/net.ckpt ...
Loading net state-dict...
Loading opt state-dict...
Loading sched state-dict...
Updated Learning Rate(s): [1.03289995e-16]
TRAIN PSNR: 33.085 dB
Loss has diverged. Backtracking to trained_nets/LPDSNet/net.ckpt ...
Loading net state-dict...
Loading opt state-dict...
Loading sched state-dict...
Updated Learning Rate(s): [8.26319961e-17]
TRAIN PSNR: 33.225 dB
Loss has diverged. Backtracking to trained_nets/LPDSNet/net.ckpt ...
Loading net state-dict...
Loading opt state-dict...
Loading sched state-dict...
Updated Learning Rate(s): [6.61055969e-17]
TRAIN PSNR: 33.461 dB
Loss has diverged. Backtracking to trained_nets/LPDSNet/net.ckpt ...
Loading net state-dict...
Loading opt state-dict...
Loading sched state-dict...
Updated Learning Rate(s): [5.28844775e-17]
TRAIN PSNR: 34.305 dB
Loss has diverged. Backtracking to trained_nets/LPDSNet/net.ckpt ...
Loading net state-dict...
Loading opt state-dict...
Loading sched state-dict...
Updated Learning Rate(s): [4.2307582e-17]
TRAIN PSNR: 33.040 dB
Loss has diverged. Backtracking to trained_nets/LPDSNet/net.ckpt ...
Loading net state-dict...
Loading opt state-dict...
Loading sched state-dict...
Updated Learning Rate(s): [3.38460656e-17]
TRAIN PSNR: 34.123 dB
Loss has diverged. Backtracking to trained_nets/LPDSNet/net.ckpt ...
Loading net state-dict...
Loading opt state-dict...
Loading sched state-dict...
Updated Learning Rate(s): [2.70768525e-17]
TRAIN PSNR: 33.600 dB
Loss has diverged. Backtracking to trained_nets/LPDSNet/net.ckpt ...
Loading net state-dict...
Loading opt state-dict...
Loading sched state-dict...
Updated Learning Rate(s): [2.1661482e-17]
TRAIN PSNR: 33.317 dB
Loss has diverged. Backtracking to trained_nets/LPDSNet/net.ckpt ...
Loading net state-dict...
Loading opt state-dict...
Loading sched state-dict...
Updated Learning Rate(s): [1.73291856e-17]
TRAIN PSNR: 33.722 dB
Loss has diverged. Backtracking to trained_nets/LPDSNet/net.ckpt ...
Loading net state-dict...
Loading opt state-dict...
Loading sched state-dict...
Updated Learning Rate(s): [1.38633485e-17]
TRAIN PSNR: 32.952 dB
Loss has diverged. Backtracking to trained_nets/LPDSNet/net.ckpt ...
Loading net state-dict...
Loading opt state-dict...
Loading sched state-dict...
Updated Learning Rate(s): [1.10906788e-17]
TRAIN PSNR: 34.987 dB
Loss has diverged. Backtracking to trained_nets/LPDSNet/net.ckpt ...
Loading net state-dict...
Loading opt state-dict...
Loading sched state-dict...
Updated Learning Rate(s): [8.87254302e-18]
TRAIN PSNR: 34.216 dB
Loss has diverged. Backtracking to trained_nets/LPDSNet/net.ckpt ...
Loading net state-dict...
Loading opt state-dict...
Loading sched state-dict...
Updated Learning Rate(s): [7.09803442e-18]
TRAIN PSNR: 34.175 dB
Loss has diverged. Backtracking to trained_nets/LPDSNet/net.ckpt ...
Loading net state-dict...
Loading opt state-dict...
Loading sched state-dict...
Updated Learning Rate(s): [5.67842753e-18]
TRAIN PSNR: 33.402 dB
Loss has diverged. Backtracking to trained_nets/LPDSNet/net.ckpt ...
Loading net state-dict...
Loading opt state-dict...
Loading sched state-dict...
Updated Learning Rate(s): [4.54274203e-18]
TRAIN PSNR: 32.639 dB
Loss has diverged. Backtracking to trained_nets/LPDSNet/net.ckpt ...
Loading net state-dict...
Loading opt state-dict...
Loading sched state-dict...
Updated Learning Rate(s): [3.63419362e-18]
TRAIN PSNR: 33.560 dB
Loss has diverged. Backtracking to trained_nets/LPDSNet/net.ckpt ...
Loading net state-dict...
Loading opt state-dict...
Loading sched state-dict...
Updated Learning Rate(s): [2.9073549e-18]
TRAIN PSNR: 33.958 dB
Loss has diverged. Backtracking to trained_nets/LPDSNet/net.ckpt ...
Loading net state-dict...
Loading opt state-dict...
Loading sched state-dict...
Updated Learning Rate(s): [2.32588392e-18]
TRAIN PSNR: 31.369 dB
Loss has diverged. Backtracking to trained_nets/LPDSNet/net.ckpt ...
Loading net state-dict...
Loading opt state-dict...
Loading sched state-dict...
Updated Learning Rate(s): [1.86070713e-18]
TRAIN PSNR: 34.613 dB
Loss has diverged. Backtracking to trained_nets/LPDSNet/net.ckpt ...
Loading net state-dict...
Loading opt state-dict...
Loading sched state-dict...
Updated Learning Rate(s): [1.48856571e-18]
TRAIN PSNR: 34.426 dB
Loss has diverged. Backtracking to trained_nets/LPDSNet/net.ckpt ...
Loading net state-dict...
Loading opt state-dict...
Loading sched state-dict...
Updated Learning Rate(s): [1.19085257e-18]
TRAIN PSNR: 32.938 dB
Loss has diverged. Backtracking to trained_nets/LPDSNet/net.ckpt ...
Loading net state-dict...
Loading opt state-dict...
Loading sched state-dict...
Updated Learning Rate(s): [9.52682053e-19]
TRAIN PSNR: 34.709 dB
Loss has diverged. Backtracking to trained_nets/LPDSNet/net.ckpt ...
Loading net state-dict...
Loading opt state-dict...
Loading sched state-dict...
Updated Learning Rate(s): [7.62145642e-19]
TRAIN PSNR: 34.023 dB
Loss has diverged. Backtracking to trained_nets/LPDSNet/net.ckpt ...
Loading net state-dict...
Loading opt state-dict...
Loading sched state-dict...
Updated Learning Rate(s): [6.09716514e-19]
TRAIN PSNR: 34.994 dB
Loss has diverged. Backtracking to trained_nets/LPDSNet/net.ckpt ...
Loading net state-dict...
Loading opt state-dict...
Loading sched state-dict...
Updated Learning Rate(s): [4.87773211e-19]
TRAIN PSNR: 34.018 dB
Loss has diverged. Backtracking to trained_nets/LPDSNet/net.ckpt ...
Loading net state-dict...
Loading opt state-dict...
Loading sched state-dict...
Updated Learning Rate(s): [3.90218569e-19]
TRAIN PSNR: 34.986 dB
Loss has diverged. Backtracking to trained_nets/LPDSNet/net.ckpt ...
Loading net state-dict...
Loading opt state-dict...
Loading sched state-dict...
Updated Learning Rate(s): [3.12174855e-19]
TRAIN PSNR: 32.458 dB
Loss has diverged. Backtracking to trained_nets/LPDSNet/net.ckpt ...
Loading net state-dict...
Loading opt state-dict...
Loading sched state-dict...
Updated Learning Rate(s): [2.49739884e-19]
TRAIN PSNR: 32.393 dB
Loss has diverged. Backtracking to trained_nets/LPDSNet/net.ckpt ...
Loading net state-dict...
Loading opt state-dict...
Loading sched state-dict...
Updated Learning Rate(s): [1.99791907e-19]
TRAIN PSNR: 33.941 dB
Loss has diverged. Backtracking to trained_nets/LPDSNet/net.ckpt ...
Loading net state-dict...
Loading opt state-dict...
Loading sched state-dict...
Updated Learning Rate(s): [1.59833526e-19]
TRAIN PSNR: 34.217 dB
Loss has diverged. Backtracking to trained_nets/LPDSNet/net.ckpt ...
Loading net state-dict...
Loading opt state-dict...
Loading sched state-dict...
Updated Learning Rate(s): [1.27866821e-19]
TRAIN PSNR: 32.988 dB
Loss has diverged. Backtracking to trained_nets/LPDSNet/net.ckpt ...
Loading net state-dict...
Loading opt state-dict...
Loading sched state-dict...
Updated Learning Rate(s): [1.02293456e-19]
TRAIN PSNR: 33.034 dB
Loss has diverged. Backtracking to trained_nets/LPDSNet/net.ckpt ...
Loading net state-dict...
Loading opt state-dict...
Loading sched state-dict...
Updated Learning Rate(s): [8.18347652e-20]
TRAIN PSNR: 33.605 dB
Loss has diverged. Backtracking to trained_nets/LPDSNet/net.ckpt ...
Loading net state-dict...
Loading opt state-dict...
Loading sched state-dict...
Updated Learning Rate(s): [6.54678122e-20]
TRAIN PSNR: 33.026 dB
Loss has diverged. Backtracking to trained_nets/LPDSNet/net.ckpt ...
Loading net state-dict...
Loading opt state-dict...
Loading sched state-dict...
Updated Learning Rate(s): [5.23742497e-20]
TRAIN PSNR: 33.073 dB
Loss has diverged. Backtracking to trained_nets/LPDSNet/net.ckpt ...
Loading net state-dict...
Loading opt state-dict...
Loading sched state-dict...
Updated Learning Rate(s): [4.18993998e-20]
TRAIN PSNR: 34.084 dB
Loss has diverged. Backtracking to trained_nets/LPDSNet/net.ckpt ...
Loading net state-dict...
Loading opt state-dict...
Loading sched state-dict...
Updated Learning Rate(s): [3.35195198e-20]
TRAIN PSNR: 32.876 dB
Loss has diverged. Backtracking to trained_nets/LPDSNet/net.ckpt ...
Loading net state-dict...
Loading opt state-dict...
Loading sched state-dict...
Updated Learning Rate(s): [2.68156159e-20]
TRAIN PSNR: 33.917 dB
Loss has diverged. Backtracking to trained_nets/LPDSNet/net.ckpt ...
Loading net state-dict...
Loading opt state-dict...
Loading sched state-dict...
Updated Learning Rate(s): [2.14524927e-20]
TRAIN PSNR: 35.027 dB
Loss has diverged. Backtracking to trained_nets/LPDSNet/net.ckpt ...
Loading net state-dict...
Loading opt state-dict...
Loading sched state-dict...
Updated Learning Rate(s): [1.71619942e-20]
TRAIN PSNR: 33.065 dB
Loss has diverged. Backtracking to trained_nets/LPDSNet/net.ckpt ...
Loading net state-dict...
Loading opt state-dict...
Loading sched state-dict...
Updated Learning Rate(s): [1.37295953e-20]
TRAIN PSNR: 34.036 dB
Loss has diverged. Backtracking to trained_nets/LPDSNet/net.ckpt ...
Loading net state-dict...
Loading opt state-dict...
Loading sched state-dict...
Updated Learning Rate(s): [1.09836763e-20]
TRAIN PSNR: 34.004 dB
Loss has diverged. Backtracking to trained_nets/LPDSNet/net.ckpt ...
Loading net state-dict...
Loading opt state-dict...
Loading sched state-dict...
Updated Learning Rate(s): [8.786941e-21]
TRAIN PSNR: 32.609 dB
Loss has diverged. Backtracking to trained_nets/LPDSNet/net.ckpt ...
Loading net state-dict...
Loading opt state-dict...
Loading sched state-dict...
Updated Learning Rate(s): [7.0295528e-21]
TRAIN PSNR: 32.465 dB
Loss has diverged. Backtracking to trained_nets/LPDSNet/net.ckpt ...
Loading net state-dict...
Loading opt state-dict...
Loading sched state-dict...
Updated Learning Rate(s): [5.62364224e-21]
TRAIN PSNR: 31.969 dB
Loss has diverged. Backtracking to trained_nets/LPDSNet/net.ckpt ...
Loading net state-dict...
Loading opt state-dict...
Loading sched state-dict...
Updated Learning Rate(s): [4.49891379e-21]
TRAIN PSNR: 34.929 dB
Loss has diverged. Backtracking to trained_nets/LPDSNet/net.ckpt ...
Loading net state-dict...
Loading opt state-dict...
Loading sched state-dict...
Updated Learning Rate(s): [3.59913104e-21]
TRAIN PSNR: 34.268 dB
Loss has diverged. Backtracking to trained_nets/LPDSNet/net.ckpt ...
Loading net state-dict...
Loading opt state-dict...
Loading sched state-dict...
Updated Learning Rate(s): [2.87930483e-21]
TRAIN PSNR: 32.642 dB
Loss has diverged. Backtracking to trained_nets/LPDSNet/net.ckpt ...
Loading net state-dict...
Loading opt state-dict...
Loading sched state-dict...
Updated Learning Rate(s): [2.30344386e-21]
TRAIN PSNR: 34.462 dB
Loss has diverged. Backtracking to trained_nets/LPDSNet/net.ckpt ...
Loading net state-dict...
Loading opt state-dict...
Loading sched state-dict...
Updated Learning Rate(s): [1.84275509e-21]
TRAIN PSNR: 33.276 dB
Loss has diverged. Backtracking to trained_nets/LPDSNet/net.ckpt ...
Loading net state-dict...
Loading opt state-dict...
Loading sched state-dict...
Updated Learning Rate(s): [1.47420407e-21]
TRAIN PSNR: 33.030 dB
Loss has diverged. Backtracking to trained_nets/LPDSNet/net.ckpt ...
Loading net state-dict...
Loading opt state-dict...
Loading sched state-dict...
Updated Learning Rate(s): [1.17936326e-21]
TRAIN PSNR: 35.300 dB
TRAIN PSNR: 34.327 dB
Loss has diverged. Backtracking to trained_nets/LPDSNet/net.ckpt ...
Loading net state-dict...
Loading opt state-dict...
Loading sched state-dict...
Updated Learning Rate(s): [9.43490606e-22]
TRAIN PSNR: 33.515 dB
Loss has diverged. Backtracking to trained_nets/LPDSNet/net.ckpt ...
Loading net state-dict...
Loading opt state-dict...
Loading sched state-dict...
Updated Learning Rate(s): [7.54792485e-22]
TRAIN PSNR: 35.351 dB
TRAIN PSNR: 33.649 dB
Loss has diverged. Backtracking to trained_nets/LPDSNet/net.ckpt ...
Loading net state-dict...
Loading opt state-dict...
Loading sched state-dict...
Updated Learning Rate(s): [6.03833988e-22]
TRAIN PSNR: 34.793 dB
Loss has diverged. Backtracking to trained_nets/LPDSNet/net.ckpt ...
Loading net state-dict...
Loading opt state-dict...
Loading sched state-dict...
Updated Learning Rate(s): [4.8306719e-22]
TRAIN PSNR: 33.770 dB
Loss has diverged. Backtracking to trained_nets/LPDSNet/net.ckpt ...
Loading net state-dict...
Loading opt state-dict...
Loading sched state-dict...
Updated Learning Rate(s): [3.86453752e-22]
TRAIN PSNR: 34.763 dB
Loss has diverged. Backtracking to trained_nets/LPDSNet/net.ckpt ...
Loading net state-dict...
Loading opt state-dict...
Loading sched state-dict...
Updated Learning Rate(s): [3.09163002e-22]
TRAIN PSNR: 34.863 dB
Loss has diverged. Backtracking to trained_nets/LPDSNet/net.ckpt ...
Loading net state-dict...
Loading opt state-dict...
Loading sched state-dict...
Updated Learning Rate(s): [2.47330401e-22]
TRAIN PSNR: 33.331 dB
Loss has diverged. Backtracking to trained_nets/LPDSNet/net.ckpt ...
Loading net state-dict...
Loading opt state-dict...
Loading sched state-dict...
Updated Learning Rate(s): [1.97864321e-22]
TRAIN PSNR: 32.928 dB
Loss has diverged. Backtracking to trained_nets/LPDSNet/net.ckpt ...
Loading net state-dict...
Loading opt state-dict...
Loading sched state-dict...
Updated Learning Rate(s): [1.58291457e-22]
TRAIN PSNR: 32.463 dB
Loss has diverged. Backtracking to trained_nets/LPDSNet/net.ckpt ...
Loading net state-dict...
Loading opt state-dict...
Loading sched state-dict...
Updated Learning Rate(s): [1.26633166e-22]
TRAIN PSNR: 33.233 dB
Loss has diverged. Backtracking to trained_nets/LPDSNet/net.ckpt ...
Loading net state-dict...
Loading opt state-dict...
Loading sched state-dict...
Updated Learning Rate(s): [1.01306532e-22]
TRAIN PSNR: 33.261 dB
Loss has diverged. Backtracking to trained_nets/LPDSNet/net.ckpt ...
Loading net state-dict...
Loading opt state-dict...
Loading sched state-dict...
Updated Learning Rate(s): [8.1045226e-23]
TRAIN PSNR: 34.300 dB
Loss has diverged. Backtracking to trained_nets/LPDSNet/net.ckpt ...
Loading net state-dict...
Loading opt state-dict...
Loading sched state-dict...
Updated Learning Rate(s): [6.48361808e-23]
TRAIN PSNR: 33.708 dB
Loss has diverged. Backtracking to trained_nets/LPDSNet/net.ckpt ...
Loading net state-dict...
Loading opt state-dict...
Loading sched state-dict...
Updated Learning Rate(s): [5.18689446e-23]
TRAIN PSNR: 33.763 dB
Loss has diverged. Backtracking to trained_nets/LPDSNet/net.ckpt ...
Loading net state-dict...
Loading opt state-dict...
Loading sched state-dict...
Updated Learning Rate(s): [4.14951557e-23]
TRAIN PSNR: 33.213 dB
Loss has diverged. Backtracking to trained_nets/LPDSNet/net.ckpt ...
Loading net state-dict...
Loading opt state-dict...
Loading sched state-dict...
Updated Learning Rate(s): [3.31961246e-23]
TRAIN PSNR: 33.069 dB
Loss has diverged. Backtracking to trained_nets/LPDSNet/net.ckpt ...
Loading net state-dict...
Loading opt state-dict...
Loading sched state-dict...
Updated Learning Rate(s): [2.65568996e-23]
TRAIN PSNR: 31.976 dB
Loss has diverged. Backtracking to trained_nets/LPDSNet/net.ckpt ...
Loading net state-dict...
Loading opt state-dict...
Loading sched state-dict...
Updated Learning Rate(s): [2.12455197e-23]
TRAIN PSNR: 33.161 dB
Loss has diverged. Backtracking to trained_nets/LPDSNet/net.ckpt ...
Loading net state-dict...
Loading opt state-dict...
Loading sched state-dict...
Updated Learning Rate(s): [1.69964158e-23]
TRAIN PSNR: 35.066 dB
Loss has diverged. Backtracking to trained_nets/LPDSNet/net.ckpt ...
Loading net state-dict...
Loading opt state-dict...
Loading sched state-dict...
Updated Learning Rate(s): [1.35971326e-23]
TRAIN PSNR: 33.663 dB
Loss has diverged. Backtracking to trained_nets/LPDSNet/net.ckpt ...
Loading net state-dict...
Loading opt state-dict...
Loading sched state-dict...
Updated Learning Rate(s): [1.08777061e-23]
TRAIN PSNR: 32.836 dB
Loss has diverged. Backtracking to trained_nets/LPDSNet/net.ckpt ...
Loading net state-dict...
Loading opt state-dict...
Loading sched state-dict...
Updated Learning Rate(s): [8.70216487e-24]
TRAIN PSNR: 34.089 dB
Loss has diverged. Backtracking to trained_nets/LPDSNet/net.ckpt ...
Loading net state-dict...
Loading opt state-dict...
Loading sched state-dict...
Updated Learning Rate(s): [6.9617319e-24]
TRAIN PSNR: 32.169 dB
Loss has diverged. Backtracking to trained_nets/LPDSNet/net.ckpt ...
Loading net state-dict...
Loading opt state-dict...
Loading sched state-dict...
Updated Learning Rate(s): [5.56938552e-24]
TRAIN PSNR: 33.111 dB
Loss has diverged. Backtracking to trained_nets/LPDSNet/net.ckpt ...
Loading net state-dict...
Loading opt state-dict...
Loading sched state-dict...
Updated Learning Rate(s): [4.45550842e-24]
TRAIN PSNR: 33.774 dB
Loss has diverged. Backtracking to trained_nets/LPDSNet/net.ckpt ...
Loading net state-dict...
Loading opt state-dict...
Loading sched state-dict...
Updated Learning Rate(s): [3.56440673e-24]
TRAIN PSNR: 33.564 dB
Loss has diverged. Backtracking to trained_nets/LPDSNet/net.ckpt ...
Loading net state-dict...
Loading opt state-dict...
Loading sched state-dict...
Updated Learning Rate(s): [2.85152539e-24]
TRAIN PSNR: 33.689 dB
Loss has diverged. Backtracking to trained_nets/LPDSNet/net.ckpt ...
Loading net state-dict...
Loading opt state-dict...
Loading sched state-dict...
Updated Learning Rate(s): [2.28122031e-24]
TRAIN PSNR: 33.059 dB
Loss has diverged. Backtracking to trained_nets/LPDSNet/net.ckpt ...
Loading net state-dict...
Loading opt state-dict...
Loading sched state-dict...
Updated Learning Rate(s): [1.82497625e-24]
TRAIN PSNR: 33.561 dB
Loss has diverged. Backtracking to trained_nets/LPDSNet/net.ckpt ...
Loading net state-dict...
Loading opt state-dict...
Loading sched state-dict...
Updated Learning Rate(s): [1.459981e-24]
TRAIN PSNR: 33.564 dB
Loss has diverged. Backtracking to trained_nets/LPDSNet/net.ckpt ...
Loading net state-dict...
Loading opt state-dict...
Loading sched state-dict...
Updated Learning Rate(s): [1.1679848e-24]
TRAIN PSNR: 34.267 dB
Loss has diverged. Backtracking to trained_nets/LPDSNet/net.ckpt ...
Loading net state-dict...
Loading opt state-dict...
Loading sched state-dict...
Updated Learning Rate(s): [9.34387838e-25]
TRAIN PSNR: 34.024 dB
Loss has diverged. Backtracking to trained_nets/LPDSNet/net.ckpt ...
Loading net state-dict...
Loading opt state-dict...
Loading sched state-dict...
Updated Learning Rate(s): [7.47510271e-25]
TRAIN PSNR: 33.251 dB
Loss has diverged. Backtracking to trained_nets/LPDSNet/net.ckpt ...
Loading net state-dict...
Loading opt state-dict...
Loading sched state-dict...
Updated Learning Rate(s): [5.98008217e-25]
TRAIN PSNR: 34.615 dB
Loss has diverged. Backtracking to trained_nets/LPDSNet/net.ckpt ...
Loading net state-dict...
Loading opt state-dict...
Loading sched state-dict...
Updated Learning Rate(s): [4.78406573e-25]
TRAIN PSNR: 33.415 dB
Loss has diverged. Backtracking to trained_nets/LPDSNet/net.ckpt ...
Loading net state-dict...
Loading opt state-dict...
Loading sched state-dict...
Updated Learning Rate(s): [3.82725259e-25]
TRAIN PSNR: 33.571 dB
Loss has diverged. Backtracking to trained_nets/LPDSNet/net.ckpt ...
Loading net state-dict...
Loading opt state-dict...
Loading sched state-dict...
Updated Learning Rate(s): [3.06180207e-25]
TRAIN PSNR: 33.089 dB
Loss has diverged. Backtracking to trained_nets/LPDSNet/net.ckpt ...
Loading net state-dict...
Loading opt state-dict...
Loading sched state-dict...
Updated Learning Rate(s): [2.44944166e-25]
TRAIN PSNR: 33.143 dB
Loss has diverged. Backtracking to trained_nets/LPDSNet/net.ckpt ...
Loading net state-dict...
Loading opt state-dict...
Loading sched state-dict...
Updated Learning Rate(s): [1.95955332e-25]
TRAIN PSNR: 34.343 dB
Loss has diverged. Backtracking to trained_nets/LPDSNet/net.ckpt ...
Loading net state-dict...
Loading opt state-dict...
Loading sched state-dict...
Updated Learning Rate(s): [1.56764266e-25]
TRAIN PSNR: 33.752 dB
Loss has diverged. Backtracking to trained_nets/LPDSNet/net.ckpt ...
Loading net state-dict...
Loading opt state-dict...
Loading sched state-dict...
Updated Learning Rate(s): [1.25411413e-25]
TRAIN PSNR: 32.652 dB
Loss has diverged. Backtracking to trained_nets/LPDSNet/net.ckpt ...
Loading net state-dict...
Loading opt state-dict...
Loading sched state-dict...
Updated Learning Rate(s): [1.0032913e-25]
TRAIN PSNR: 33.768 dB
Loss has diverged. Backtracking to trained_nets/LPDSNet/net.ckpt ...
Loading net state-dict...
Loading opt state-dict...
Loading sched state-dict...
Updated Learning Rate(s): [8.02633042e-26]
TRAIN PSNR: 35.094 dB
Loss has diverged. Backtracking to trained_nets/LPDSNet/net.ckpt ...
Loading net state-dict...
Loading opt state-dict...
Loading sched state-dict...
Updated Learning Rate(s): [6.42106433e-26]
TRAIN PSNR: 31.630 dB
Loss has diverged. Backtracking to trained_nets/LPDSNet/net.ckpt ...
Loading net state-dict...
Loading opt state-dict...
Loading sched state-dict...
Updated Learning Rate(s): [5.13685147e-26]
TRAIN PSNR: 33.631 dB
Loss has diverged. Backtracking to trained_nets/LPDSNet/net.ckpt ...
Loading net state-dict...
Loading opt state-dict...
Loading sched state-dict...
Updated Learning Rate(s): [4.10948117e-26]
TRAIN PSNR: 36.279 dB
TRAIN PSNR: 34.468 dB
Loss has diverged. Backtracking to trained_nets/LPDSNet/net.ckpt ...
Loading net state-dict...
Loading opt state-dict...
Loading sched state-dict...
Updated Learning Rate(s): [3.28758494e-26]
TRAIN PSNR: 33.003 dB
Loss has diverged. Backtracking to trained_nets/LPDSNet/net.ckpt ...
Loading net state-dict...
Loading opt state-dict...
Loading sched state-dict...
Updated Learning Rate(s): [2.63006795e-26]
TRAIN PSNR: 34.387 dB
Loss has diverged. Backtracking to trained_nets/LPDSNet/net.ckpt ...
Loading net state-dict...
Loading opt state-dict...
Loading sched state-dict...
Updated Learning Rate(s): [2.10405436e-26]
TRAIN PSNR: 33.970 dB
Loss has diverged. Backtracking to trained_nets/LPDSNet/net.ckpt ...
Loading net state-dict...
Loading opt state-dict...
Loading sched state-dict...
Updated Learning Rate(s): [1.68324349e-26]
TRAIN PSNR: 32.265 dB
Loss has diverged. Backtracking to trained_nets/LPDSNet/net.ckpt ...
Loading net state-dict...
Loading opt state-dict...
Loading sched state-dict...
Updated Learning Rate(s): [1.34659479e-26]
TRAIN PSNR: 33.558 dB
Loss has diverged. Backtracking to trained_nets/LPDSNet/net.ckpt ...
Loading net state-dict...
Loading opt state-dict...
Loading sched state-dict...
Updated Learning Rate(s): [1.07727583e-26]
TRAIN PSNR: 32.969 dB
Loss has diverged. Backtracking to trained_nets/LPDSNet/net.ckpt ...
Loading net state-dict...
Loading opt state-dict...
Loading sched state-dict...
Updated Learning Rate(s): [8.61820666e-27]
TRAIN PSNR: 33.318 dB
Loss has diverged. Backtracking to trained_nets/LPDSNet/net.ckpt ...
Loading net state-dict...
Loading opt state-dict...
Loading sched state-dict...
Updated Learning Rate(s): [6.89456533e-27]
TRAIN PSNR: 33.130 dB
Loss has diverged. Backtracking to trained_nets/LPDSNet/net.ckpt ...
Loading net state-dict...
Loading opt state-dict...
Loading sched state-dict...
Updated Learning Rate(s): [5.51565226e-27]
TRAIN PSNR: 34.265 dB
Loss has diverged. Backtracking to trained_nets/LPDSNet/net.ckpt ...
Loading net state-dict...
Loading opt state-dict...
Loading sched state-dict...
Updated Learning Rate(s): [4.41252181e-27]
TRAIN PSNR: 33.097 dB
Loss has diverged. Backtracking to trained_nets/LPDSNet/net.ckpt ...
Loading net state-dict...
Loading opt state-dict...
Loading sched state-dict...
Updated Learning Rate(s): [3.53001745e-27]
TRAIN PSNR: 33.775 dB
Loss has diverged. Backtracking to trained_nets/LPDSNet/net.ckpt ...
Loading net state-dict...
Loading opt state-dict...
Loading sched state-dict...
Updated Learning Rate(s): [2.82401396e-27]
TRAIN PSNR: 34.577 dB
Loss has diverged. Backtracking to trained_nets/LPDSNet/net.ckpt ...
Loading net state-dict...
Loading opt state-dict...
Loading sched state-dict...
Updated Learning Rate(s): [2.25921117e-27]
TRAIN PSNR: 33.358 dB
Loss has diverged. Backtracking to trained_nets/LPDSNet/net.ckpt ...
Loading net state-dict...
Loading opt state-dict...
Loading sched state-dict...
Updated Learning Rate(s): [1.80736893e-27]
TRAIN PSNR: 32.546 dB
Loss has diverged. Backtracking to trained_nets/LPDSNet/net.ckpt ...
Loading net state-dict...
Loading opt state-dict...
Loading sched state-dict...
Updated Learning Rate(s): [1.44589515e-27]
TRAIN PSNR: 33.662 dB
Loss has diverged. Backtracking to trained_nets/LPDSNet/net.ckpt ...
Loading net state-dict...
Loading opt state-dict...
Loading sched state-dict...
Updated Learning Rate(s): [1.15671612e-27]
TRAIN PSNR: 33.041 dB
Loss has diverged. Backtracking to trained_nets/LPDSNet/net.ckpt ...
Loading net state-dict...
Loading opt state-dict...
Loading sched state-dict...
Updated Learning Rate(s): [9.25372894e-28]
TRAIN PSNR: 33.631 dB
Loss has diverged. Backtracking to trained_nets/LPDSNet/net.ckpt ...
Loading net state-dict...
Loading opt state-dict...
Loading sched state-dict...
Updated Learning Rate(s): [7.40298315e-28]
TRAIN PSNR: 33.279 dB
Loss has diverged. Backtracking to trained_nets/LPDSNet/net.ckpt ...
Loading net state-dict...
Loading opt state-dict...
Loading sched state-dict...
Updated Learning Rate(s): [5.92238652e-28]
TRAIN PSNR: 31.383 dB
Loss has diverged. Backtracking to trained_nets/LPDSNet/net.ckpt ...
Loading net state-dict...
Loading opt state-dict...
Loading sched state-dict...
Updated Learning Rate(s): [4.73790922e-28]
TRAIN PSNR: 32.715 dB
Loss has diverged. Backtracking to trained_nets/LPDSNet/net.ckpt ...
Loading net state-dict...
Loading opt state-dict...
Loading sched state-dict...
Updated Learning Rate(s): [3.79032737e-28]
TRAIN PSNR: 33.290 dB
Loss has diverged. Backtracking to trained_nets/LPDSNet/net.ckpt ...
Loading net state-dict...
Loading opt state-dict...
Loading sched state-dict...
Updated Learning Rate(s): [3.0322619e-28]
TRAIN PSNR: 33.319 dB
Loss has diverged. Backtracking to trained_nets/LPDSNet/net.ckpt ...
Loading net state-dict...
Loading opt state-dict...
Loading sched state-dict...
Updated Learning Rate(s): [2.42580952e-28]
TRAIN PSNR: 33.551 dB
Loss has diverged. Backtracking to trained_nets/LPDSNet/net.ckpt ...
Loading net state-dict...
Loading opt state-dict...
Loading sched state-dict...
Updated Learning Rate(s): [1.94064762e-28]
TRAIN PSNR: 34.183 dB
Loss has diverged. Backtracking to trained_nets/LPDSNet/net.ckpt ...
Loading net state-dict...
Loading opt state-dict...
Loading sched state-dict...
Updated Learning Rate(s): [1.55251809e-28]
TRAIN PSNR: 32.487 dB
Loss has diverged. Backtracking to trained_nets/LPDSNet/net.ckpt ...
Loading net state-dict...
Loading opt state-dict...
Loading sched state-dict...
Updated Learning Rate(s): [1.24201447e-28]
TRAIN PSNR: 32.825 dB
Loss has diverged. Backtracking to trained_nets/LPDSNet/net.ckpt ...
Loading net state-dict...
Loading opt state-dict...
Loading sched state-dict...
Updated Learning Rate(s): [9.93611579e-29]
TRAIN PSNR: 34.376 dB
Loss has diverged. Backtracking to trained_nets/LPDSNet/net.ckpt ...
Loading net state-dict...
Loading opt state-dict...
Loading sched state-dict...
Updated Learning Rate(s): [7.94889263e-29]
TRAIN PSNR: 35.636 dB
TRAIN PSNR: 35.573 dB
TRAIN PSNR: 32.875 dB
Loss has diverged. Backtracking to trained_nets/LPDSNet/net.ckpt ...
Loading net state-dict...
Loading opt state-dict...
Loading sched state-dict...
Updated Learning Rate(s): [6.35911411e-29]
TRAIN PSNR: 34.558 dB
Loss has diverged. Backtracking to trained_nets/LPDSNet/net.ckpt ...
Loading net state-dict...
Loading opt state-dict...
Loading sched state-dict...
Updated Learning Rate(s): [5.08729128e-29]
TRAIN PSNR: 34.362 dB
Loss has diverged. Backtracking to trained_nets/LPDSNet/net.ckpt ...
Loading net state-dict...
Loading opt state-dict...
Loading sched state-dict...
Updated Learning Rate(s): [4.06983303e-29]
TRAIN PSNR: 32.339 dB
Loss has diverged. Backtracking to trained_nets/LPDSNet/net.ckpt ...
Loading net state-dict...
Loading opt state-dict...
Loading sched state-dict...
Updated Learning Rate(s): [3.25586642e-29]
TRAIN PSNR: 32.677 dB
Loss has diverged. Backtracking to trained_nets/LPDSNet/net.ckpt ...
Loading net state-dict...
Loading opt state-dict...
Loading sched state-dict...
Updated Learning Rate(s): [2.60469314e-29]
TRAIN PSNR: 34.563 dB
Loss has diverged. Backtracking to trained_nets/LPDSNet/net.ckpt ...
Loading net state-dict...
Loading opt state-dict...
Loading sched state-dict...
Updated Learning Rate(s): [2.08375451e-29]
TRAIN PSNR: 32.029 dB
Loss has diverged. Backtracking to trained_nets/LPDSNet/net.ckpt ...
Loading net state-dict...
Loading opt state-dict...
Loading sched state-dict...
Updated Learning Rate(s): [1.66700361e-29]
TRAIN PSNR: 35.447 dB
TRAIN PSNR: 32.833 dB
Loss has diverged. Backtracking to trained_nets/LPDSNet/net.ckpt ...
Loading net state-dict...
Loading opt state-dict...
Loading sched state-dict...
Updated Learning Rate(s): [1.33360289e-29]
TRAIN PSNR: 33.515 dB
Loss has diverged. Backtracking to trained_nets/LPDSNet/net.ckpt ...
Loading net state-dict...
Loading opt state-dict...
Loading sched state-dict...
Updated Learning Rate(s): [1.06688231e-29]
TRAIN PSNR: 31.879 dB
Loss has diverged. Backtracking to trained_nets/LPDSNet/net.ckpt ...
Loading net state-dict...
Loading opt state-dict...
Loading sched state-dict...
Updated Learning Rate(s): [8.53505847e-30]
TRAIN PSNR: 32.766 dB
Loss has diverged. Backtracking to trained_nets/LPDSNet/net.ckpt ...
Loading net state-dict...
Loading opt state-dict...
Loading sched state-dict...
Updated Learning Rate(s): [6.82804678e-30]
TRAIN PSNR: 34.354 dB
Loss has diverged. Backtracking to trained_nets/LPDSNet/net.ckpt ...
Loading net state-dict...
Loading opt state-dict...
Loading sched state-dict...
Updated Learning Rate(s): [5.46243742e-30]
TRAIN PSNR: 33.874 dB
Loss has diverged. Backtracking to trained_nets/LPDSNet/net.ckpt ...
Loading net state-dict...
Loading opt state-dict...
Loading sched state-dict...
Updated Learning Rate(s): [4.36994994e-30]
TRAIN PSNR: 32.496 dB
Loss has diverged. Backtracking to trained_nets/LPDSNet/net.ckpt ...
Loading net state-dict...
Loading opt state-dict...
Loading sched state-dict...
Updated Learning Rate(s): [3.49595995e-30]
TRAIN PSNR: 33.657 dB
Loss has diverged. Backtracking to trained_nets/LPDSNet/net.ckpt ...
Loading net state-dict...
Loading opt state-dict...
Loading sched state-dict...
Updated Learning Rate(s): [2.79676796e-30]
TRAIN PSNR: 34.277 dB
Loss has diverged. Backtracking to trained_nets/LPDSNet/net.ckpt ...
Loading net state-dict...
Loading opt state-dict...
Loading sched state-dict...
Updated Learning Rate(s): [2.23741437e-30]
TRAIN PSNR: 33.972 dB
Loss has diverged. Backtracking to trained_nets/LPDSNet/net.ckpt ...
Loading net state-dict...
Loading opt state-dict...
Loading sched state-dict...
Updated Learning Rate(s): [1.78993149e-30]
TRAIN PSNR: 34.096 dB
Loss has diverged. Backtracking to trained_nets/LPDSNet/net.ckpt ...
Loading net state-dict...
Loading opt state-dict...
Loading sched state-dict...
Updated Learning Rate(s): [1.4319452e-30]
TRAIN PSNR: 33.984 dB
Loss has diverged. Backtracking to trained_nets/LPDSNet/net.ckpt ...
Loading net state-dict...
Loading opt state-dict...
Loading sched state-dict...
Updated Learning Rate(s): [1.14555616e-30]
TRAIN PSNR: 35.232 dB
Loss has diverged. Backtracking to trained_nets/LPDSNet/net.ckpt ...
Loading net state-dict...
Loading opt state-dict...
Loading sched state-dict...
Updated Learning Rate(s): [9.16444925e-31]
TRAIN PSNR: 34.240 dB
Loss has diverged. Backtracking to trained_nets/LPDSNet/net.ckpt ...
Loading net state-dict...
Loading opt state-dict...
Loading sched state-dict...
Updated Learning Rate(s): [7.3315594e-31]
TRAIN PSNR: 33.771 dB
Loss has diverged. Backtracking to trained_nets/LPDSNet/net.ckpt ...
Loading net state-dict...
Loading opt state-dict...
Loading sched state-dict...
Updated Learning Rate(s): [5.86524752e-31]
TRAIN PSNR: 34.374 dB
Loss has diverged. Backtracking to trained_nets/LPDSNet/net.ckpt ...
Loading net state-dict...
Loading opt state-dict...
Loading sched state-dict...
Updated Learning Rate(s): [4.69219802e-31]
TRAIN PSNR: 33.171 dB
Loss has diverged. Backtracking to trained_nets/LPDSNet/net.ckpt ...
Loading net state-dict...
Loading opt state-dict...
Loading sched state-dict...
Updated Learning Rate(s): [3.75375841e-31]
TRAIN PSNR: 31.757 dB
Loss has diverged. Backtracking to trained_nets/LPDSNet/net.ckpt ...
Loading net state-dict...
Loading opt state-dict...
Loading sched state-dict...
Updated Learning Rate(s): [3.00300673e-31]
TRAIN PSNR: 34.382 dB
Loss has diverged. Backtracking to trained_nets/LPDSNet/net.ckpt ...
Loading net state-dict...
Loading opt state-dict...
Loading sched state-dict...
Updated Learning Rate(s): [2.40240539e-31]
TRAIN PSNR: 33.929 dB
Loss has diverged. Backtracking to trained_nets/LPDSNet/net.ckpt ...
Loading net state-dict...
Loading opt state-dict...
Loading sched state-dict...
Updated Learning Rate(s): [1.92192431e-31]
TRAIN PSNR: 34.239 dB
Loss has diverged. Backtracking to trained_nets/LPDSNet/net.ckpt ...
Loading net state-dict...
Loading opt state-dict...
Loading sched state-dict...
Updated Learning Rate(s): [1.53753945e-31]
TRAIN PSNR: 34.039 dB
Loss has diverged. Backtracking to trained_nets/LPDSNet/net.ckpt ...
Loading net state-dict...
Loading opt state-dict...
Loading sched state-dict...
Updated Learning Rate(s): [1.23003156e-31]
TRAIN PSNR: 33.188 dB
Loss has diverged. Backtracking to trained_nets/LPDSNet/net.ckpt ...
Loading net state-dict...
Loading opt state-dict...
Loading sched state-dict...
Updated Learning Rate(s): [9.84025246e-32]
TRAIN PSNR: 33.445 dB
Loss has diverged. Backtracking to trained_nets/LPDSNet/net.ckpt ...
Loading net state-dict...
Loading opt state-dict...
Loading sched state-dict...
Updated Learning Rate(s): [7.87220197e-32]
TRAIN PSNR: 36.235 dB
TRAIN PSNR: 32.865 dB
Loss has diverged. Backtracking to trained_nets/LPDSNet/net.ckpt ...
Loading net state-dict...
Loading opt state-dict...
Loading sched state-dict...
Updated Learning Rate(s): [6.29776157e-32]
TRAIN PSNR: 33.288 dB
Loss has diverged. Backtracking to trained_nets/LPDSNet/net.ckpt ...
Loading net state-dict...
Loading opt state-dict...
Loading sched state-dict...
Updated Learning Rate(s): [5.03820926e-32]
TRAIN PSNR: 34.422 dB
Loss has diverged. Backtracking to trained_nets/LPDSNet/net.ckpt ...
Loading net state-dict...
Loading opt state-dict...
Loading sched state-dict...
Updated Learning Rate(s): [4.03056741e-32]
TRAIN PSNR: 33.369 dB
Loss has diverged. Backtracking to trained_nets/LPDSNet/net.ckpt ...
Loading net state-dict...
Loading opt state-dict...
Loading sched state-dict...
Updated Learning Rate(s): [3.22445393e-32]
TRAIN PSNR: 32.071 dB
Loss has diverged. Backtracking to trained_nets/LPDSNet/net.ckpt ...
Loading net state-dict...
Loading opt state-dict...
Loading sched state-dict...
Updated Learning Rate(s): [2.57956314e-32]
TRAIN PSNR: 32.684 dB
Loss has diverged. Backtracking to trained_nets/LPDSNet/net.ckpt ...
Loading net state-dict...
Loading opt state-dict...
Loading sched state-dict...
Updated Learning Rate(s): [2.06365051e-32]
TRAIN PSNR: 31.299 dB
Loss has diverged. Backtracking to trained_nets/LPDSNet/net.ckpt ...
Loading net state-dict...
Loading opt state-dict...
Loading sched state-dict...
Updated Learning Rate(s): [1.65092041e-32]
TRAIN PSNR: 34.047 dB
Loss has diverged. Backtracking to trained_nets/LPDSNet/net.ckpt ...
Loading net state-dict...
Loading opt state-dict...
Loading sched state-dict...
Updated Learning Rate(s): [1.32073633e-32]
TRAIN PSNR: 33.016 dB
Loss has diverged. Backtracking to trained_nets/LPDSNet/net.ckpt ...
Loading net state-dict...
Loading opt state-dict...
Loading sched state-dict...
Updated Learning Rate(s): [1.05658906e-32]
TRAIN PSNR: 33.730 dB
Loss has diverged. Backtracking to trained_nets/LPDSNet/net.ckpt ...
Loading net state-dict...
Loading opt state-dict...
Loading sched state-dict...
Updated Learning Rate(s): [8.4527125e-33]
TRAIN PSNR: 32.990 dB
Loss has diverged. Backtracking to trained_nets/LPDSNet/net.ckpt ...
Loading net state-dict...
Loading opt state-dict...
Loading sched state-dict...
Updated Learning Rate(s): [6.76217e-33]
TRAIN PSNR: 34.653 dB
Loss has diverged. Backtracking to trained_nets/LPDSNet/net.ckpt ...
Loading net state-dict...
Loading opt state-dict...
Loading sched state-dict...
Updated Learning Rate(s): [5.409736e-33]
TRAIN PSNR: 33.357 dB
Loss has diverged. Backtracking to trained_nets/LPDSNet/net.ckpt ...
Loading net state-dict...
Loading opt state-dict...
Loading sched state-dict...
Updated Learning Rate(s): [4.3277888e-33]
TRAIN PSNR: 31.898 dB
Loss has diverged. Backtracking to trained_nets/LPDSNet/net.ckpt ...
Loading net state-dict...
Loading opt state-dict...
Loading sched state-dict...
Updated Learning Rate(s): [3.46223104e-33]
TRAIN PSNR: 34.771 dB
Loss has diverged. Backtracking to trained_nets/LPDSNet/net.ckpt ...
Loading net state-dict...
Loading opt state-dict...
Loading sched state-dict...
Updated Learning Rate(s): [2.76978483e-33]
TRAIN PSNR: 32.341 dB
Loss has diverged. Backtracking to trained_nets/LPDSNet/net.ckpt ...
Loading net state-dict...
Loading opt state-dict...
Loading sched state-dict...
Updated Learning Rate(s): [2.21582787e-33]
TRAIN PSNR: 34.844 dB
Loss has diverged. Backtracking to trained_nets/LPDSNet/net.ckpt ...
Loading net state-dict...
Loading opt state-dict...
Loading sched state-dict...
Updated Learning Rate(s): [1.77266229e-33]
TRAIN PSNR: 32.866 dB
Loss has diverged. Backtracking to trained_nets/LPDSNet/net.ckpt ...
Loading net state-dict...
Loading opt state-dict...
Loading sched state-dict...
Updated Learning Rate(s): [1.41812983e-33]
TRAIN PSNR: 31.463 dB
Loss has diverged. Backtracking to trained_nets/LPDSNet/net.ckpt ...
Loading net state-dict...
Loading opt state-dict...
Loading sched state-dict...
Updated Learning Rate(s): [1.13450387e-33]
TRAIN PSNR: 31.907 dB
Loss has diverged. Backtracking to trained_nets/LPDSNet/net.ckpt ...
Loading net state-dict...
Loading opt state-dict...
Loading sched state-dict...
Updated Learning Rate(s): [9.07603094e-34]
TRAIN PSNR: 33.279 dB
Loss has diverged. Backtracking to trained_nets/LPDSNet/net.ckpt ...
Loading net state-dict...
Loading opt state-dict...
Loading sched state-dict...
Updated Learning Rate(s): [7.26082475e-34]
TRAIN PSNR: 33.970 dB
Loss has diverged. Backtracking to trained_nets/LPDSNet/net.ckpt ...
Loading net state-dict...
Loading opt state-dict...
Loading sched state-dict...
Updated Learning Rate(s): [5.8086598e-34]
TRAIN PSNR: 35.146 dB
Loss has diverged. Backtracking to trained_nets/LPDSNet/net.ckpt ...
Loading net state-dict...
Loading opt state-dict...
Loading sched state-dict...
Updated Learning Rate(s): [4.64692784e-34]
TRAIN PSNR: 32.671 dB
Loss has diverged. Backtracking to trained_nets/LPDSNet/net.ckpt ...
Loading net state-dict...
Loading opt state-dict...
Loading sched state-dict...
Updated Learning Rate(s): [3.71754227e-34]
TRAIN PSNR: 33.586 dB
Loss has diverged. Backtracking to trained_nets/LPDSNet/net.ckpt ...
Loading net state-dict...
Loading opt state-dict...
Loading sched state-dict...
Updated Learning Rate(s): [2.97403382e-34]
TRAIN PSNR: 33.083 dB
Loss has diverged. Backtracking to trained_nets/LPDSNet/net.ckpt ...
Loading net state-dict...
Loading opt state-dict...
Loading sched state-dict...
Updated Learning Rate(s): [2.37922705e-34]
TRAIN PSNR: 33.879 dB
Loss has diverged. Backtracking to trained_nets/LPDSNet/net.ckpt ...
Loading net state-dict...
Loading opt state-dict...
Loading sched state-dict...
Updated Learning Rate(s): [1.90338164e-34]
TRAIN PSNR: 33.341 dB
Loss has diverged. Backtracking to trained_nets/LPDSNet/net.ckpt ...
Loading net state-dict...
Loading opt state-dict...
Loading sched state-dict...
Updated Learning Rate(s): [1.52270531e-34]
TRAIN PSNR: 31.386 dB
Loss has diverged. Backtracking to trained_nets/LPDSNet/net.ckpt ...
Loading net state-dict...
Loading opt state-dict...
Loading sched state-dict...
Updated Learning Rate(s): [1.21816425e-34]
TRAIN PSNR: 34.251 dB
Loss has diverged. Backtracking to trained_nets/LPDSNet/net.ckpt ...
Loading net state-dict...
Loading opt state-dict...
Loading sched state-dict...
Updated Learning Rate(s): [9.74531401e-35]
TRAIN PSNR: 33.085 dB
Loss has diverged. Backtracking to trained_nets/LPDSNet/net.ckpt ...
Loading net state-dict...
Loading opt state-dict...
Loading sched state-dict...
Updated Learning Rate(s): [7.79625121e-35]
TRAIN PSNR: 32.942 dB
Loss has diverged. Backtracking to trained_nets/LPDSNet/net.ckpt ...
Loading net state-dict...
Loading opt state-dict...
Loading sched state-dict...
Updated Learning Rate(s): [6.23700097e-35]
TRAIN PSNR: 33.584 dB
Loss has diverged. Backtracking to trained_nets/LPDSNet/net.ckpt ...
Loading net state-dict...
Loading opt state-dict...
Loading sched state-dict...
Updated Learning Rate(s): [4.98960077e-35]
TRAIN PSNR: 33.797 dB
Loss has diverged. Backtracking to trained_nets/LPDSNet/net.ckpt ...
Loading net state-dict...
Loading opt state-dict...
Loading sched state-dict...
Updated Learning Rate(s): [3.99168062e-35]
TRAIN PSNR: 34.040 dB
Loss has diverged. Backtracking to trained_nets/LPDSNet/net.ckpt ...
Loading net state-dict...
Loading opt state-dict...
Loading sched state-dict...
Updated Learning Rate(s): [3.1933445e-35]
TRAIN PSNR: 33.486 dB
Loss has diverged. Backtracking to trained_nets/LPDSNet/net.ckpt ...
Loading net state-dict...
Loading opt state-dict...
Loading sched state-dict...
Updated Learning Rate(s): [2.5546756e-35]
TRAIN PSNR: 32.850 dB
Loss has diverged. Backtracking to trained_nets/LPDSNet/net.ckpt ...
Loading net state-dict...
Loading opt state-dict...
Loading sched state-dict...
Updated Learning Rate(s): [2.04374048e-35]
TRAIN PSNR: 32.913 dB
Loss has diverged. Backtracking to trained_nets/LPDSNet/net.ckpt ...
Loading net state-dict...
Loading opt state-dict...
Loading sched state-dict...
Updated Learning Rate(s): [1.63499238e-35]
TRAIN PSNR: 32.032 dB
Loss has diverged. Backtracking to trained_nets/LPDSNet/net.ckpt ...
Loading net state-dict...
Loading opt state-dict...
Loading sched state-dict...
Updated Learning Rate(s): [1.30799391e-35]
TRAIN PSNR: 33.180 dB
Loss has diverged. Backtracking to trained_nets/LPDSNet/net.ckpt ...
Loading net state-dict...
Loading opt state-dict...
Loading sched state-dict...
Updated Learning Rate(s): [1.04639512e-35]
TRAIN PSNR: 34.573 dB
Loss has diverged. Backtracking to trained_nets/LPDSNet/net.ckpt ...
Loading net state-dict...
Loading opt state-dict...
Loading sched state-dict...
Updated Learning Rate(s): [8.37116099e-36]
TRAIN PSNR: 33.058 dB
Loss has diverged. Backtracking to trained_nets/LPDSNet/net.ckpt ...
Loading net state-dict...
Loading opt state-dict...
Loading sched state-dict...
Updated Learning Rate(s): [6.69692879e-36]
TRAIN PSNR: 32.824 dB
Loss has diverged. Backtracking to trained_nets/LPDSNet/net.ckpt ...
Loading net state-dict...
Loading opt state-dict...
Loading sched state-dict...
Updated Learning Rate(s): [5.35754304e-36]
TRAIN PSNR: 32.984 dB
Loss has diverged. Backtracking to trained_nets/LPDSNet/net.ckpt ...
Loading net state-dict...
Loading opt state-dict...
Loading sched state-dict...
Updated Learning Rate(s): [4.28603443e-36]
TRAIN PSNR: 34.064 dB
Loss has diverged. Backtracking to trained_nets/LPDSNet/net.ckpt ...
Loading net state-dict...
Loading opt state-dict...
Loading sched state-dict...
Updated Learning Rate(s): [3.42882754e-36]
TRAIN PSNR: 33.797 dB
Loss has diverged. Backtracking to trained_nets/LPDSNet/net.ckpt ...
Loading net state-dict...
Loading opt state-dict...
Loading sched state-dict...
Updated Learning Rate(s): [2.74306203e-36]
TRAIN PSNR: 33.959 dB
Loss has diverged. Backtracking to trained_nets/LPDSNet/net.ckpt ...
Loading net state-dict...
Loading opt state-dict...
Loading sched state-dict...
Updated Learning Rate(s): [2.19444963e-36]
TRAIN PSNR: 31.362 dB
Loss has diverged. Backtracking to trained_nets/LPDSNet/net.ckpt ...
Loading net state-dict...
Loading opt state-dict...
Loading sched state-dict...
Updated Learning Rate(s): [1.7555597e-36]
TRAIN PSNR: 33.816 dB
Loss has diverged. Backtracking to trained_nets/LPDSNet/net.ckpt ...
Loading net state-dict...
Loading opt state-dict...
Loading sched state-dict...
Updated Learning Rate(s): [1.40444776e-36]
TRAIN PSNR: 34.351 dB
Loss has diverged. Backtracking to trained_nets/LPDSNet/net.ckpt ...
Loading net state-dict...
Loading opt state-dict...
Loading sched state-dict...
Updated Learning Rate(s): [1.12355821e-36]
TRAIN PSNR: 34.030 dB
Loss has diverged. Backtracking to trained_nets/LPDSNet/net.ckpt ...
Loading net state-dict...
Loading opt state-dict...
Loading sched state-dict...
Updated Learning Rate(s): [8.98846567e-37]
TRAIN PSNR: 33.630 dB
Loss has diverged. Backtracking to trained_nets/LPDSNet/net.ckpt ...
Loading net state-dict...
Loading opt state-dict...
Loading sched state-dict...
Updated Learning Rate(s): [7.19077254e-37]
TRAIN PSNR: 34.871 dB
Loss has diverged. Backtracking to trained_nets/LPDSNet/net.ckpt ...
Loading net state-dict...
Loading opt state-dict...
Loading sched state-dict...
Updated Learning Rate(s): [5.75261803e-37]
TRAIN PSNR: 33.907 dB
Loss has diverged. Backtracking to trained_nets/LPDSNet/net.ckpt ...
Loading net state-dict...
Loading opt state-dict...
Loading sched state-dict...
Updated Learning Rate(s): [4.60209443e-37]
TRAIN PSNR: 33.909 dB
Loss has diverged. Backtracking to trained_nets/LPDSNet/net.ckpt ...
Loading net state-dict...
Loading opt state-dict...
Loading sched state-dict...
Updated Learning Rate(s): [3.68167554e-37]
TRAIN PSNR: 35.142 dB
Loss has diverged. Backtracking to trained_nets/LPDSNet/net.ckpt ...
Loading net state-dict...
Loading opt state-dict...
Loading sched state-dict...
Updated Learning Rate(s): [2.94534043e-37]
TRAIN PSNR: 32.598 dB
Loss has diverged. Backtracking to trained_nets/LPDSNet/net.ckpt ...
Loading net state-dict...
Loading opt state-dict...
Loading sched state-dict...
Updated Learning Rate(s): [2.35627235e-37]
TRAIN PSNR: 33.994 dB
Loss has diverged. Backtracking to trained_nets/LPDSNet/net.ckpt ...
Loading net state-dict...
Loading opt state-dict...
Loading sched state-dict...
Updated Learning Rate(s): [1.88501788e-37]
TRAIN PSNR: 33.859 dB
Loss has diverged. Backtracking to trained_nets/LPDSNet/net.ckpt ...
Loading net state-dict...
Loading opt state-dict...
Loading sched state-dict...
Updated Learning Rate(s): [1.5080143e-37]
TRAIN PSNR: 34.022 dB
Loss has diverged. Backtracking to trained_nets/LPDSNet/net.ckpt ...
Loading net state-dict...
Loading opt state-dict...
Loading sched state-dict...
Updated Learning Rate(s): [1.20641144e-37]
TRAIN PSNR: 33.552 dB
Loss has diverged. Backtracking to trained_nets/LPDSNet/net.ckpt ...
Loading net state-dict...
Loading opt state-dict...
Loading sched state-dict...
Updated Learning Rate(s): [9.65129153e-38]
TRAIN PSNR: 34.117 dB
Loss has diverged. Backtracking to trained_nets/LPDSNet/net.ckpt ...
Loading net state-dict...
Loading opt state-dict...
Loading sched state-dict...
Updated Learning Rate(s): [7.72103322e-38]
TRAIN PSNR: 33.143 dB
Loss has diverged. Backtracking to trained_nets/LPDSNet/net.ckpt ...
Loading net state-dict...
Loading opt state-dict...
Loading sched state-dict...
Updated Learning Rate(s): [6.17682658e-38]
TRAIN PSNR: 32.648 dB
Loss has diverged. Backtracking to trained_nets/LPDSNet/net.ckpt ...
Loading net state-dict...
Loading opt state-dict...
Loading sched state-dict...
Updated Learning Rate(s): [4.94146126e-38]
TRAIN PSNR: 34.502 dB
Loss has diverged. Backtracking to trained_nets/LPDSNet/net.ckpt ...
Loading net state-dict...
Loading opt state-dict...
Loading sched state-dict...
Updated Learning Rate(s): [3.95316901e-38]
TRAIN PSNR: 32.529 dB
Loss has diverged. Backtracking to trained_nets/LPDSNet/net.ckpt ...
Loading net state-dict...
Loading opt state-dict...
Loading sched state-dict...
Updated Learning Rate(s): [3.16253521e-38]
TRAIN PSNR: 33.353 dB
Loss has diverged. Backtracking to trained_nets/LPDSNet/net.ckpt ...
Loading net state-dict...
Loading opt state-dict...
Loading sched state-dict...
Updated Learning Rate(s): [2.53002817e-38]
TRAIN PSNR: 33.838 dB
Loss has diverged. Backtracking to trained_nets/LPDSNet/net.ckpt ...
Loading net state-dict...
Loading opt state-dict...
Loading sched state-dict...
Updated Learning Rate(s): [2.02402253e-38]
TRAIN PSNR: 33.612 dB
Loss has diverged. Backtracking to trained_nets/LPDSNet/net.ckpt ...
Loading net state-dict...
Loading opt state-dict...
Loading sched state-dict...
Updated Learning Rate(s): [1.61921803e-38]
TRAIN PSNR: 34.011 dB
Loss has diverged. Backtracking to trained_nets/LPDSNet/net.ckpt ...
Loading net state-dict...
Loading opt state-dict...
Loading sched state-dict...
Updated Learning Rate(s): [1.29537442e-38]
TRAIN PSNR: 33.353 dB
Loss has diverged. Backtracking to trained_nets/LPDSNet/net.ckpt ...
Loading net state-dict...
Loading opt state-dict...
Loading sched state-dict...
Updated Learning Rate(s): [1.03629954e-38]
TRAIN PSNR: 33.392 dB
Loss has diverged. Backtracking to trained_nets/LPDSNet/net.ckpt ...
Loading net state-dict...
Loading opt state-dict...
Loading sched state-dict...
Updated Learning Rate(s): [8.2903963e-39]
TRAIN PSNR: 34.133 dB
Loss has diverged. Backtracking to trained_nets/LPDSNet/net.ckpt ...
Loading net state-dict...
Loading opt state-dict...
Loading sched state-dict...
Updated Learning Rate(s): [6.63231704e-39]
TRAIN PSNR: 33.495 dB
Loss has diverged. Backtracking to trained_nets/LPDSNet/net.ckpt ...
Loading net state-dict...
Loading opt state-dict...
Loading sched state-dict...
Updated Learning Rate(s): [5.30585363e-39]
TRAIN PSNR: 33.880 dB
Loss has diverged. Backtracking to trained_nets/LPDSNet/net.ckpt ...
Loading net state-dict...
Loading opt state-dict...
Loading sched state-dict...
Updated Learning Rate(s): [4.2446829e-39]
TRAIN PSNR: 33.601 dB
Loss has diverged. Backtracking to trained_nets/LPDSNet/net.ckpt ...
Loading net state-dict...
Loading opt state-dict...
Loading sched state-dict...
Updated Learning Rate(s): [3.39574632e-39]
TRAIN PSNR: 33.644 dB
Loss has diverged. Backtracking to trained_nets/LPDSNet/net.ckpt ...
Loading net state-dict...
Loading opt state-dict...
Loading sched state-dict...
Updated Learning Rate(s): [2.71659706e-39]
TRAIN PSNR: 32.330 dB
Loss has diverged. Backtracking to trained_nets/LPDSNet/net.ckpt ...
Loading net state-dict...
Loading opt state-dict...
Loading sched state-dict...
Updated Learning Rate(s): [2.17327765e-39]
TRAIN PSNR: 34.417 dB
Loss has diverged. Backtracking to trained_nets/LPDSNet/net.ckpt ...
Loading net state-dict...
Loading opt state-dict...
Loading sched state-dict...
Updated Learning Rate(s): [1.73862212e-39]
TRAIN PSNR: 33.187 dB
Loss has diverged. Backtracking to trained_nets/LPDSNet/net.ckpt ...
Loading net state-dict...
Loading opt state-dict...
Loading sched state-dict...
Updated Learning Rate(s): [1.39089769e-39]
TRAIN PSNR: 33.125 dB
Loss has diverged. Backtracking to trained_nets/LPDSNet/net.ckpt ...
Loading net state-dict...
Loading opt state-dict...
Loading sched state-dict...
Updated Learning Rate(s): [1.11271815e-39]
TRAIN PSNR: 33.450 dB
Loss has diverged. Backtracking to trained_nets/LPDSNet/net.ckpt ...
Loading net state-dict...
Loading opt state-dict...
Loading sched state-dict...
Updated Learning Rate(s): [8.90174524e-40]
TRAIN PSNR: 32.179 dB
Loss has diverged. Backtracking to trained_nets/LPDSNet/net.ckpt ...
Loading net state-dict...
Loading opt state-dict...
Loading sched state-dict...
Updated Learning Rate(s): [7.12139619e-40]
TRAIN PSNR: 32.737 dB
Loss has diverged. Backtracking to trained_nets/LPDSNet/net.ckpt ...
Loading net state-dict...
Loading opt state-dict...
Loading sched state-dict...
Updated Learning Rate(s): [5.69711695e-40]
TRAIN PSNR: 33.156 dB
Loss has diverged. Backtracking to trained_nets/LPDSNet/net.ckpt ...
Loading net state-dict...
Loading opt state-dict...
Loading sched state-dict...
Updated Learning Rate(s): [4.55769356e-40]
TRAIN PSNR: 32.815 dB
Loss has diverged. Backtracking to trained_nets/LPDSNet/net.ckpt ...
Loading net state-dict...
Loading opt state-dict...
Loading sched state-dict...
Updated Learning Rate(s): [3.64615485e-40]
TRAIN PSNR: 34.165 dB
Loss has diverged. Backtracking to trained_nets/LPDSNet/net.ckpt ...
Loading net state-dict...
Loading opt state-dict...
Loading sched state-dict...
Updated Learning Rate(s): [2.91692388e-40]
TRAIN PSNR: 35.357 dB
TRAIN PSNR: 33.928 dB
Loss has diverged. Backtracking to trained_nets/LPDSNet/net.ckpt ...
Loading net state-dict...
Loading opt state-dict...
Loading sched state-dict...
Updated Learning Rate(s): [2.3335391e-40]
TRAIN PSNR: 35.434 dB
TRAIN PSNR: 35.184 dB
Loss has diverged. Backtracking to trained_nets/LPDSNet/net.ckpt ...
Loading net state-dict...
Loading opt state-dict...
Loading sched state-dict...
Updated Learning Rate(s): [1.86683128e-40]
TRAIN PSNR: 35.428 dB
TRAIN PSNR: 34.158 dB
Loss has diverged. Backtracking to trained_nets/LPDSNet/net.ckpt ...
Loading net state-dict...
Loading opt state-dict...
Loading sched state-dict...
Updated Learning Rate(s): [1.49346503e-40]
TRAIN PSNR: 34.382 dB
Loss has diverged. Backtracking to trained_nets/LPDSNet/net.ckpt ...
Loading net state-dict...
Loading opt state-dict...
Loading sched state-dict...
Updated Learning Rate(s): [1.19477202e-40]
TRAIN PSNR: 33.779 dB
Loss has diverged. Backtracking to trained_nets/LPDSNet/net.ckpt ...
Loading net state-dict...
Loading opt state-dict...
Loading sched state-dict...
Updated Learning Rate(s): [9.55817617e-41]
TRAIN PSNR: 31.709 dB
Loss has diverged. Backtracking to trained_nets/LPDSNet/net.ckpt ...
Loading net state-dict...
Loading opt state-dict...
Loading sched state-dict...
Updated Learning Rate(s): [7.64654094e-41]
TRAIN PSNR: 33.916 dB
Loss has diverged. Backtracking to trained_nets/LPDSNet/net.ckpt ...
Loading net state-dict...
Loading opt state-dict...
Loading sched state-dict...
Updated Learning Rate(s): [6.11723275e-41]
TRAIN PSNR: 32.787 dB
Loss has diverged. Backtracking to trained_nets/LPDSNet/net.ckpt ...
Loading net state-dict...
Loading opt state-dict...
Loading sched state-dict...
Updated Learning Rate(s): [4.8937862e-41]
TRAIN PSNR: 33.070 dB
Loss has diverged. Backtracking to trained_nets/LPDSNet/net.ckpt ...
Loading net state-dict...
Loading opt state-dict...
Loading sched state-dict...
Updated Learning Rate(s): [3.91502896e-41]
TRAIN PSNR: 33.809 dB
Loss has diverged. Backtracking to trained_nets/LPDSNet/net.ckpt ...
Loading net state-dict...
Loading opt state-dict...
Loading sched state-dict...
Updated Learning Rate(s): [3.13202317e-41]
TRAIN PSNR: 34.659 dB
Loss has diverged. Backtracking to trained_nets/LPDSNet/net.ckpt ...
Loading net state-dict...
Loading opt state-dict...
Loading sched state-dict...
Updated Learning Rate(s): [2.50561853e-41]
TRAIN PSNR: 34.340 dB
Loss has diverged. Backtracking to trained_nets/LPDSNet/net.ckpt ...
Loading net state-dict...
Loading opt state-dict...
Loading sched state-dict...
Updated Learning Rate(s): [2.00449483e-41]
TRAIN PSNR: 32.936 dB
Loss has diverged. Backtracking to trained_nets/LPDSNet/net.ckpt ...
Loading net state-dict...
Loading opt state-dict...
Loading sched state-dict...
Updated Learning Rate(s): [1.60359586e-41]
TRAIN PSNR: 31.618 dB
Loss has diverged. Backtracking to trained_nets/LPDSNet/net.ckpt ...
Loading net state-dict...
Loading opt state-dict...
Loading sched state-dict...
Updated Learning Rate(s): [1.28287669e-41]
TRAIN PSNR: 33.862 dB
Loss has diverged. Backtracking to trained_nets/LPDSNet/net.ckpt ...
Loading net state-dict...
Loading opt state-dict...
Loading sched state-dict...
Updated Learning Rate(s): [1.02630135e-41]
TRAIN PSNR: 33.521 dB
Loss has diverged. Backtracking to trained_nets/LPDSNet/net.ckpt ...
Loading net state-dict...
Loading opt state-dict...
Loading sched state-dict...
Updated Learning Rate(s): [8.21041081e-42]
TRAIN PSNR: 33.597 dB
Loss has diverged. Backtracking to trained_nets/LPDSNet/net.ckpt ...
Loading net state-dict...
Loading opt state-dict...
Loading sched state-dict...
Updated Learning Rate(s): [6.56832865e-42]
TRAIN PSNR: 32.073 dB
Loss has diverged. Backtracking to trained_nets/LPDSNet/net.ckpt ...
Loading net state-dict...
Loading opt state-dict...
Loading sched state-dict...
Updated Learning Rate(s): [5.25466292e-42]
TRAIN PSNR: 33.884 dB
Loss has diverged. Backtracking to trained_nets/LPDSNet/net.ckpt ...
Loading net state-dict...
Loading opt state-dict...
Loading sched state-dict...
Updated Learning Rate(s): [4.20373034e-42]
TRAIN PSNR: 33.365 dB
Loss has diverged. Backtracking to trained_nets/LPDSNet/net.ckpt ...
Loading net state-dict...
Loading opt state-dict...
Loading sched state-dict...
Updated Learning Rate(s): [3.36298427e-42]
TRAIN PSNR: 33.496 dB
Loss has diverged. Backtracking to trained_nets/LPDSNet/net.ckpt ...
Loading net state-dict...
Loading opt state-dict...
Loading sched state-dict...
Updated Learning Rate(s): [2.69038742e-42]
TRAIN PSNR: 33.184 dB
Loss has diverged. Backtracking to trained_nets/LPDSNet/net.ckpt ...
Loading net state-dict...
Loading opt state-dict...
Loading sched state-dict...
Updated Learning Rate(s): [2.15230993e-42]
TRAIN PSNR: 33.296 dB
Loss has diverged. Backtracking to trained_nets/LPDSNet/net.ckpt ...
Loading net state-dict...
Loading opt state-dict...
Loading sched state-dict...
Updated Learning Rate(s): [1.72184795e-42]
TRAIN PSNR: 32.506 dB
Loss has diverged. Backtracking to trained_nets/LPDSNet/net.ckpt ...
Loading net state-dict...
Loading opt state-dict...
Loading sched state-dict...
Updated Learning Rate(s): [1.37747836e-42]
TRAIN PSNR: 33.173 dB
Loss has diverged. Backtracking to trained_nets/LPDSNet/net.ckpt ...
Loading net state-dict...
Loading opt state-dict...
Loading sched state-dict...
Updated Learning Rate(s): [1.10198269e-42]
TRAIN PSNR: 34.208 dB
Loss has diverged. Backtracking to trained_nets/LPDSNet/net.ckpt ...
Loading net state-dict...
Loading opt state-dict...
Loading sched state-dict...
Updated Learning Rate(s): [8.81586148e-43]
TRAIN PSNR: 33.552 dB
Loss has diverged. Backtracking to trained_nets/LPDSNet/net.ckpt ...
Loading net state-dict...
Loading opt state-dict...
Loading sched state-dict...
Updated Learning Rate(s): [7.05268919e-43]
TRAIN PSNR: 32.342 dB
Loss has diverged. Backtracking to trained_nets/LPDSNet/net.ckpt ...
Loading net state-dict...
Loading opt state-dict...
Loading sched state-dict...
Updated Learning Rate(s): [5.64215135e-43]
TRAIN PSNR: 32.781 dB
Loss has diverged. Backtracking to trained_nets/LPDSNet/net.ckpt ...
Loading net state-dict...
Loading opt state-dict...
Loading sched state-dict...
Updated Learning Rate(s): [4.51372108e-43]
TRAIN PSNR: 33.208 dB
Loss has diverged. Backtracking to trained_nets/LPDSNet/net.ckpt ...
Loading net state-dict...
Loading opt state-dict...
Loading sched state-dict...
Updated Learning Rate(s): [3.61097686e-43]
TRAIN PSNR: 33.228 dB
Loss has diverged. Backtracking to trained_nets/LPDSNet/net.ckpt ...
Loading net state-dict...
Loading opt state-dict...
Loading sched state-dict...
Updated Learning Rate(s): [2.88878149e-43]
TRAIN PSNR: 33.751 dB
Loss has diverged. Backtracking to trained_nets/LPDSNet/net.ckpt ...
Loading net state-dict...
Loading opt state-dict...
Loading sched state-dict...
Updated Learning Rate(s): [2.31102519e-43]
TRAIN PSNR: 33.194 dB
Loss has diverged. Backtracking to trained_nets/LPDSNet/net.ckpt ...
Loading net state-dict...
Loading opt state-dict...
Loading sched state-dict...
Updated Learning Rate(s): [1.84882015e-43]
TRAIN PSNR: 32.275 dB
Loss has diverged. Backtracking to trained_nets/LPDSNet/net.ckpt ...
Loading net state-dict...
Loading opt state-dict...
Loading sched state-dict...
Updated Learning Rate(s): [1.47905612e-43]
TRAIN PSNR: 33.446 dB
Loss has diverged. Backtracking to trained_nets/LPDSNet/net.ckpt ...
Loading net state-dict...
Loading opt state-dict...
Loading sched state-dict...
Updated Learning Rate(s): [1.1832449e-43]
TRAIN PSNR: 33.632 dB
Loss has diverged. Backtracking to trained_nets/LPDSNet/net.ckpt ...
Loading net state-dict...
Loading opt state-dict...
Loading sched state-dict...
Updated Learning Rate(s): [9.46595919e-44]
TRAIN PSNR: 32.491 dB
Loss has diverged. Backtracking to trained_nets/LPDSNet/net.ckpt ...
Loading net state-dict...
Loading opt state-dict...
Loading sched state-dict...
Updated Learning Rate(s): [7.57276735e-44]
TRAIN PSNR: 34.139 dB
Loss has diverged. Backtracking to trained_nets/LPDSNet/net.ckpt ...
Loading net state-dict...
Loading opt state-dict...
Loading sched state-dict...
Updated Learning Rate(s): [6.05821388e-44]
TRAIN PSNR: 36.030 dB
TRAIN PSNR: 33.840 dB
Loss has diverged. Backtracking to trained_nets/LPDSNet/net.ckpt ...
Loading net state-dict...
Loading opt state-dict...
Loading sched state-dict...
Updated Learning Rate(s): [4.8465711e-44]
TRAIN PSNR: 34.264 dB
Loss has diverged. Backtracking to trained_nets/LPDSNet/net.ckpt ...
Loading net state-dict...
Loading opt state-dict...
Loading sched state-dict...
Updated Learning Rate(s): [3.87725688e-44]
TRAIN PSNR: 32.805 dB
Loss has diverged. Backtracking to trained_nets/LPDSNet/net.ckpt ...
Loading net state-dict...
Loading opt state-dict...
Loading sched state-dict...
Updated Learning Rate(s): [3.10180551e-44]
TRAIN PSNR: 34.113 dB
Loss has diverged. Backtracking to trained_nets/LPDSNet/net.ckpt ...
Loading net state-dict...
Loading opt state-dict...
Loading sched state-dict...
Updated Learning Rate(s): [2.48144441e-44]
TRAIN PSNR: 33.187 dB
Loss has diverged. Backtracking to trained_nets/LPDSNet/net.ckpt ...
Loading net state-dict...
Loading opt state-dict...
Loading sched state-dict...
Updated Learning Rate(s): [1.98515552e-44]
TRAIN PSNR: 33.071 dB
Loss has diverged. Backtracking to trained_nets/LPDSNet/net.ckpt ...
Loading net state-dict...
Loading opt state-dict...
Loading sched state-dict...
Updated Learning Rate(s): [1.58812442e-44]
TRAIN PSNR: 34.946 dB
Loss has diverged. Backtracking to trained_nets/LPDSNet/net.ckpt ...
Loading net state-dict...
Loading opt state-dict...
Loading sched state-dict...
Updated Learning Rate(s): [1.27049954e-44]
TRAIN PSNR: 35.541 dB
TRAIN PSNR: 33.192 dB
Loss has diverged. Backtracking to trained_nets/LPDSNet/net.ckpt ...
Loading net state-dict...
Loading opt state-dict...
Loading sched state-dict...
Updated Learning Rate(s): [1.01639963e-44]
TRAIN PSNR: 32.390 dB
Loss has diverged. Backtracking to trained_nets/LPDSNet/net.ckpt ...
Loading net state-dict...
Loading opt state-dict...
Loading sched state-dict...
Updated Learning Rate(s): [8.13119703e-45]
TRAIN PSNR: 34.367 dB
Loss has diverged. Backtracking to trained_nets/LPDSNet/net.ckpt ...
Loading net state-dict...
Loading opt state-dict...
Loading sched state-dict...
Updated Learning Rate(s): [6.50495762e-45]
TRAIN PSNR: 34.015 dB
Loss has diverged. Backtracking to trained_nets/LPDSNet/net.ckpt ...
Loading net state-dict...
Loading opt state-dict...
Loading sched state-dict...
Updated Learning Rate(s): [5.2039661e-45]
TRAIN PSNR: 35.472 dB
TRAIN PSNR: 32.718 dB
Loss has diverged. Backtracking to trained_nets/LPDSNet/net.ckpt ...
Loading net state-dict...
Loading opt state-dict...
Loading sched state-dict...
Updated Learning Rate(s): [4.16317288e-45]
TRAIN PSNR: 34.982 dB
Loss has diverged. Backtracking to trained_nets/LPDSNet/net.ckpt ...
Loading net state-dict...
Loading opt state-dict...
Loading sched state-dict...
Updated Learning Rate(s): [3.3305383e-45]
TRAIN PSNR: 32.758 dB
Loss has diverged. Backtracking to trained_nets/LPDSNet/net.ckpt ...
Loading net state-dict...
Loading opt state-dict...
Loading sched state-dict...
Updated Learning Rate(s): [2.66443064e-45]
TRAIN PSNR: 35.185 dB
Loss has diverged. Backtracking to trained_nets/LPDSNet/net.ckpt ...
Loading net state-dict...
Loading opt state-dict...
Loading sched state-dict...
Updated Learning Rate(s): [2.13154451e-45]
TRAIN PSNR: 34.420 dB
Loss has diverged. Backtracking to trained_nets/LPDSNet/net.ckpt ...
Loading net state-dict...
Loading opt state-dict...
Loading sched state-dict...
Updated Learning Rate(s): [1.70523561e-45]
TRAIN PSNR: 30.909 dB
Loss has diverged. Backtracking to trained_nets/LPDSNet/net.ckpt ...
Loading net state-dict...
Loading opt state-dict...
Loading sched state-dict...
Updated Learning Rate(s): [1.36418849e-45]
TRAIN PSNR: 34.006 dB
Loss has diverged. Backtracking to trained_nets/LPDSNet/net.ckpt ...
Loading net state-dict...
Loading opt state-dict...
Loading sched state-dict...
Updated Learning Rate(s): [1.09135079e-45]
TRAIN PSNR: 32.843 dB
Loss has diverged. Backtracking to trained_nets/LPDSNet/net.ckpt ...
Loading net state-dict...
Loading opt state-dict...
Loading sched state-dict...
Updated Learning Rate(s): [8.73080633e-46]
TRAIN PSNR: 32.789 dB
Loss has diverged. Backtracking to trained_nets/LPDSNet/net.ckpt ...
Loading net state-dict...
Loading opt state-dict...
Loading sched state-dict...
Updated Learning Rate(s): [6.98464506e-46]
TRAIN PSNR: 32.717 dB
Loss has diverged. Backtracking to trained_nets/LPDSNet/net.ckpt ...
Loading net state-dict...
Loading opt state-dict...
Loading sched state-dict...
Updated Learning Rate(s): [5.58771605e-46]
TRAIN PSNR: 32.546 dB
Loss has diverged. Backtracking to trained_nets/LPDSNet/net.ckpt ...
Loading net state-dict...
Loading opt state-dict...
Loading sched state-dict...
Updated Learning Rate(s): [4.47017284e-46]
TRAIN PSNR: 34.052 dB
Loss has diverged. Backtracking to trained_nets/LPDSNet/net.ckpt ...
Loading net state-dict...
Loading opt state-dict...
Loading sched state-dict...
Updated Learning Rate(s): [3.57613827e-46]
TRAIN PSNR: 32.863 dB
Loss has diverged. Backtracking to trained_nets/LPDSNet/net.ckpt ...
Loading net state-dict...
Loading opt state-dict...
Loading sched state-dict...
Updated Learning Rate(s): [2.86091062e-46]
TRAIN PSNR: 33.939 dB
Loss has diverged. Backtracking to trained_nets/LPDSNet/net.ckpt ...
Loading net state-dict...
Loading opt state-dict...
Loading sched state-dict...
Updated Learning Rate(s): [2.28872849e-46]
TRAIN PSNR: 32.371 dB
Loss has diverged. Backtracking to trained_nets/LPDSNet/net.ckpt ...
Loading net state-dict...
Loading opt state-dict...
Loading sched state-dict...
Updated Learning Rate(s): [1.8309828e-46]
TRAIN PSNR: 33.343 dB
Loss has diverged. Backtracking to trained_nets/LPDSNet/net.ckpt ...
Loading net state-dict...
Loading opt state-dict...
Loading sched state-dict...
Updated Learning Rate(s): [1.46478624e-46]
TRAIN PSNR: 35.921 dB
TRAIN PSNR: 35.409 dB
TRAIN PSNR: 34.042 dB
Loss has diverged. Backtracking to trained_nets/LPDSNet/net.ckpt ...
Loading net state-dict...
Loading opt state-dict...
Loading sched state-dict...
Updated Learning Rate(s): [1.17182899e-46]
TRAIN PSNR: 32.942 dB
Loss has diverged. Backtracking to trained_nets/LPDSNet/net.ckpt ...
Loading net state-dict...
Loading opt state-dict...
Loading sched state-dict...
Updated Learning Rate(s): [9.37463191e-47]
TRAIN PSNR: 33.879 dB
Loss has diverged. Backtracking to trained_nets/LPDSNet/net.ckpt ...
Loading net state-dict...
Loading opt state-dict...
Loading sched state-dict...
Updated Learning Rate(s): [7.49970553e-47]
TRAIN PSNR: 33.540 dB
Loss has diverged. Backtracking to trained_nets/LPDSNet/net.ckpt ...
Loading net state-dict...
Loading opt state-dict...
Loading sched state-dict...
Updated Learning Rate(s): [5.99976442e-47]
TRAIN PSNR: 31.947 dB
Loss has diverged. Backtracking to trained_nets/LPDSNet/net.ckpt ...
Loading net state-dict...
Loading opt state-dict...
Loading sched state-dict...
Updated Learning Rate(s): [4.79981154e-47]
TRAIN PSNR: 33.009 dB
Loss has diverged. Backtracking to trained_nets/LPDSNet/net.ckpt ...
Loading net state-dict...
Loading opt state-dict...
Loading sched state-dict...
Updated Learning Rate(s): [3.83984923e-47]
TRAIN PSNR: 33.780 dB
Loss has diverged. Backtracking to trained_nets/LPDSNet/net.ckpt ...
Loading net state-dict...
Loading opt state-dict...
Loading sched state-dict...
Updated Learning Rate(s): [3.07187938e-47]
TRAIN PSNR: 34.144 dB
Loss has diverged. Backtracking to trained_nets/LPDSNet/net.ckpt ...
Loading net state-dict...
Loading opt state-dict...
Loading sched state-dict...
Updated Learning Rate(s): [2.45750351e-47]
TRAIN PSNR: 33.974 dB
Loss has diverged. Backtracking to trained_nets/LPDSNet/net.ckpt ...
Loading net state-dict...
Loading opt state-dict...
Loading sched state-dict...
Updated Learning Rate(s): [1.96600281e-47]
