/home/ee2178/scratch/ee2178/miniconda3/envs/env/lib/python3.9/site-packages/torchvision/io/image.py:13: UserWarning: Failed to load image Python extension: '/scratch/ee2178/miniconda3/envs/env/lib/python3.9/site-packages/torchvision/image.so: undefined symbol: _ZN3c1017RegisterOperatorsD1Ev'If you don't plan on using image functionality from `torchvision.io`, you can ignore this warning. Otherwise, there might be something wrong with your environment. Did you have `libjpeg` or `libpng` installed before building `torchvision` from source?
  warn(
wandb: [wandb.login()] Loaded credentials for https://api.wandb.ai from /home/ee2178/.netrc.
wandb: Currently logged in as: ee2178 (ee2178-nyu) to https://api.wandb.ai. Use `wandb login --relogin` to force relogin
wandb: Tracking run with wandb version 0.25.1
wandb: Run data is saved locally in /scratch/ee2178/Denoising-Diffusion-Project/my_CDLNet/wandb/run-20260423_155104-nym19ms8
wandb: Run `wandb offline` to turn off syncing.
wandb: Syncing run worthy-microwave-105
wandb: ⭐️ View project at https://wandb.ai/ee2178-nyu/immap2p5_R6_mri_reconstruction
wandb: 🚀 View run at https://wandb.ai/ee2178-nyu/immap2p5_R6_mri_reconstruction/runs/nym19ms8
TRAIN:   0%|          | 0/300000 [00:00<?, ?it/s]Traceback (most recent call last):
  File "/scratch/ee2178/Denoising-Diffusion-Project/my_CDLNet/train_mri_recon.py", line 647, in <module>
    main(args)
  File "/scratch/ee2178/Denoising-Diffusion-Project/my_CDLNet/train_mri_recon.py", line 57, in main
    fit(net,
  File "/scratch/ee2178/Denoising-Diffusion-Project/my_CDLNet/train_mri_recon.py", line 161, in fit
    kspace_w, smaps, Sigma_n, Zinv = whiten(kspace, smaps)
TypeError: 'bool' object is not callable
Traceback (most recent call last):
  File "/scratch/ee2178/Denoising-Diffusion-Project/my_CDLNet/train_mri_recon.py", line 647, in <module>
    main(args)
  File "/scratch/ee2178/Denoising-Diffusion-Project/my_CDLNet/train_mri_recon.py", line 57, in main
    fit(net,
  File "/scratch/ee2178/Denoising-Diffusion-Project/my_CDLNet/train_mri_recon.py", line 161, in fit
    kspace_w, smaps, Sigma_n, Zinv = whiten(kspace, smaps)
TypeError: 'bool' object is not callable
