{'model': {'C': 1, 'K': 30, 'M': 169, 'P': 7, 'adaptive': True, 's': 2},
 'paths': {'ckpt': None, 'save': 'trained_nets/brain/LPDSNet'},
 'train': {'fit': {'backtrack_thresh': 5,
                   'clip_grad': 0.05,
                   'demosaic': False,
                   'epochs': 1000,
                   'mcsure': False,
                   'noise_dist': 'log',
                   'noise_std': [0, 126],
                   'save_freq': 5,
                   'val_freq': 50,
                   'verbose': True},
           'loaders': {'batch_size': 10,
                       'brain': True,
                       'center_crop': 320,
                       'crop_size': 128,
                       'end_slice': 8,
                       'load_color': False,
                       'num_workers': 14,
                       'scaling_fac': 2000.0,
                       'start_slice': 0,
                       'trn_path_list': ['../../datasets/fastmri_preprocessed/brain_T2W_coil_combined/train'],
                       'tst_path_list': ['../../datasets/fastmri_preprocessed/brain_T2W_coil_combined/test'],
                       'val_path_list': ['../../datasets/fastmri_preprocessed/brain_T2W_coil_combined/val']},
           'opt': {'lr': 0.0005},
           'sched': {'gamma': 0.95, 'step_size': 50}},
 'type': 'LPDSNet'}
Loading ['../../datasets/fastmri_preprocessed/brain_T2W_coil_combined/train']:
Loading ['../../datasets/fastmri_preprocessed/brain_T2W_coil_combined/val']:
Loading ['../../datasets/fastmri_preprocessed/brain_T2W_coil_combined/test']:
Running power-method on initial dictionary...
Done. L=3.071e+03+2.075e-06j.
Total Number of Parameters: 755,490
Using trained_nets/brain/LPDSNet ...
fit: using device cuda:0
TRAIN PSNR: 36.577 dB
TRAIN PSNR: 38.850 dB
TRAIN PSNR: 38.816 dB
TRAIN PSNR: 40.169 dB
TRAIN PSNR: 40.221 dB
Checkpoint: trained_nets/brain/LPDSNet/net.ckpt
TRAIN PSNR: 39.546 dB
TRAIN PSNR: 39.775 dB
TRAIN PSNR: 40.005 dB
TRAIN PSNR: 39.745 dB
TRAIN PSNR: 39.608 dB
Checkpoint: trained_nets/brain/LPDSNet/net.ckpt
TRAIN PSNR: 41.759 dB
TRAIN PSNR: 39.916 dB
TRAIN PSNR: 40.532 dB
TRAIN PSNR: 40.584 dB
TRAIN PSNR: 40.392 dB
Checkpoint: trained_nets/brain/LPDSNet/net.ckpt
TRAIN PSNR: 38.606 dB
TRAIN PSNR: 41.555 dB
TRAIN PSNR: 40.708 dB
TRAIN PSNR: 40.252 dB
TRAIN PSNR: 40.093 dB
Checkpoint: trained_nets/brain/LPDSNet/net.ckpt
TRAIN PSNR: 39.471 dB
TRAIN PSNR: 39.324 dB
TRAIN PSNR: 39.937 dB
TRAIN PSNR: 41.264 dB
TRAIN PSNR: 40.261 dB
Checkpoint: trained_nets/brain/LPDSNet/net.ckpt
TRAIN PSNR: 41.245 dB
TRAIN PSNR: 40.712 dB
TRAIN PSNR: 41.251 dB
TRAIN PSNR: 41.633 dB
TRAIN PSNR: 41.021 dB
Checkpoint: trained_nets/brain/LPDSNet/net.ckpt
TRAIN PSNR: 41.386 dB
TRAIN PSNR: 40.363 dB
TRAIN PSNR: 40.713 dB
TRAIN PSNR: 41.261 dB
TRAIN PSNR: 41.020 dB
Checkpoint: trained_nets/brain/LPDSNet/net.ckpt
TRAIN PSNR: 41.753 dB
TRAIN PSNR: 40.737 dB
TRAIN PSNR: 40.631 dB
TRAIN PSNR: 39.866 dB
TRAIN PSNR: 40.342 dB
Checkpoint: trained_nets/brain/LPDSNet/net.ckpt
TRAIN PSNR: 41.168 dB
TRAIN PSNR: 40.802 dB
TRAIN PSNR: 39.865 dB
TRAIN PSNR: 40.603 dB
TRAIN PSNR: 41.714 dB
Checkpoint: trained_nets/brain/LPDSNet/net.ckpt
TRAIN PSNR: 41.848 dB
TRAIN PSNR: 39.677 dB
TRAIN PSNR: 41.297 dB
TRAIN PSNR: 41.180 dB
TRAIN PSNR: 41.940 dB
