Running job 1 with config configs/knee/immap2p5_R10_config.json
{'model': {'C': 1,
           'K': 30,
           'M': 169,
           'P': 7,
           'adaptive': True,
           'e2e_diff': True,
           's': 2},
 'mri': {'R': 10, 'acs_lines': 24},
 'paths': {'ckpt': None, 'save': 'trained_nets/knee/LPDS_ImMAP2p5_R10'},
 'train': {'fit': {'backtrack_thresh': 5,
                   'clip_grad': 0.05,
                   'demosaic': False,
                   'denoiser_args_path': 'eval_config.json',
                   'epochs': None,
                   'image_noise_std': [0, 126],
                   'max_steps': 300000,
                   'mcsure': False,
                   'noise_dist': 'cosine',
                   'noise_std': [10, 13],
                   'save_every': 5000,
                   'save_freq': 5,
                   'val_every': 2000,
                   'val_freq': 50,
                   'verbose': True,
                   'x_init': True},
           'loaders': {'batch_size': 1,
                       'crop_size': 256,
                       'end_slice': 25,
                       'modality': 'knee',
                       'num_workers': 14,
                       'scaling_fac': 2000.0,
                       'start_slice': 10,
                       'trn_kspace_path_list': ['../../datasets/fastmri/knee/multicoil_train'],
                       'trn_path_list': ['../../datasets/fastmri_preprocessed/knee_coil_combined/pd/train'],
                       'tst_kspace_path_list': ['../../datasets/fastmri/knee/multicoil_test_v2'],
                       'tst_path_list': ['../../datasets/fastmri_preprocessed/knee_coil_combined/pd/test'],
                       'val_kspace_path_list': ['../../datasets/fastmri/knee/multicoil_val'],
                       'val_path_list': ['../../datasets/fastmri_preprocessed/knee_coil_combined/pd/val']},
           'opt': {'lr': 0.0005},
           'sched': {'gamma': 0.95, 'step_size': 50}},
 'type': 'LPDSNet'}
Loading ['../../datasets/fastmri_preprocessed/knee_coil_combined/pd/train']:
Loading ['../../datasets/fastmri/knee/multicoil_train']
Loading ['../../datasets/fastmri_preprocessed/knee_coil_combined/pd/val']:
Loading ['../../datasets/fastmri/knee/multicoil_val']
Loading ['../../datasets/fastmri_preprocessed/knee_coil_combined/pd/test']:
Loading ['../../datasets/fastmri/knee/multicoil_test_v2']
Running power-method on initial dictionary...
Done. L=3.247e+03+3.119e-06j.
Total Number of Parameters: 760,560
Using trained_nets/knee/LPDS_ImMAP2p5_R10 ...
fit: using device cuda:0

VAL PSNR @ step 2000: 25.712 dB

VAL PSNR @ step 4000: 33.846 dB

Checkpoint: trained_nets/knee/LPDS_ImMAP2p5_R10/net.ckpt (step 5000)

VAL PSNR @ step 6000: 35.024 dB

VAL PSNR @ step 8000: 29.494 dB
Validation dropped — backtracking
Loading net state-dict...
Loading opt state-dict...
Loading sched state-dict...
Updated LR: [2.36821169e-06]

VAL PSNR @ step 10000: 32.769 dB

Checkpoint: trained_nets/knee/LPDS_ImMAP2p5_R10/net.ckpt (step 10000)

VAL PSNR @ step 12000: 33.281 dB

VAL PSNR @ step 14000: 34.127 dB

Checkpoint: trained_nets/knee/LPDS_ImMAP2p5_R10/net.ckpt (step 15000)

VAL PSNR @ step 16000: 32.989 dB

VAL PSNR @ step 18000: 34.419 dB

VAL PSNR @ step 20000: 34.868 dB

Checkpoint: trained_nets/knee/LPDS_ImMAP2p5_R10/net.ckpt (step 20000)

VAL PSNR @ step 22000: 29.126 dB
Validation dropped — backtracking
Loading net state-dict...
Loading opt state-dict...
Loading sched state-dict...
Updated LR: [8.53445468e-12]

VAL PSNR @ step 24000: 29.168 dB
Validation dropped — backtracking
Loading net state-dict...
Loading opt state-dict...
Loading sched state-dict...
Updated LR: [8.53445468e-12]

Checkpoint: trained_nets/knee/LPDS_ImMAP2p5_R10/net.ckpt (step 25000)

VAL PSNR @ step 26000: 33.382 dB

VAL PSNR @ step 28000: 34.335 dB

VAL PSNR @ step 30000: 29.185 dB
Validation dropped — backtracking
Loading net state-dict...
Loading opt state-dict...
Loading sched state-dict...
Updated LR: [2.44758549e-12]

Checkpoint: trained_nets/knee/LPDS_ImMAP2p5_R10/net.ckpt (step 30000)

VAL PSNR @ step 32000: 34.912 dB

VAL PSNR @ step 34000: 33.825 dB

Checkpoint: trained_nets/knee/LPDS_ImMAP2p5_R10/net.ckpt (step 35000)

VAL PSNR @ step 36000: 34.452 dB

VAL PSNR @ step 38000: 33.397 dB

VAL PSNR @ step 40000: 34.794 dB

Checkpoint: trained_nets/knee/LPDS_ImMAP2p5_R10/net.ckpt (step 40000)

VAL PSNR @ step 42000: 34.970 dB

VAL PSNR @ step 44000: 35.230 dB

Checkpoint: trained_nets/knee/LPDS_ImMAP2p5_R10/net.ckpt (step 45000)

VAL PSNR @ step 46000: 34.588 dB

VAL PSNR @ step 48000: 34.062 dB

VAL PSNR @ step 50000: 32.551 dB

Checkpoint: trained_nets/knee/LPDS_ImMAP2p5_R10/net.ckpt (step 50000)

VAL PSNR @ step 52000: 33.969 dB

VAL PSNR @ step 54000: 33.949 dB

Checkpoint: trained_nets/knee/LPDS_ImMAP2p5_R10/net.ckpt (step 55000)

VAL PSNR @ step 56000: 33.951 dB

VAL PSNR @ step 58000: 34.430 dB

VAL PSNR @ step 60000: 34.188 dB

Checkpoint: trained_nets/knee/LPDS_ImMAP2p5_R10/net.ckpt (step 60000)

VAL PSNR @ step 62000: 33.664 dB

VAL PSNR @ step 64000: 29.178 dB
Validation dropped — backtracking
Loading net state-dict...
Loading opt state-dict...
Loading sched state-dict...
Updated LR: [8.43317339e-26]

Checkpoint: trained_nets/knee/LPDS_ImMAP2p5_R10/net.ckpt (step 65000)

VAL PSNR @ step 66000: 29.119 dB
Validation dropped — backtracking
Loading net state-dict...
Loading opt state-dict...
Loading sched state-dict...
Updated LR: [2.41853915e-26]

VAL PSNR @ step 68000: 34.227 dB

VAL PSNR @ step 70000: 33.509 dB

Checkpoint: trained_nets/knee/LPDS_ImMAP2p5_R10/net.ckpt (step 70000)

VAL PSNR @ step 72000: 32.843 dB

VAL PSNR @ step 74000: 34.965 dB

Checkpoint: trained_nets/knee/LPDS_ImMAP2p5_R10/net.ckpt (step 75000)

VAL PSNR @ step 76000: 34.408 dB

VAL PSNR @ step 78000: 32.747 dB

VAL PSNR @ step 80000: 33.665 dB

Checkpoint: trained_nets/knee/LPDS_ImMAP2p5_R10/net.ckpt (step 80000)

VAL PSNR @ step 82000: 34.337 dB

VAL PSNR @ step 84000: 32.581 dB

Checkpoint: trained_nets/knee/LPDS_ImMAP2p5_R10/net.ckpt (step 85000)

VAL PSNR @ step 86000: 33.645 dB

VAL PSNR @ step 88000: 34.887 dB

VAL PSNR @ step 90000: 33.795 dB

Checkpoint: trained_nets/knee/LPDS_ImMAP2p5_R10/net.ckpt (step 90000)

VAL PSNR @ step 92000: 29.097 dB
Validation dropped — backtracking
Loading net state-dict...
Loading opt state-dict...
Loading sched state-dict...
Updated LR: [3.92621111e-37]

VAL PSNR @ step 94000: 33.373 dB

Checkpoint: trained_nets/knee/LPDS_ImMAP2p5_R10/net.ckpt (step 95000)

VAL PSNR @ step 96000: 34.705 dB

VAL PSNR @ step 98000: 34.779 dB

VAL PSNR @ step 100000: 33.221 dB

Checkpoint: trained_nets/knee/LPDS_ImMAP2p5_R10/net.ckpt (step 100000)

VAL PSNR @ step 102000: 35.052 dB

VAL PSNR @ step 104000: 34.383 dB

Checkpoint: trained_nets/knee/LPDS_ImMAP2p5_R10/net.ckpt (step 105000)

VAL PSNR @ step 106000: 32.898 dB

VAL PSNR @ step 108000: 34.304 dB

VAL PSNR @ step 110000: 35.035 dB

Checkpoint: trained_nets/knee/LPDS_ImMAP2p5_R10/net.ckpt (step 110000)

VAL PSNR @ step 112000: 34.013 dB

VAL PSNR @ step 114000: 34.194 dB

Checkpoint: trained_nets/knee/LPDS_ImMAP2p5_R10/net.ckpt (step 115000)

VAL PSNR @ step 116000: 28.689 dB
Validation dropped — backtracking
Loading net state-dict...
Loading opt state-dict...
Loading sched state-dict...
Updated LR: [1.77796033e-47]

VAL PSNR @ step 118000: 34.102 dB

VAL PSNR @ step 120000: 34.105 dB

Checkpoint: trained_nets/knee/LPDS_ImMAP2p5_R10/net.ckpt (step 120000)

VAL PSNR @ step 122000: 34.579 dB

VAL PSNR @ step 124000: 34.725 dB

Checkpoint: trained_nets/knee/LPDS_ImMAP2p5_R10/net.ckpt (step 125000)

VAL PSNR @ step 126000: 34.694 dB

VAL PSNR @ step 128000: 33.281 dB

VAL PSNR @ step 130000: 34.227 dB

Checkpoint: trained_nets/knee/LPDS_ImMAP2p5_R10/net.ckpt (step 130000)

VAL PSNR @ step 132000: 34.715 dB

VAL PSNR @ step 134000: 34.141 dB

Checkpoint: trained_nets/knee/LPDS_ImMAP2p5_R10/net.ckpt (step 135000)

VAL PSNR @ step 136000: 34.063 dB

VAL PSNR @ step 138000: 33.752 dB

VAL PSNR @ step 140000: 34.566 dB

Checkpoint: trained_nets/knee/LPDS_ImMAP2p5_R10/net.ckpt (step 140000)

VAL PSNR @ step 142000: 32.823 dB

VAL PSNR @ step 144000: 34.704 dB

Checkpoint: trained_nets/knee/LPDS_ImMAP2p5_R10/net.ckpt (step 145000)

VAL PSNR @ step 146000: 28.722 dB
Validation dropped — backtracking
Loading net state-dict...
Loading opt state-dict...
Loading sched state-dict...
Updated LR: [1.70884677e-60]

VAL PSNR @ step 148000: 34.105 dB

VAL PSNR @ step 150000: 33.729 dB

Checkpoint: trained_nets/knee/LPDS_ImMAP2p5_R10/net.ckpt (step 150000)

VAL PSNR @ step 152000: 33.021 dB

VAL PSNR @ step 154000: 33.324 dB

Checkpoint: trained_nets/knee/LPDS_ImMAP2p5_R10/net.ckpt (step 155000)

VAL PSNR @ step 156000: 32.635 dB

VAL PSNR @ step 158000: 33.685 dB

VAL PSNR @ step 160000: 33.381 dB

Checkpoint: trained_nets/knee/LPDS_ImMAP2p5_R10/net.ckpt (step 160000)

VAL PSNR @ step 162000: 34.856 dB

VAL PSNR @ step 164000: 34.623 dB

Checkpoint: trained_nets/knee/LPDS_ImMAP2p5_R10/net.ckpt (step 165000)

VAL PSNR @ step 166000: 33.452 dB

VAL PSNR @ step 168000: 34.815 dB

VAL PSNR @ step 170000: 33.253 dB

Checkpoint: trained_nets/knee/LPDS_ImMAP2p5_R10/net.ckpt (step 170000)

VAL PSNR @ step 172000: 34.220 dB

VAL PSNR @ step 174000: 29.160 dB
Validation dropped — backtracking
Loading net state-dict...
Loading opt state-dict...
Loading sched state-dict...
Updated LR: [2.77410981e-71]

Checkpoint: trained_nets/knee/LPDS_ImMAP2p5_R10/net.ckpt (step 175000)

VAL PSNR @ step 176000: 34.085 dB

VAL PSNR @ step 178000: 33.413 dB

VAL PSNR @ step 180000: 34.780 dB

Checkpoint: trained_nets/knee/LPDS_ImMAP2p5_R10/net.ckpt (step 180000)

VAL PSNR @ step 182000: 29.189 dB
Validation dropped — backtracking
Loading net state-dict...
Loading opt state-dict...
Loading sched state-dict...
Updated LR: [4.71027507e-74]

VAL PSNR @ step 184000: 34.650 dB

Checkpoint: trained_nets/knee/LPDS_ImMAP2p5_R10/net.ckpt (step 185000)

VAL PSNR @ step 186000: 32.401 dB

VAL PSNR @ step 188000: 34.790 dB

VAL PSNR @ step 190000: 33.961 dB

Checkpoint: trained_nets/knee/LPDS_ImMAP2p5_R10/net.ckpt (step 190000)

VAL PSNR @ step 192000: 34.927 dB

VAL PSNR @ step 194000: 33.207 dB

Checkpoint: trained_nets/knee/LPDS_ImMAP2p5_R10/net.ckpt (step 195000)

VAL PSNR @ step 196000: 34.391 dB

VAL PSNR @ step 198000: 34.475 dB

VAL PSNR @ step 200000: 34.292 dB

Checkpoint: trained_nets/knee/LPDS_ImMAP2p5_R10/net.ckpt (step 200000)

VAL PSNR @ step 202000: 34.429 dB

VAL PSNR @ step 204000: 33.404 dB

Checkpoint: trained_nets/knee/LPDS_ImMAP2p5_R10/net.ckpt (step 205000)

VAL PSNR @ step 206000: 33.398 dB

VAL PSNR @ step 208000: 32.628 dB

VAL PSNR @ step 210000: 34.636 dB

Checkpoint: trained_nets/knee/LPDS_ImMAP2p5_R10/net.ckpt (step 210000)

VAL PSNR @ step 212000: 34.708 dB

VAL PSNR @ step 214000: 33.267 dB

Checkpoint: trained_nets/knee/LPDS_ImMAP2p5_R10/net.ckpt (step 215000)

VAL PSNR @ step 216000: 33.975 dB

VAL PSNR @ step 218000: 34.615 dB

VAL PSNR @ step 220000: 33.738 dB

Checkpoint: trained_nets/knee/LPDS_ImMAP2p5_R10/net.ckpt (step 220000)

VAL PSNR @ step 222000: 34.148 dB

VAL PSNR @ step 224000: 29.149 dB
Validation dropped — backtracking
Loading net state-dict...
Loading opt state-dict...
Loading sched state-dict...
Updated LR: [4.42666112e-91]

Checkpoint: trained_nets/knee/LPDS_ImMAP2p5_R10/net.ckpt (step 225000)

VAL PSNR @ step 226000: 29.273 dB
Validation dropped — backtracking
Loading net state-dict...
Loading opt state-dict...
Loading sched state-dict...
Updated LR: [1.26951656e-91]

VAL PSNR @ step 228000: 33.104 dB

VAL PSNR @ step 230000: 34.341 dB

Checkpoint: trained_nets/knee/LPDS_ImMAP2p5_R10/net.ckpt (step 230000)

VAL PSNR @ step 232000: 34.240 dB

VAL PSNR @ step 234000: 29.239 dB
Validation dropped — backtracking
Loading net state-dict...
Loading opt state-dict...
Loading sched state-dict...
Updated LR: [1.6773233e-93]

Checkpoint: trained_nets/knee/LPDS_ImMAP2p5_R10/net.ckpt (step 235000)

VAL PSNR @ step 236000: 33.234 dB

VAL PSNR @ step 238000: 34.946 dB

VAL PSNR @ step 240000: 28.822 dB
Validation dropped — backtracking
Loading net state-dict...
Loading opt state-dict...
Loading sched state-dict...
Updated LR: [4.81037431e-94]

Checkpoint: trained_nets/knee/LPDS_ImMAP2p5_R10/net.ckpt (step 240000)

VAL PSNR @ step 242000: 28.754 dB
Validation dropped — backtracking
Loading net state-dict...
Loading opt state-dict...
Loading sched state-dict...
Updated LR: [3.84829945e-94]

VAL PSNR @ step 244000: 34.636 dB

Checkpoint: trained_nets/knee/LPDS_ImMAP2p5_R10/net.ckpt (step 245000)

VAL PSNR @ step 246000: 34.892 dB

VAL PSNR @ step 248000: 34.369 dB

VAL PSNR @ step 250000: 34.363 dB

Checkpoint: trained_nets/knee/LPDS_ImMAP2p5_R10/net.ckpt (step 250000)

VAL PSNR @ step 252000: 34.739 dB

VAL PSNR @ step 254000: 33.200 dB

Checkpoint: trained_nets/knee/LPDS_ImMAP2p5_R10/net.ckpt (step 255000)
