{'model': {'C': 1,
           'K': 30,
           'M': 169,
           'P': 7,
           'adaptive': True,
           'e2e_diff': True,
           's': 2},
 'mri': {'R': 10, 'acs_lines': 24},
 'paths': {'ckpt': None, 'save': 'trained_nets/brain/LPDS_MRI_Recon_Acc10'},
 'train': {'fit': {'backtrack_thresh': 5,
                   'clip_grad': 0.05,
                   'demosaic': False,
                   'denoiser_args_path': 'eval_config.json',
                   'epochs': 100,
                   'image_noise_std': [0, 126],
                   'mcsure': False,
                   'noise_dist': 'uniform',
                   'noise_std': [10, 13],
                   'save_freq': 5,
                   'val_freq': 50,
                   'verbose': True,
                   'x_init': False},
           'loaders': {'batch_size': 1,
                       'crop_size': 256,
                       'num_workers': 14,
                       'scaling_fac': 2000.0,
                       'trn_kspace_path_list': ['../../datasets/fastmri/brain/multicoil_train'],
                       'trn_path_list': ['../../datasets/fastmri_preprocessed/brain_T2W_coil_combined/train'],
                       'tst_kspace_path_list': ['../../datasets/fastmri/brain/multicoil_test'],
                       'tst_path_list': ['../../datasets/fastmri_preprocessed/brain_T2W_coil_combined/test'],
                       'val_kspace_path_list': ['../../datasets/fastmri/brain/multicoil_val'],
                       'val_path_list': ['../../datasets/fastmri_preprocessed/brain_T2W_coil_combined/val']},
           'opt': {'lr': 0.0005},
           'sched': {'gamma': 0.95, 'step_size': 50}},
 'type': 'LPDSNet'}
Loading ['../../datasets/fastmri_preprocessed/brain_T2W_coil_combined/train']:
Loading ['../../datasets/fastmri/brain/multicoil_train']
Loading ['../../datasets/fastmri_preprocessed/brain_T2W_coil_combined/val']:
Loading ['../../datasets/fastmri/brain/multicoil_val']
Loading ['../../datasets/fastmri_preprocessed/brain_T2W_coil_combined/test']:
Loading ['../../datasets/fastmri/brain/multicoil_test']
Running power-method on initial dictionary...
Done. L=3.509e+03-1.107e-05j.
Total Number of Parameters: 760,560
Using trained_nets/brain/LPDS_MRI_Recon_Acc10 ...
fit: using device cuda:0
TRAIN PSNR: 27.768 dB
TRAIN PSNR: 28.793 dB
TRAIN PSNR: 29.390 dB
TRAIN PSNR: 29.626 dB
TRAIN PSNR: 29.597 dB
Checkpoint: trained_nets/brain/LPDS_MRI_Recon_Acc10/net.ckpt
TRAIN PSNR: 29.827 dB
TRAIN PSNR: 29.899 dB
TRAIN PSNR: 30.094 dB
TRAIN PSNR: 30.202 dB
TRAIN PSNR: 30.081 dB
Checkpoint: trained_nets/brain/LPDS_MRI_Recon_Acc10/net.ckpt
TRAIN PSNR: 30.054 dB
TRAIN PSNR: 30.391 dB
TRAIN PSNR: 30.445 dB
TRAIN PSNR: 30.505 dB
TRAIN PSNR: 30.222 dB
Checkpoint: trained_nets/brain/LPDS_MRI_Recon_Acc10/net.ckpt
TRAIN PSNR: 30.294 dB
TRAIN PSNR: 30.241 dB
TRAIN PSNR: 30.574 dB
TRAIN PSNR: 30.450 dB
TRAIN PSNR: 30.335 dB
Checkpoint: trained_nets/brain/LPDS_MRI_Recon_Acc10/net.ckpt
TRAIN PSNR: 30.778 dB
TRAIN PSNR: 30.436 dB
TRAIN PSNR: 30.879 dB
TRAIN PSNR: 30.554 dB
TRAIN PSNR: 30.480 dB
Checkpoint: trained_nets/brain/LPDS_MRI_Recon_Acc10/net.ckpt
TRAIN PSNR: 30.574 dB
TRAIN PSNR: 30.658 dB
TRAIN PSNR: 30.983 dB
TRAIN PSNR: 30.708 dB
TRAIN PSNR: 30.728 dB
Checkpoint: trained_nets/brain/LPDS_MRI_Recon_Acc10/net.ckpt
TRAIN PSNR: 30.746 dB
TRAIN PSNR: 30.678 dB
TRAIN PSNR: 30.772 dB
TRAIN PSNR: 30.761 dB
TRAIN PSNR: 30.776 dB
Checkpoint: trained_nets/brain/LPDS_MRI_Recon_Acc10/net.ckpt
TRAIN PSNR: 30.639 dB
TRAIN PSNR: 30.624 dB
TRAIN PSNR: 30.704 dB
TRAIN PSNR: 30.861 dB
TRAIN PSNR: 30.820 dB
Checkpoint: trained_nets/brain/LPDS_MRI_Recon_Acc10/net.ckpt
TRAIN PSNR: 31.127 dB
TRAIN PSNR: 30.962 dB
TRAIN PSNR: 31.013 dB
TRAIN PSNR: 30.817 dB
TRAIN PSNR: 30.960 dB
Checkpoint: trained_nets/brain/LPDS_MRI_Recon_Acc10/net.ckpt
TRAIN PSNR: 30.762 dB
TRAIN PSNR: 30.965 dB
TRAIN PSNR: 30.953 dB
TRAIN PSNR: 30.896 dB
TRAIN PSNR: 30.957 dB
VAL PSNR: 31.629 dB
Updated Learning Rate(s): 
[0.000475]
Checkpoint: trained_nets/brain/LPDS_MRI_Recon_Acc10/net.ckpt
TRAIN PSNR: 31.030 dB
TRAIN PSNR: 31.065 dB
TRAIN PSNR: 31.014 dB
TRAIN PSNR: 31.279 dB
TRAIN PSNR: 31.025 dB
Checkpoint: trained_nets/brain/LPDS_MRI_Recon_Acc10/net.ckpt
TRAIN PSNR: 31.209 dB
TRAIN PSNR: 30.981 dB
TRAIN PSNR: 30.741 dB
TRAIN PSNR: 31.049 dB
TRAIN PSNR: 31.119 dB
Checkpoint: trained_nets/brain/LPDS_MRI_Recon_Acc10/net.ckpt
TRAIN PSNR: 31.285 dB
TRAIN PSNR: 31.048 dB
TRAIN PSNR: 30.925 dB
TRAIN PSNR: 30.806 dB
TRAIN PSNR: 30.956 dB
Checkpoint: trained_nets/brain/LPDS_MRI_Recon_Acc10/net.ckpt
TRAIN PSNR: 31.321 dB
TRAIN PSNR: 31.047 dB
TRAIN PSNR: 31.305 dB
TRAIN PSNR: 31.146 dB
TRAIN PSNR: 31.373 dB
Checkpoint: trained_nets/brain/LPDS_MRI_Recon_Acc10/net.ckpt
TRAIN PSNR: 30.744 dB
TRAIN PSNR: 30.913 dB
TRAIN PSNR: 31.093 dB
TRAIN PSNR: 31.302 dB
TRAIN PSNR: 31.292 dB
Checkpoint: trained_nets/brain/LPDS_MRI_Recon_Acc10/net.ckpt
TRAIN PSNR: 31.097 dB
TRAIN PSNR: 30.855 dB
TRAIN PSNR: 31.118 dB
TRAIN PSNR: 31.377 dB
TRAIN PSNR: 31.172 dB
Checkpoint: trained_nets/brain/LPDS_MRI_Recon_Acc10/net.ckpt
TRAIN PSNR: 31.276 dB
TRAIN PSNR: 31.418 dB
TRAIN PSNR: 31.022 dB
TRAIN PSNR: 31.141 dB
TRAIN PSNR: 31.112 dB
Checkpoint: trained_nets/brain/LPDS_MRI_Recon_Acc10/net.ckpt
TRAIN PSNR: 31.015 dB
TRAIN PSNR: 30.939 dB
TRAIN PSNR: 31.143 dB
TRAIN PSNR: 31.017 dB
TRAIN PSNR: 31.359 dB
Checkpoint: trained_nets/brain/LPDS_MRI_Recon_Acc10/net.ckpt
TRAIN PSNR: 31.378 dB
TRAIN PSNR: 31.429 dB
TRAIN PSNR: 31.300 dB
TRAIN PSNR: 31.161 dB
TRAIN PSNR: 31.068 dB
Checkpoint: trained_nets/brain/LPDS_MRI_Recon_Acc10/net.ckpt
TRAIN PSNR: 31.366 dB
TRAIN PSNR: 31.151 dB
TRAIN PSNR: 31.133 dB
TRAIN PSNR: 31.188 dB
TRAIN PSNR: 31.045 dB
VAL PSNR: 31.859 dB
TEST PSNR: 32.292 dB
Updated Learning Rate(s): 
[0.00045125]
Checkpoint: trained_nets/brain/LPDS_MRI_Recon_Acc10/net.ckpt
{'model': {'C': 1,
           'K': 30,
           'M': 169,
           'P': 7,
           'adaptive': True,
           'e2e_diff': True,
           's': 2},
 'mri': {'R': 10, 'acs_lines': 24},
 'paths': {'ckpt': None, 'save': 'trained_nets/brain/LPDS_MRI_Recon_Acc10'},
 'train': {'fit': {'backtrack_thresh': 5,
                   'clip_grad': 0.05,
                   'demosaic': False,
                   'denoiser_args_path': 'eval_config.json',
                   'epochs': 100,
                   'image_noise_std': [0, 126],
                   'mcsure': False,
                   'noise_dist': 'uniform',
                   'noise_std': [10, 13],
                   'save_freq': 5,
                   'val_freq': 50,
                   'verbose': True,
                   'x_init': False},
           'loaders': {'batch_size': 1,
                       'crop_size': 256,
                       'num_workers': 14,
                       'scaling_fac': 2000.0,
                       'trn_kspace_path_list': ['../../datasets/fastmri/brain/multicoil_train'],
                       'trn_path_list': ['../../datasets/fastmri_preprocessed/brain_T2W_coil_combined/train'],
                       'tst_kspace_path_list': ['../../datasets/fastmri/brain/multicoil_test'],
                       'tst_path_list': ['../../datasets/fastmri_preprocessed/brain_T2W_coil_combined/test'],
                       'val_kspace_path_list': ['../../datasets/fastmri/brain/multicoil_val'],
                       'val_path_list': ['../../datasets/fastmri_preprocessed/brain_T2W_coil_combined/val']},
           'opt': {'lr': 0.0005},
           'sched': {'gamma': 0.95, 'step_size': 50}},
 'type': 'LPDSNet'}
Loading ['../../datasets/fastmri_preprocessed/brain_T2W_coil_combined/train']:
Loading ['../../datasets/fastmri/brain/multicoil_train']
Loading ['../../datasets/fastmri_preprocessed/brain_T2W_coil_combined/val']:
Loading ['../../datasets/fastmri/brain/multicoil_val']
Loading ['../../datasets/fastmri_preprocessed/brain_T2W_coil_combined/test']:
Loading ['../../datasets/fastmri/brain/multicoil_test']
Running power-method on initial dictionary...
Done. L=3.269e+03+1.259e-06j.
Total Number of Parameters: 760,560
Using trained_nets/brain/LPDS_MRI_Recon_Acc10 ...
fit: using device cuda:0
TRAIN PSNR: 27.515 dB
TRAIN PSNR: 28.930 dB
TRAIN PSNR: 29.253 dB
TRAIN PSNR: 29.407 dB
TRAIN PSNR: 29.622 dB
Checkpoint: trained_nets/brain/LPDS_MRI_Recon_Acc10/net.ckpt
TRAIN PSNR: 29.675 dB
