Running job 0 with config configs/knee/config.json
{'model': {'C': 1, 'K': 30, 'M': 169, 'P': 7, 'adaptive': True, 's': 2},
 'paths': {'ckpt': None, 'save': 'trained_nets/knee/LPDSNet'},
 'train': {'fit': {'backtrack_thresh': 5,
                   'clip_grad': 0.05,
                   'demosaic': False,
                   'epochs': None,
                   'max_steps': 300000,
                   'mcsure': False,
                   'noise_dist': 'log',
                   'noise_std': [0, 0.5],
                   'save_every': 5000,
                   'save_freq': 5,
                   'val_every': 2000,
                   'val_freq': 50,
                   'verbose': True},
           'loaders': {'batch_size': 10,
                       'brain': False,
                       'center_crop': 320,
                       'crop_size': 128,
                       'end_slice': 20,
                       'load_color': False,
                       'num_workers': 14,
                       'scaling_fac': 4000.0,
                       'start_slice': 10,
                       'trn_path_list': ['../../datasets/fastmri_preprocessed/knee_coil_combined/pd/train'],
                       'tst_path_list': ['../../datasets/fastmri_preprocessed/knee_coil_combined/pd/test'],
                       'val_path_list': ['../../datasets/fastmri_preprocessed/knee_coil_combined/pd/val']},
           'opt': {'lr': 0.0005},
           'sched': {'gamma': 0.95, 'step_size': 50}},
 'type': 'LPDSNet'}
Loading ['../../datasets/fastmri_preprocessed/knee_coil_combined/pd/train']:
Loading ['../../datasets/fastmri_preprocessed/knee_coil_combined/pd/val']:
Loading ['../../datasets/fastmri_preprocessed/knee_coil_combined/pd/test']:
Running power-method on initial dictionary...
Done. L=3.430e+03+1.187e-05j.
Total Number of Parameters: 755,490
Using trained_nets/knee/LPDSNet ...
fit: using device cuda:0

Checkpoint: trained_nets/knee/LPDSNet/net.ckpt (step 5000)

Checkpoint: trained_nets/knee/LPDSNet/net.ckpt (step 10000)

Checkpoint: trained_nets/knee/LPDSNet/net.ckpt (step 15000)

Checkpoint: trained_nets/knee/LPDSNet/net.ckpt (step 20000)

Checkpoint: trained_nets/knee/LPDSNet/net.ckpt (step 25000)

Checkpoint: trained_nets/knee/LPDSNet/net.ckpt (step 30000)

Checkpoint: trained_nets/knee/LPDSNet/net.ckpt (step 35000)

Checkpoint: trained_nets/knee/LPDSNet/net.ckpt (step 40000)

Checkpoint: trained_nets/knee/LPDSNet/net.ckpt (step 45000)

Checkpoint: trained_nets/knee/LPDSNet/net.ckpt (step 50000)

Checkpoint: trained_nets/knee/LPDSNet/net.ckpt (step 55000)

Checkpoint: trained_nets/knee/LPDSNet/net.ckpt (step 60000)

Checkpoint: trained_nets/knee/LPDSNet/net.ckpt (step 65000)

Checkpoint: trained_nets/knee/LPDSNet/net.ckpt (step 70000)

Checkpoint: trained_nets/knee/LPDSNet/net.ckpt (step 75000)

Checkpoint: trained_nets/knee/LPDSNet/net.ckpt (step 80000)

Checkpoint: trained_nets/knee/LPDSNet/net.ckpt (step 85000)

Checkpoint: trained_nets/knee/LPDSNet/net.ckpt (step 90000)

Checkpoint: trained_nets/knee/LPDSNet/net.ckpt (step 95000)

Checkpoint: trained_nets/knee/LPDSNet/net.ckpt (step 100000)

Checkpoint: trained_nets/knee/LPDSNet/net.ckpt (step 105000)

Checkpoint: trained_nets/knee/LPDSNet/net.ckpt (step 110000)

Checkpoint: trained_nets/knee/LPDSNet/net.ckpt (step 115000)

Checkpoint: trained_nets/knee/LPDSNet/net.ckpt (step 120000)

Checkpoint: trained_nets/knee/LPDSNet/net.ckpt (step 125000)

Checkpoint: trained_nets/knee/LPDSNet/net.ckpt (step 130000)

Checkpoint: trained_nets/knee/LPDSNet/net.ckpt (step 135000)

Checkpoint: trained_nets/knee/LPDSNet/net.ckpt (step 140000)

Checkpoint: trained_nets/knee/LPDSNet/net.ckpt (step 145000)

Checkpoint: trained_nets/knee/LPDSNet/net.ckpt (step 150000)

Checkpoint: trained_nets/knee/LPDSNet/net.ckpt (step 155000)

Checkpoint: trained_nets/knee/LPDSNet/net.ckpt (step 160000)

Checkpoint: trained_nets/knee/LPDSNet/net.ckpt (step 165000)

Checkpoint: trained_nets/knee/LPDSNet/net.ckpt (step 170000)

Checkpoint: trained_nets/knee/LPDSNet/net.ckpt (step 175000)
