{'model': {'C': 1, 'K': 30, 'M': 169, 'P': 7, 'adaptive': True, 's': 2},
 'paths': {'ckpt': None, 'save': 'trained_nets/LPDSNet'},
 'train': {'fit': {'backtrack_thresh': 2,
                   'clip_grad': 0.05,
                   'demosaic': False,
                   'epochs': 1000,
                   'mcsure': False,
                   'noise_std': [0, 126],
                   'save_freq': 5,
                   'val_freq': 50,
                   'verbose': True},
           'loaders': {'batch_size': 10,
                       'crop_size': 256,
                       'end_slice': 8,
                       'load_color': False,
                       'scaling_fac': 2000.0,
                       'start_slice': 0,
                       'trn_path_list': ['../../datasets/fastmri_preprocessed/brain_T2W_coil_combined/train'],
                       'tst_path_list': ['../../datasets/fastmri_preprocessed/brain_T2W_coil_combined/test'],
                       'val_path_list': ['../../datasets/fastmri_preprocessed/brain_T2W_coil_combined/val']},
           'opt': {'lr': 0.001},
           'sched': {'gamma': 0.95, 'step_size': 50}},
 'type': 'LPDSNet'}
Loading ['../../datasets/fastmri_preprocessed/brain_T2W_coil_combined/train']:
Loading ['../../datasets/fastmri_preprocessed/brain_T2W_coil_combined/val']:
Loading ['../../datasets/fastmri_preprocessed/brain_T2W_coil_combined/test']:
Running power-method on initial dictionary...
Done. L=3.625e+03-7.474e-06j.
Total Number of Parameters: 755,490
Using trained_nets/LPDSNet ...
fit: using device cuda:0
TRAIN PSNR: 33.184 dB
TRAIN PSNR: 31.462 dB
TRAIN PSNR: 31.966 dB
TRAIN PSNR: 33.313 dB
TRAIN PSNR: 34.977 dB
Checkpoint: trained_nets/LPDSNet/net.ckpt
TRAIN PSNR: 37.200 dB
TRAIN PSNR: 35.525 dB
TRAIN PSNR: 32.688 dB
Loss has diverged. Backtracking to trained_nets/LPDSNet/net.ckpt ...
Loading net state-dict...
Loading opt state-dict...
Loading sched state-dict...
Updated Learning Rate(s): [0.0008]
TRAIN PSNR: 33.832 dB
Loss has diverged. Backtracking to trained_nets/LPDSNet/net.ckpt ...
Loading net state-dict...
Loading opt state-dict...
Loading sched state-dict...
Updated Learning Rate(s): [0.00064]
TRAIN PSNR: 33.643 dB
Loss has diverged. Backtracking to trained_nets/LPDSNet/net.ckpt ...
Loading net state-dict...
Loading opt state-dict...
Loading sched state-dict...
Updated Learning Rate(s): [0.000512]
TRAIN PSNR: 34.780 dB
Loss has diverged. Backtracking to trained_nets/LPDSNet/net.ckpt ...
Loading net state-dict...
Loading opt state-dict...
Loading sched state-dict...
Updated Learning Rate(s): [0.0004096]
TRAIN PSNR: 33.361 dB
Loss has diverged. Backtracking to trained_nets/LPDSNet/net.ckpt ...
Loading net state-dict...
Loading opt state-dict...
Loading sched state-dict...
Updated Learning Rate(s): [0.00032768]
TRAIN PSNR: 32.826 dB
Loss has diverged. Backtracking to trained_nets/LPDSNet/net.ckpt ...
Loading net state-dict...
Loading opt state-dict...
Loading sched state-dict...
Updated Learning Rate(s): [0.00026214]
TRAIN PSNR: 34.823 dB
Loss has diverged. Backtracking to trained_nets/LPDSNet/net.ckpt ...
Loading net state-dict...
Loading opt state-dict...
Loading sched state-dict...
Updated Learning Rate(s): [0.00020972]
TRAIN PSNR: 33.455 dB
Loss has diverged. Backtracking to trained_nets/LPDSNet/net.ckpt ...
Loading net state-dict...
Loading opt state-dict...
Loading sched state-dict...
Updated Learning Rate(s): [0.00016777]
TRAIN PSNR: 34.673 dB
Loss has diverged. Backtracking to trained_nets/LPDSNet/net.ckpt ...
Loading net state-dict...
Loading opt state-dict...
Loading sched state-dict...
Updated Learning Rate(s): [0.00013422]
TRAIN PSNR: 34.981 dB
Loss has diverged. Backtracking to trained_nets/LPDSNet/net.ckpt ...
Loading net state-dict...
Loading opt state-dict...
Loading sched state-dict...
Updated Learning Rate(s): [0.00010737]
TRAIN PSNR: 31.569 dB
Loss has diverged. Backtracking to trained_nets/LPDSNet/net.ckpt ...
Loading net state-dict...
Loading opt state-dict...
Loading sched state-dict...
Updated Learning Rate(s): [8.58993459e-05]
TRAIN PSNR: 32.832 dB
Loss has diverged. Backtracking to trained_nets/LPDSNet/net.ckpt ...
Loading net state-dict...
Loading opt state-dict...
Loading sched state-dict...
Updated Learning Rate(s): [6.87194767e-05]
TRAIN PSNR: 33.166 dB
Loss has diverged. Backtracking to trained_nets/LPDSNet/net.ckpt ...
Loading net state-dict...
Loading opt state-dict...
Loading sched state-dict...
Updated Learning Rate(s): [5.49755814e-05]
TRAIN PSNR: 33.349 dB
Loss has diverged. Backtracking to trained_nets/LPDSNet/net.ckpt ...
Loading net state-dict...
Loading opt state-dict...
Loading sched state-dict...
Updated Learning Rate(s): [4.39804651e-05]
TRAIN PSNR: 32.884 dB
Loss has diverged. Backtracking to trained_nets/LPDSNet/net.ckpt ...
Loading net state-dict...
Loading opt state-dict...
Loading sched state-dict...
Updated Learning Rate(s): [3.51843721e-05]
TRAIN PSNR: 34.897 dB
Loss has diverged. Backtracking to trained_nets/LPDSNet/net.ckpt ...
Loading net state-dict...
Loading opt state-dict...
Loading sched state-dict...
Updated Learning Rate(s): [2.81474977e-05]
TRAIN PSNR: 35.629 dB
TRAIN PSNR: 33.441 dB
Loss has diverged. Backtracking to trained_nets/LPDSNet/net.ckpt ...
Loading net state-dict...
Loading opt state-dict...
Loading sched state-dict...
Updated Learning Rate(s): [2.25179981e-05]
TRAIN PSNR: 31.943 dB
Loss has diverged. Backtracking to trained_nets/LPDSNet/net.ckpt ...
Loading net state-dict...
Loading opt state-dict...
Loading sched state-dict...
Updated Learning Rate(s): [1.80143985e-05]
TRAIN PSNR: 33.678 dB
Loss has diverged. Backtracking to trained_nets/LPDSNet/net.ckpt ...
Loading net state-dict...
Loading opt state-dict...
Loading sched state-dict...
Updated Learning Rate(s): [1.44115188e-05]
TRAIN PSNR: 32.745 dB
Loss has diverged. Backtracking to trained_nets/LPDSNet/net.ckpt ...
Loading net state-dict...
Loading opt state-dict...
Loading sched state-dict...
Updated Learning Rate(s): [1.1529215e-05]
TRAIN PSNR: 32.670 dB
Loss has diverged. Backtracking to trained_nets/LPDSNet/net.ckpt ...
Loading net state-dict...
Loading opt state-dict...
Loading sched state-dict...
Updated Learning Rate(s): [9.22337204e-06]
TRAIN PSNR: 31.612 dB
Loss has diverged. Backtracking to trained_nets/LPDSNet/net.ckpt ...
Loading net state-dict...
Loading opt state-dict...
Loading sched state-dict...
Updated Learning Rate(s): [7.37869763e-06]
TRAIN PSNR: 33.061 dB
Loss has diverged. Backtracking to trained_nets/LPDSNet/net.ckpt ...
Loading net state-dict...
Loading opt state-dict...
Loading sched state-dict...
Updated Learning Rate(s): [5.9029581e-06]
TRAIN PSNR: 32.831 dB
Loss has diverged. Backtracking to trained_nets/LPDSNet/net.ckpt ...
Loading net state-dict...
Loading opt state-dict...
Loading sched state-dict...
Updated Learning Rate(s): [4.72236648e-06]
TRAIN PSNR: 32.349 dB
Loss has diverged. Backtracking to trained_nets/LPDSNet/net.ckpt ...
Loading net state-dict...
Loading opt state-dict...
Loading sched state-dict...
Updated Learning Rate(s): [3.77789319e-06]
TRAIN PSNR: 33.343 dB
Loss has diverged. Backtracking to trained_nets/LPDSNet/net.ckpt ...
Loading net state-dict...
Loading opt state-dict...
Loading sched state-dict...
Updated Learning Rate(s): [3.02231455e-06]
TRAIN PSNR: 34.095 dB
Loss has diverged. Backtracking to trained_nets/LPDSNet/net.ckpt ...
Loading net state-dict...
Loading opt state-dict...
Loading sched state-dict...
Updated Learning Rate(s): [2.41785164e-06]
TRAIN PSNR: 32.788 dB
Loss has diverged. Backtracking to trained_nets/LPDSNet/net.ckpt ...
Loading net state-dict...
Loading opt state-dict...
Loading sched state-dict...
Updated Learning Rate(s): [1.93428131e-06]
TRAIN PSNR: 33.021 dB
Loss has diverged. Backtracking to trained_nets/LPDSNet/net.ckpt ...
Loading net state-dict...
Loading opt state-dict...
Loading sched state-dict...
Updated Learning Rate(s): [1.54742505e-06]
TRAIN PSNR: 34.890 dB
Loss has diverged. Backtracking to trained_nets/LPDSNet/net.ckpt ...
Loading net state-dict...
Loading opt state-dict...
Loading sched state-dict...
Updated Learning Rate(s): [1.23794004e-06]
TRAIN PSNR: 34.669 dB
Loss has diverged. Backtracking to trained_nets/LPDSNet/net.ckpt ...
Loading net state-dict...
Loading opt state-dict...
Loading sched state-dict...
Updated Learning Rate(s): [9.90352031e-07]
TRAIN PSNR: 32.680 dB
Loss has diverged. Backtracking to trained_nets/LPDSNet/net.ckpt ...
Loading net state-dict...
Loading opt state-dict...
Loading sched state-dict...
Updated Learning Rate(s): [7.92281625e-07]
TRAIN PSNR: 35.579 dB
TRAIN PSNR: 34.224 dB
Loss has diverged. Backtracking to trained_nets/LPDSNet/net.ckpt ...
Loading net state-dict...
Loading opt state-dict...
Loading sched state-dict...
Updated Learning Rate(s): [6.338253e-07]
TRAIN PSNR: 33.814 dB
Loss has diverged. Backtracking to trained_nets/LPDSNet/net.ckpt ...
Loading net state-dict...
Loading opt state-dict...
Loading sched state-dict...
Updated Learning Rate(s): [5.0706024e-07]
TRAIN PSNR: 32.106 dB
Loss has diverged. Backtracking to trained_nets/LPDSNet/net.ckpt ...
Loading net state-dict...
Loading opt state-dict...
Loading sched state-dict...
Updated Learning Rate(s): [4.05648192e-07]
TRAIN PSNR: 34.180 dB
Loss has diverged. Backtracking to trained_nets/LPDSNet/net.ckpt ...
Loading net state-dict...
Loading opt state-dict...
Loading sched state-dict...
Updated Learning Rate(s): [3.24518554e-07]
TRAIN PSNR: 33.700 dB
Loss has diverged. Backtracking to trained_nets/LPDSNet/net.ckpt ...
Loading net state-dict...
Loading opt state-dict...
Loading sched state-dict...
Updated Learning Rate(s): [2.59614843e-07]
TRAIN PSNR: 32.843 dB
Loss has diverged. Backtracking to trained_nets/LPDSNet/net.ckpt ...
Loading net state-dict...
Loading opt state-dict...
Loading sched state-dict...
Updated Learning Rate(s): [2.07691874e-07]
TRAIN PSNR: 32.093 dB
Loss has diverged. Backtracking to trained_nets/LPDSNet/net.ckpt ...
Loading net state-dict...
Loading opt state-dict...
Loading sched state-dict...
Updated Learning Rate(s): [1.66153499e-07]
TRAIN PSNR: 33.239 dB
Loss has diverged. Backtracking to trained_nets/LPDSNet/net.ckpt ...
Loading net state-dict...
Loading opt state-dict...
Loading sched state-dict...
Updated Learning Rate(s): [1.329228e-07]
TRAIN PSNR: 32.796 dB
Loss has diverged. Backtracking to trained_nets/LPDSNet/net.ckpt ...
Loading net state-dict...
Loading opt state-dict...
Loading sched state-dict...
Updated Learning Rate(s): [1.0633824e-07]
TRAIN PSNR: 33.774 dB
Loss has diverged. Backtracking to trained_nets/LPDSNet/net.ckpt ...
Loading net state-dict...
Loading opt state-dict...
Loading sched state-dict...
Updated Learning Rate(s): [8.50705917e-08]
TRAIN PSNR: 34.117 dB
Loss has diverged. Backtracking to trained_nets/LPDSNet/net.ckpt ...
Loading net state-dict...
Loading opt state-dict...
Loading sched state-dict...
Updated Learning Rate(s): [6.80564734e-08]
TRAIN PSNR: 34.432 dB
Loss has diverged. Backtracking to trained_nets/LPDSNet/net.ckpt ...
Loading net state-dict...
Loading opt state-dict...
Loading sched state-dict...
Updated Learning Rate(s): [5.44451787e-08]
TRAIN PSNR: 33.206 dB
Loss has diverged. Backtracking to trained_nets/LPDSNet/net.ckpt ...
Loading net state-dict...
Loading opt state-dict...
Loading sched state-dict...
Updated Learning Rate(s): [4.3556143e-08]
TRAIN PSNR: 34.076 dB
Loss has diverged. Backtracking to trained_nets/LPDSNet/net.ckpt ...
Loading net state-dict...
Loading opt state-dict...
Loading sched state-dict...
Updated Learning Rate(s): [3.48449144e-08]
TRAIN PSNR: 34.274 dB
Loss has diverged. Backtracking to trained_nets/LPDSNet/net.ckpt ...
Loading net state-dict...
Loading opt state-dict...
Loading sched state-dict...
Updated Learning Rate(s): [2.78759315e-08]
TRAIN PSNR: 34.044 dB
Loss has diverged. Backtracking to trained_nets/LPDSNet/net.ckpt ...
Loading net state-dict...
Loading opt state-dict...
Loading sched state-dict...
Updated Learning Rate(s): [2.23007452e-08]
TRAIN PSNR: 34.000 dB
Loss has diverged. Backtracking to trained_nets/LPDSNet/net.ckpt ...
Loading net state-dict...
Loading opt state-dict...
Loading sched state-dict...
Updated Learning Rate(s): [1.78405962e-08]
TRAIN PSNR: 34.432 dB
Loss has diverged. Backtracking to trained_nets/LPDSNet/net.ckpt ...
Loading net state-dict...
Loading opt state-dict...
Loading sched state-dict...
Updated Learning Rate(s): [1.42724769e-08]
TRAIN PSNR: 33.816 dB
Loss has diverged. Backtracking to trained_nets/LPDSNet/net.ckpt ...
Loading net state-dict...
Loading opt state-dict...
Loading sched state-dict...
Updated Learning Rate(s): [1.14179815e-08]
TRAIN PSNR: 34.673 dB
Loss has diverged. Backtracking to trained_nets/LPDSNet/net.ckpt ...
Loading net state-dict...
Loading opt state-dict...
Loading sched state-dict...
Updated Learning Rate(s): [9.13438523e-09]
TRAIN PSNR: 32.658 dB
Loss has diverged. Backtracking to trained_nets/LPDSNet/net.ckpt ...
Loading net state-dict...
Loading opt state-dict...
Loading sched state-dict...
Updated Learning Rate(s): [7.30750819e-09]
TRAIN PSNR: 33.169 dB
Loss has diverged. Backtracking to trained_nets/LPDSNet/net.ckpt ...
Loading net state-dict...
Loading opt state-dict...
Loading sched state-dict...
Updated Learning Rate(s): [5.84600655e-09]
TRAIN PSNR: 33.902 dB
Loss has diverged. Backtracking to trained_nets/LPDSNet/net.ckpt ...
Loading net state-dict...
Loading opt state-dict...
Loading sched state-dict...
Updated Learning Rate(s): [4.67680524e-09]
TRAIN PSNR: 32.677 dB
Loss has diverged. Backtracking to trained_nets/LPDSNet/net.ckpt ...
Loading net state-dict...
Loading opt state-dict...
Loading sched state-dict...
Updated Learning Rate(s): [3.74144419e-09]
TRAIN PSNR: 32.140 dB
Loss has diverged. Backtracking to trained_nets/LPDSNet/net.ckpt ...
Loading net state-dict...
Loading opt state-dict...
Loading sched state-dict...
Updated Learning Rate(s): [2.99315535e-09]
TRAIN PSNR: 32.799 dB
Loss has diverged. Backtracking to trained_nets/LPDSNet/net.ckpt ...
Loading net state-dict...
Loading opt state-dict...
Loading sched state-dict...
Updated Learning Rate(s): [2.39452428e-09]
TRAIN PSNR: 34.023 dB
Loss has diverged. Backtracking to trained_nets/LPDSNet/net.ckpt ...
Loading net state-dict...
Loading opt state-dict...
Loading sched state-dict...
Updated Learning Rate(s): [1.91561943e-09]
TRAIN PSNR: 33.511 dB
Loss has diverged. Backtracking to trained_nets/LPDSNet/net.ckpt ...
Loading net state-dict...
Loading opt state-dict...
Loading sched state-dict...
Updated Learning Rate(s): [1.53249554e-09]
TRAIN PSNR: 33.583 dB
Loss has diverged. Backtracking to trained_nets/LPDSNet/net.ckpt ...
Loading net state-dict...
Loading opt state-dict...
Loading sched state-dict...
Updated Learning Rate(s): [1.22599643e-09]
TRAIN PSNR: 33.737 dB
Loss has diverged. Backtracking to trained_nets/LPDSNet/net.ckpt ...
Loading net state-dict...
Loading opt state-dict...
Loading sched state-dict...
Updated Learning Rate(s): [9.80797146e-10]
TRAIN PSNR: 32.880 dB
Loss has diverged. Backtracking to trained_nets/LPDSNet/net.ckpt ...
Loading net state-dict...
Loading opt state-dict...
Loading sched state-dict...
Updated Learning Rate(s): [7.84637717e-10]
TRAIN PSNR: 33.495 dB
Loss has diverged. Backtracking to trained_nets/LPDSNet/net.ckpt ...
Loading net state-dict...
Loading opt state-dict...
Loading sched state-dict...
Updated Learning Rate(s): [6.27710174e-10]
TRAIN PSNR: 32.003 dB
Loss has diverged. Backtracking to trained_nets/LPDSNet/net.ckpt ...
Loading net state-dict...
Loading opt state-dict...
Loading sched state-dict...
Updated Learning Rate(s): [5.02168139e-10]
TRAIN PSNR: 35.617 dB
TRAIN PSNR: 34.675 dB
Loss has diverged. Backtracking to trained_nets/LPDSNet/net.ckpt ...
Loading net state-dict...
Loading opt state-dict...
Loading sched state-dict...
Updated Learning Rate(s): [4.01734511e-10]
TRAIN PSNR: 32.500 dB
Loss has diverged. Backtracking to trained_nets/LPDSNet/net.ckpt ...
Loading net state-dict...
Loading opt state-dict...
Loading sched state-dict...
Updated Learning Rate(s): [3.21387609e-10]
TRAIN PSNR: 35.135 dB
Loss has diverged. Backtracking to trained_nets/LPDSNet/net.ckpt ...
Loading net state-dict...
Loading opt state-dict...
Loading sched state-dict...
Updated Learning Rate(s): [2.57110087e-10]
TRAIN PSNR: 34.653 dB
Loss has diverged. Backtracking to trained_nets/LPDSNet/net.ckpt ...
Loading net state-dict...
Loading opt state-dict...
Loading sched state-dict...
Updated Learning Rate(s): [2.0568807e-10]
TRAIN PSNR: 33.601 dB
Loss has diverged. Backtracking to trained_nets/LPDSNet/net.ckpt ...
Loading net state-dict...
Loading opt state-dict...
Loading sched state-dict...
Updated Learning Rate(s): [1.64550456e-10]
TRAIN PSNR: 33.633 dB
Loss has diverged. Backtracking to trained_nets/LPDSNet/net.ckpt ...
Loading net state-dict...
Loading opt state-dict...
Loading sched state-dict...
Updated Learning Rate(s): [1.31640365e-10]
TRAIN PSNR: 33.521 dB
Loss has diverged. Backtracking to trained_nets/LPDSNet/net.ckpt ...
Loading net state-dict...
Loading opt state-dict...
Loading sched state-dict...
Updated Learning Rate(s): [1.05312292e-10]
TRAIN PSNR: 32.730 dB
Loss has diverged. Backtracking to trained_nets/LPDSNet/net.ckpt ...
Loading net state-dict...
Loading opt state-dict...
Loading sched state-dict...
Updated Learning Rate(s): [8.42498333e-11]
TRAIN PSNR: 33.142 dB
Loss has diverged. Backtracking to trained_nets/LPDSNet/net.ckpt ...
Loading net state-dict...
Loading opt state-dict...
Loading sched state-dict...
Updated Learning Rate(s): [6.73998667e-11]
TRAIN PSNR: 32.458 dB
Loss has diverged. Backtracking to trained_nets/LPDSNet/net.ckpt ...
Loading net state-dict...
Loading opt state-dict...
Loading sched state-dict...
Updated Learning Rate(s): [5.39198933e-11]
TRAIN PSNR: 32.879 dB
Loss has diverged. Backtracking to trained_nets/LPDSNet/net.ckpt ...
Loading net state-dict...
Loading opt state-dict...
Loading sched state-dict...
Updated Learning Rate(s): [4.31359147e-11]
TRAIN PSNR: 34.655 dB
Loss has diverged. Backtracking to trained_nets/LPDSNet/net.ckpt ...
Loading net state-dict...
Loading opt state-dict...
Loading sched state-dict...
Updated Learning Rate(s): [3.45087317e-11]
TRAIN PSNR: 33.242 dB
Loss has diverged. Backtracking to trained_nets/LPDSNet/net.ckpt ...
Loading net state-dict...
Loading opt state-dict...
Loading sched state-dict...
Updated Learning Rate(s): [2.76069854e-11]
TRAIN PSNR: 31.383 dB
Loss has diverged. Backtracking to trained_nets/LPDSNet/net.ckpt ...
Loading net state-dict...
Loading opt state-dict...
Loading sched state-dict...
Updated Learning Rate(s): [2.20855883e-11]
TRAIN PSNR: 37.225 dB
TRAIN PSNR: 32.603 dB
Loss has diverged. Backtracking to trained_nets/LPDSNet/net.ckpt ...
Loading net state-dict...
Loading opt state-dict...
Loading sched state-dict...
Updated Learning Rate(s): [1.76684706e-11]
TRAIN PSNR: 33.359 dB
Loss has diverged. Backtracking to trained_nets/LPDSNet/net.ckpt ...
Loading net state-dict...
Loading opt state-dict...
Loading sched state-dict...
Updated Learning Rate(s): [1.41347765e-11]
TRAIN PSNR: 33.491 dB
Loss has diverged. Backtracking to trained_nets/LPDSNet/net.ckpt ...
Loading net state-dict...
Loading opt state-dict...
Loading sched state-dict...
Updated Learning Rate(s): [1.13078212e-11]
TRAIN PSNR: 32.553 dB
Loss has diverged. Backtracking to trained_nets/LPDSNet/net.ckpt ...
Loading net state-dict...
Loading opt state-dict...
Loading sched state-dict...
Updated Learning Rate(s): [9.04625697e-12]
TRAIN PSNR: 33.277 dB
Loss has diverged. Backtracking to trained_nets/LPDSNet/net.ckpt ...
Loading net state-dict...
Loading opt state-dict...
Loading sched state-dict...
Updated Learning Rate(s): [7.23700558e-12]
TRAIN PSNR: 33.700 dB
Loss has diverged. Backtracking to trained_nets/LPDSNet/net.ckpt ...
Loading net state-dict...
Loading opt state-dict...
Loading sched state-dict...
Updated Learning Rate(s): [5.78960446e-12]
TRAIN PSNR: 34.964 dB
Loss has diverged. Backtracking to trained_nets/LPDSNet/net.ckpt ...
Loading net state-dict...
Loading opt state-dict...
Loading sched state-dict...
Updated Learning Rate(s): [4.63168357e-12]
TRAIN PSNR: 35.049 dB
Loss has diverged. Backtracking to trained_nets/LPDSNet/net.ckpt ...
Loading net state-dict...
Loading opt state-dict...
Loading sched state-dict...
Updated Learning Rate(s): [3.70534686e-12]
TRAIN PSNR: 34.744 dB
Loss has diverged. Backtracking to trained_nets/LPDSNet/net.ckpt ...
Loading net state-dict...
Loading opt state-dict...
Loading sched state-dict...
Updated Learning Rate(s): [2.96427748e-12]
TRAIN PSNR: 33.731 dB
Loss has diverged. Backtracking to trained_nets/LPDSNet/net.ckpt ...
Loading net state-dict...
Loading opt state-dict...
Loading sched state-dict...
Updated Learning Rate(s): [2.37142199e-12]
TRAIN PSNR: 33.252 dB
Loss has diverged. Backtracking to trained_nets/LPDSNet/net.ckpt ...
Loading net state-dict...
Loading opt state-dict...
Loading sched state-dict...
Updated Learning Rate(s): [1.89713759e-12]
TRAIN PSNR: 33.666 dB
Loss has diverged. Backtracking to trained_nets/LPDSNet/net.ckpt ...
Loading net state-dict...
Loading opt state-dict...
Loading sched state-dict...
Updated Learning Rate(s): [1.51771007e-12]
TRAIN PSNR: 34.503 dB
Loss has diverged. Backtracking to trained_nets/LPDSNet/net.ckpt ...
Loading net state-dict...
Loading opt state-dict...
Loading sched state-dict...
Updated Learning Rate(s): [1.21416806e-12]
TRAIN PSNR: 34.189 dB
Loss has diverged. Backtracking to trained_nets/LPDSNet/net.ckpt ...
Loading net state-dict...
Loading opt state-dict...
Loading sched state-dict...
Updated Learning Rate(s): [9.71334446e-13]
TRAIN PSNR: 33.627 dB
Loss has diverged. Backtracking to trained_nets/LPDSNet/net.ckpt ...
Loading net state-dict...
Loading opt state-dict...
Loading sched state-dict...
Updated Learning Rate(s): [7.77067557e-13]
TRAIN PSNR: 31.853 dB
Loss has diverged. Backtracking to trained_nets/LPDSNet/net.ckpt ...
Loading net state-dict...
Loading opt state-dict...
Loading sched state-dict...
Updated Learning Rate(s): [6.21654046e-13]
TRAIN PSNR: 34.972 dB
Loss has diverged. Backtracking to trained_nets/LPDSNet/net.ckpt ...
Loading net state-dict...
Loading opt state-dict...
Loading sched state-dict...
Updated Learning Rate(s): [4.97323236e-13]
TRAIN PSNR: 32.814 dB
Loss has diverged. Backtracking to trained_nets/LPDSNet/net.ckpt ...
Loading net state-dict...
Loading opt state-dict...
Loading sched state-dict...
Updated Learning Rate(s): [3.97858589e-13]
TRAIN PSNR: 33.433 dB
Loss has diverged. Backtracking to trained_nets/LPDSNet/net.ckpt ...
Loading net state-dict...
Loading opt state-dict...
Loading sched state-dict...
Updated Learning Rate(s): [3.18286871e-13]
TRAIN PSNR: 34.261 dB
Loss has diverged. Backtracking to trained_nets/LPDSNet/net.ckpt ...
Loading net state-dict...
Loading opt state-dict...
Loading sched state-dict...
Updated Learning Rate(s): [2.54629497e-13]
TRAIN PSNR: 33.171 dB
Loss has diverged. Backtracking to trained_nets/LPDSNet/net.ckpt ...
Loading net state-dict...
Loading opt state-dict...
Loading sched state-dict...
Updated Learning Rate(s): [2.03703598e-13]
TRAIN PSNR: 32.920 dB
Loss has diverged. Backtracking to trained_nets/LPDSNet/net.ckpt ...
Loading net state-dict...
Loading opt state-dict...
Loading sched state-dict...
Updated Learning Rate(s): [1.62962878e-13]
TRAIN PSNR: 33.478 dB
Loss has diverged. Backtracking to trained_nets/LPDSNet/net.ckpt ...
Loading net state-dict...
Loading opt state-dict...
Loading sched state-dict...
Updated Learning Rate(s): [1.30370302e-13]
TRAIN PSNR: 33.576 dB
Loss has diverged. Backtracking to trained_nets/LPDSNet/net.ckpt ...
Loading net state-dict...
Loading opt state-dict...
Loading sched state-dict...
Updated Learning Rate(s): [1.04296242e-13]
TRAIN PSNR: 33.409 dB
Loss has diverged. Backtracking to trained_nets/LPDSNet/net.ckpt ...
Loading net state-dict...
Loading opt state-dict...
Loading sched state-dict...
Updated Learning Rate(s): [8.34369936e-14]
TRAIN PSNR: 32.778 dB
Loss has diverged. Backtracking to trained_nets/LPDSNet/net.ckpt ...
Loading net state-dict...
Loading opt state-dict...
Loading sched state-dict...
Updated Learning Rate(s): [6.67495949e-14]
TRAIN PSNR: 36.001 dB
TRAIN PSNR: 33.842 dB
Loss has diverged. Backtracking to trained_nets/LPDSNet/net.ckpt ...
Loading net state-dict...
Loading opt state-dict...
Loading sched state-dict...
Updated Learning Rate(s): [5.33996759e-14]
TRAIN PSNR: 34.532 dB
Loss has diverged. Backtracking to trained_nets/LPDSNet/net.ckpt ...
Loading net state-dict...
Loading opt state-dict...
Loading sched state-dict...
Updated Learning Rate(s): [4.27197407e-14]
TRAIN PSNR: 33.945 dB
Loss has diverged. Backtracking to trained_nets/LPDSNet/net.ckpt ...
Loading net state-dict...
Loading opt state-dict...
Loading sched state-dict...
Updated Learning Rate(s): [3.41757926e-14]
TRAIN PSNR: 31.881 dB
Loss has diverged. Backtracking to trained_nets/LPDSNet/net.ckpt ...
Loading net state-dict...
Loading opt state-dict...
Loading sched state-dict...
Updated Learning Rate(s): [2.73406341e-14]
TRAIN PSNR: 33.927 dB
Loss has diverged. Backtracking to trained_nets/LPDSNet/net.ckpt ...
Loading net state-dict...
Loading opt state-dict...
Loading sched state-dict...
Updated Learning Rate(s): [2.18725072e-14]
TRAIN PSNR: 34.011 dB
Loss has diverged. Backtracking to trained_nets/LPDSNet/net.ckpt ...
Loading net state-dict...
Loading opt state-dict...
Loading sched state-dict...
Updated Learning Rate(s): [1.74980058e-14]
TRAIN PSNR: 34.323 dB
Loss has diverged. Backtracking to trained_nets/LPDSNet/net.ckpt ...
Loading net state-dict...
Loading opt state-dict...
Loading sched state-dict...
Updated Learning Rate(s): [1.39984046e-14]
TRAIN PSNR: 32.832 dB
Loss has diverged. Backtracking to trained_nets/LPDSNet/net.ckpt ...
Loading net state-dict...
Loading opt state-dict...
Loading sched state-dict...
Updated Learning Rate(s): [1.11987237e-14]
TRAIN PSNR: 34.509 dB
Loss has diverged. Backtracking to trained_nets/LPDSNet/net.ckpt ...
Loading net state-dict...
Loading opt state-dict...
Loading sched state-dict...
Updated Learning Rate(s): [8.95897897e-15]
TRAIN PSNR: 36.000 dB
TRAIN PSNR: 34.335 dB
Loss has diverged. Backtracking to trained_nets/LPDSNet/net.ckpt ...
Loading net state-dict...
Loading opt state-dict...
Loading sched state-dict...
Updated Learning Rate(s): [7.16718317e-15]
TRAIN PSNR: 32.314 dB
Loss has diverged. Backtracking to trained_nets/LPDSNet/net.ckpt ...
Loading net state-dict...
Loading opt state-dict...
Loading sched state-dict...
Updated Learning Rate(s): [5.73374654e-15]
TRAIN PSNR: 34.852 dB
Loss has diverged. Backtracking to trained_nets/LPDSNet/net.ckpt ...
Loading net state-dict...
Loading opt state-dict...
Loading sched state-dict...
Updated Learning Rate(s): [4.58699723e-15]
TRAIN PSNR: 32.856 dB
Loss has diverged. Backtracking to trained_nets/LPDSNet/net.ckpt ...
Loading net state-dict...
Loading opt state-dict...
Loading sched state-dict...
Updated Learning Rate(s): [3.66959779e-15]
TRAIN PSNR: 32.691 dB
Loss has diverged. Backtracking to trained_nets/LPDSNet/net.ckpt ...
Loading net state-dict...
Loading opt state-dict...
Loading sched state-dict...
Updated Learning Rate(s): [2.93567823e-15]
TRAIN PSNR: 32.844 dB
Loss has diverged. Backtracking to trained_nets/LPDSNet/net.ckpt ...
Loading net state-dict...
Loading opt state-dict...
Loading sched state-dict...
Updated Learning Rate(s): [2.34854258e-15]
TRAIN PSNR: 34.293 dB
Loss has diverged. Backtracking to trained_nets/LPDSNet/net.ckpt ...
Loading net state-dict...
Loading opt state-dict...
Loading sched state-dict...
Updated Learning Rate(s): [1.87883407e-15]
TRAIN PSNR: 32.991 dB
Loss has diverged. Backtracking to trained_nets/LPDSNet/net.ckpt ...
Loading net state-dict...
Loading opt state-dict...
Loading sched state-dict...
Updated Learning Rate(s): [1.50306725e-15]
TRAIN PSNR: 33.691 dB
Loss has diverged. Backtracking to trained_nets/LPDSNet/net.ckpt ...
Loading net state-dict...
Loading opt state-dict...
Loading sched state-dict...
Updated Learning Rate(s): [1.2024538e-15]
TRAIN PSNR: 34.143 dB
Loss has diverged. Backtracking to trained_nets/LPDSNet/net.ckpt ...
Loading net state-dict...
Loading opt state-dict...
Loading sched state-dict...
Updated Learning Rate(s): [9.61963042e-16]
TRAIN PSNR: 31.556 dB
Loss has diverged. Backtracking to trained_nets/LPDSNet/net.ckpt ...
Loading net state-dict...
Loading opt state-dict...
Loading sched state-dict...
Updated Learning Rate(s): [7.69570434e-16]
TRAIN PSNR: 36.890 dB
TRAIN PSNR: 34.180 dB
Loss has diverged. Backtracking to trained_nets/LPDSNet/net.ckpt ...
Loading net state-dict...
Loading opt state-dict...
Loading sched state-dict...
Updated Learning Rate(s): [6.15656347e-16]
TRAIN PSNR: 34.919 dB
Loss has diverged. Backtracking to trained_nets/LPDSNet/net.ckpt ...
Loading net state-dict...
Loading opt state-dict...
Loading sched state-dict...
Updated Learning Rate(s): [4.92525077e-16]
TRAIN PSNR: 34.485 dB
Loss has diverged. Backtracking to trained_nets/LPDSNet/net.ckpt ...
Loading net state-dict...
Loading opt state-dict...
Loading sched state-dict...
Updated Learning Rate(s): [3.94020062e-16]
TRAIN PSNR: 33.200 dB
Loss has diverged. Backtracking to trained_nets/LPDSNet/net.ckpt ...
Loading net state-dict...
Loading opt state-dict...
Loading sched state-dict...
Updated Learning Rate(s): [3.1521605e-16]
TRAIN PSNR: 32.770 dB
Loss has diverged. Backtracking to trained_nets/LPDSNet/net.ckpt ...
Loading net state-dict...
Loading opt state-dict...
Loading sched state-dict...
Updated Learning Rate(s): [2.5217284e-16]
TRAIN PSNR: 34.595 dB
Loss has diverged. Backtracking to trained_nets/LPDSNet/net.ckpt ...
Loading net state-dict...
Loading opt state-dict...
Loading sched state-dict...
Updated Learning Rate(s): [2.01738272e-16]
TRAIN PSNR: 34.891 dB
Loss has diverged. Backtracking to trained_nets/LPDSNet/net.ckpt ...
Loading net state-dict...
Loading opt state-dict...
Loading sched state-dict...
Updated Learning Rate(s): [1.61390617e-16]
TRAIN PSNR: 34.414 dB
Loss has diverged. Backtracking to trained_nets/LPDSNet/net.ckpt ...
Loading net state-dict...
Loading opt state-dict...
Loading sched state-dict...
Updated Learning Rate(s): [1.29112494e-16]
TRAIN PSNR: 32.326 dB
Loss has diverged. Backtracking to trained_nets/LPDSNet/net.ckpt ...
Loading net state-dict...
Loading opt state-dict...
Loading sched state-dict...
Updated Learning Rate(s): [1.03289995e-16]
TRAIN PSNR: 33.599 dB
Loss has diverged. Backtracking to trained_nets/LPDSNet/net.ckpt ...
Loading net state-dict...
Loading opt state-dict...
Loading sched state-dict...
Updated Learning Rate(s): [8.26319961e-17]
TRAIN PSNR: 33.858 dB
Loss has diverged. Backtracking to trained_nets/LPDSNet/net.ckpt ...
Loading net state-dict...
Loading opt state-dict...
Loading sched state-dict...
Updated Learning Rate(s): [6.61055969e-17]
TRAIN PSNR: 33.143 dB
Loss has diverged. Backtracking to trained_nets/LPDSNet/net.ckpt ...
Loading net state-dict...
Loading opt state-dict...
Loading sched state-dict...
Updated Learning Rate(s): [5.28844775e-17]
TRAIN PSNR: 35.113 dB
Loss has diverged. Backtracking to trained_nets/LPDSNet/net.ckpt ...
Loading net state-dict...
Loading opt state-dict...
Loading sched state-dict...
Updated Learning Rate(s): [4.2307582e-17]
TRAIN PSNR: 34.653 dB
Loss has diverged. Backtracking to trained_nets/LPDSNet/net.ckpt ...
Loading net state-dict...
Loading opt state-dict...
Loading sched state-dict...
Updated Learning Rate(s): [3.38460656e-17]
TRAIN PSNR: 35.460 dB
TRAIN PSNR: 32.920 dB
Loss has diverged. Backtracking to trained_nets/LPDSNet/net.ckpt ...
Loading net state-dict...
Loading opt state-dict...
Loading sched state-dict...
Updated Learning Rate(s): [2.70768525e-17]
TRAIN PSNR: 35.220 dB
Loss has diverged. Backtracking to trained_nets/LPDSNet/net.ckpt ...
Loading net state-dict...
Loading opt state-dict...
Loading sched state-dict...
Updated Learning Rate(s): [2.1661482e-17]
TRAIN PSNR: 33.416 dB
Loss has diverged. Backtracking to trained_nets/LPDSNet/net.ckpt ...
Loading net state-dict...
Loading opt state-dict...
Loading sched state-dict...
Updated Learning Rate(s): [1.73291856e-17]
TRAIN PSNR: 32.359 dB
Loss has diverged. Backtracking to trained_nets/LPDSNet/net.ckpt ...
Loading net state-dict...
Loading opt state-dict...
Loading sched state-dict...
Updated Learning Rate(s): [1.38633485e-17]
TRAIN PSNR: 32.059 dB
Loss has diverged. Backtracking to trained_nets/LPDSNet/net.ckpt ...
Loading net state-dict...
Loading opt state-dict...
Loading sched state-dict...
Updated Learning Rate(s): [1.10906788e-17]
TRAIN PSNR: 33.641 dB
Loss has diverged. Backtracking to trained_nets/LPDSNet/net.ckpt ...
Loading net state-dict...
Loading opt state-dict...
Loading sched state-dict...
Updated Learning Rate(s): [8.87254302e-18]
TRAIN PSNR: 32.542 dB
Loss has diverged. Backtracking to trained_nets/LPDSNet/net.ckpt ...
Loading net state-dict...
Loading opt state-dict...
Loading sched state-dict...
Updated Learning Rate(s): [7.09803442e-18]
TRAIN PSNR: 33.190 dB
Loss has diverged. Backtracking to trained_nets/LPDSNet/net.ckpt ...
Loading net state-dict...
Loading opt state-dict...
Loading sched state-dict...
Updated Learning Rate(s): [5.67842753e-18]
TRAIN PSNR: 35.562 dB
TRAIN PSNR: 33.138 dB
Loss has diverged. Backtracking to trained_nets/LPDSNet/net.ckpt ...
Loading net state-dict...
Loading opt state-dict...
Loading sched state-dict...
Updated Learning Rate(s): [4.54274203e-18]
TRAIN PSNR: 33.606 dB
Loss has diverged. Backtracking to trained_nets/LPDSNet/net.ckpt ...
Loading net state-dict...
Loading opt state-dict...
Loading sched state-dict...
Updated Learning Rate(s): [3.63419362e-18]
TRAIN PSNR: 32.907 dB
Loss has diverged. Backtracking to trained_nets/LPDSNet/net.ckpt ...
Loading net state-dict...
Loading opt state-dict...
Loading sched state-dict...
Updated Learning Rate(s): [2.9073549e-18]
TRAIN PSNR: 33.066 dB
Loss has diverged. Backtracking to trained_nets/LPDSNet/net.ckpt ...
Loading net state-dict...
Loading opt state-dict...
Loading sched state-dict...
Updated Learning Rate(s): [2.32588392e-18]
TRAIN PSNR: 33.161 dB
Loss has diverged. Backtracking to trained_nets/LPDSNet/net.ckpt ...
Loading net state-dict...
Loading opt state-dict...
Loading sched state-dict...
Updated Learning Rate(s): [1.86070713e-18]
TRAIN PSNR: 33.456 dB
Loss has diverged. Backtracking to trained_nets/LPDSNet/net.ckpt ...
Loading net state-dict...
Loading opt state-dict...
Loading sched state-dict...
Updated Learning Rate(s): [1.48856571e-18]
TRAIN PSNR: 34.888 dB
Loss has diverged. Backtracking to trained_nets/LPDSNet/net.ckpt ...
Loading net state-dict...
Loading opt state-dict...
Loading sched state-dict...
Updated Learning Rate(s): [1.19085257e-18]
TRAIN PSNR: 34.210 dB
Loss has diverged. Backtracking to trained_nets/LPDSNet/net.ckpt ...
Loading net state-dict...
Loading opt state-dict...
Loading sched state-dict...
Updated Learning Rate(s): [9.52682053e-19]
TRAIN PSNR: 34.064 dB
Loss has diverged. Backtracking to trained_nets/LPDSNet/net.ckpt ...
Loading net state-dict...
Loading opt state-dict...
Loading sched state-dict...
Updated Learning Rate(s): [7.62145642e-19]
TRAIN PSNR: 34.424 dB
Loss has diverged. Backtracking to trained_nets/LPDSNet/net.ckpt ...
Loading net state-dict...
Loading opt state-dict...
Loading sched state-dict...
Updated Learning Rate(s): [6.09716514e-19]
TRAIN PSNR: 35.427 dB
TRAIN PSNR: 32.978 dB
Loss has diverged. Backtracking to trained_nets/LPDSNet/net.ckpt ...
Loading net state-dict...
Loading opt state-dict...
Loading sched state-dict...
Updated Learning Rate(s): [4.87773211e-19]
TRAIN PSNR: 32.330 dB
Loss has diverged. Backtracking to trained_nets/LPDSNet/net.ckpt ...
Loading net state-dict...
Loading opt state-dict...
Loading sched state-dict...
Updated Learning Rate(s): [3.90218569e-19]
TRAIN PSNR: 34.530 dB
Loss has diverged. Backtracking to trained_nets/LPDSNet/net.ckpt ...
Loading net state-dict...
Loading opt state-dict...
Loading sched state-dict...
Updated Learning Rate(s): [3.12174855e-19]
TRAIN PSNR: 32.743 dB
Loss has diverged. Backtracking to trained_nets/LPDSNet/net.ckpt ...
Loading net state-dict...
Loading opt state-dict...
Loading sched state-dict...
Updated Learning Rate(s): [2.49739884e-19]
TRAIN PSNR: 33.873 dB
Loss has diverged. Backtracking to trained_nets/LPDSNet/net.ckpt ...
Loading net state-dict...
Loading opt state-dict...
Loading sched state-dict...
Updated Learning Rate(s): [1.99791907e-19]
TRAIN PSNR: 35.331 dB
TRAIN PSNR: 33.329 dB
Loss has diverged. Backtracking to trained_nets/LPDSNet/net.ckpt ...
Loading net state-dict...
Loading opt state-dict...
Loading sched state-dict...
Updated Learning Rate(s): [1.59833526e-19]
TRAIN PSNR: 35.692 dB
TRAIN PSNR: 34.904 dB
Loss has diverged. Backtracking to trained_nets/LPDSNet/net.ckpt ...
Loading net state-dict...
Loading opt state-dict...
Loading sched state-dict...
Updated Learning Rate(s): [1.27866821e-19]
TRAIN PSNR: 31.823 dB
Loss has diverged. Backtracking to trained_nets/LPDSNet/net.ckpt ...
Loading net state-dict...
Loading opt state-dict...
Loading sched state-dict...
Updated Learning Rate(s): [1.02293456e-19]
TRAIN PSNR: 34.057 dB
Loss has diverged. Backtracking to trained_nets/LPDSNet/net.ckpt ...
Loading net state-dict...
Loading opt state-dict...
Loading sched state-dict...
Updated Learning Rate(s): [8.18347652e-20]
TRAIN PSNR: 33.890 dB
Loss has diverged. Backtracking to trained_nets/LPDSNet/net.ckpt ...
Loading net state-dict...
Loading opt state-dict...
Loading sched state-dict...
Updated Learning Rate(s): [6.54678122e-20]
TRAIN PSNR: 33.636 dB
Loss has diverged. Backtracking to trained_nets/LPDSNet/net.ckpt ...
Loading net state-dict...
Loading opt state-dict...
Loading sched state-dict...
Updated Learning Rate(s): [5.23742497e-20]
TRAIN PSNR: 35.234 dB
TRAIN PSNR: 33.083 dB
Loss has diverged. Backtracking to trained_nets/LPDSNet/net.ckpt ...
Loading net state-dict...
Loading opt state-dict...
Loading sched state-dict...
Updated Learning Rate(s): [4.18993998e-20]
TRAIN PSNR: 35.096 dB
Loss has diverged. Backtracking to trained_nets/LPDSNet/net.ckpt ...
Loading net state-dict...
Loading opt state-dict...
Loading sched state-dict...
Updated Learning Rate(s): [3.35195198e-20]
TRAIN PSNR: 33.737 dB
Loss has diverged. Backtracking to trained_nets/LPDSNet/net.ckpt ...
Loading net state-dict...
Loading opt state-dict...
Loading sched state-dict...
Updated Learning Rate(s): [2.68156159e-20]
TRAIN PSNR: 34.345 dB
Loss has diverged. Backtracking to trained_nets/LPDSNet/net.ckpt ...
Loading net state-dict...
Loading opt state-dict...
Loading sched state-dict...
Updated Learning Rate(s): [2.14524927e-20]
TRAIN PSNR: 33.512 dB
Loss has diverged. Backtracking to trained_nets/LPDSNet/net.ckpt ...
Loading net state-dict...
Loading opt state-dict...
Loading sched state-dict...
Updated Learning Rate(s): [1.71619942e-20]
TRAIN PSNR: 33.074 dB
Loss has diverged. Backtracking to trained_nets/LPDSNet/net.ckpt ...
Loading net state-dict...
Loading opt state-dict...
Loading sched state-dict...
Updated Learning Rate(s): [1.37295953e-20]
TRAIN PSNR: 33.410 dB
Loss has diverged. Backtracking to trained_nets/LPDSNet/net.ckpt ...
Loading net state-dict...
Loading opt state-dict...
Loading sched state-dict...
Updated Learning Rate(s): [1.09836763e-20]
TRAIN PSNR: 34.038 dB
Loss has diverged. Backtracking to trained_nets/LPDSNet/net.ckpt ...
Loading net state-dict...
Loading opt state-dict...
Loading sched state-dict...
Updated Learning Rate(s): [8.786941e-21]
TRAIN PSNR: 33.915 dB
Loss has diverged. Backtracking to trained_nets/LPDSNet/net.ckpt ...
Loading net state-dict...
Loading opt state-dict...
Loading sched state-dict...
Updated Learning Rate(s): [7.0295528e-21]
TRAIN PSNR: 33.133 dB
Loss has diverged. Backtracking to trained_nets/LPDSNet/net.ckpt ...
Loading net state-dict...
Loading opt state-dict...
Loading sched state-dict...
Updated Learning Rate(s): [5.62364224e-21]
TRAIN PSNR: 33.342 dB
Loss has diverged. Backtracking to trained_nets/LPDSNet/net.ckpt ...
Loading net state-dict...
Loading opt state-dict...
Loading sched state-dict...
Updated Learning Rate(s): [4.49891379e-21]
TRAIN PSNR: 34.547 dB
Loss has diverged. Backtracking to trained_nets/LPDSNet/net.ckpt ...
Loading net state-dict...
Loading opt state-dict...
Loading sched state-dict...
Updated Learning Rate(s): [3.59913104e-21]
TRAIN PSNR: 34.192 dB
Loss has diverged. Backtracking to trained_nets/LPDSNet/net.ckpt ...
Loading net state-dict...
Loading opt state-dict...
Loading sched state-dict...
Updated Learning Rate(s): [2.87930483e-21]
TRAIN PSNR: 34.049 dB
Loss has diverged. Backtracking to trained_nets/LPDSNet/net.ckpt ...
Loading net state-dict...
Loading opt state-dict...
Loading sched state-dict...
Updated Learning Rate(s): [2.30344386e-21]
TRAIN PSNR: 33.149 dB
Loss has diverged. Backtracking to trained_nets/LPDSNet/net.ckpt ...
Loading net state-dict...
Loading opt state-dict...
Loading sched state-dict...
Updated Learning Rate(s): [1.84275509e-21]
TRAIN PSNR: 32.841 dB
Loss has diverged. Backtracking to trained_nets/LPDSNet/net.ckpt ...
Loading net state-dict...
Loading opt state-dict...
Loading sched state-dict...
Updated Learning Rate(s): [1.47420407e-21]
TRAIN PSNR: 32.641 dB
Loss has diverged. Backtracking to trained_nets/LPDSNet/net.ckpt ...
Loading net state-dict...
Loading opt state-dict...
Loading sched state-dict...
Updated Learning Rate(s): [1.17936326e-21]
TRAIN PSNR: 34.082 dB
Loss has diverged. Backtracking to trained_nets/LPDSNet/net.ckpt ...
Loading net state-dict...
Loading opt state-dict...
Loading sched state-dict...
Updated Learning Rate(s): [9.43490606e-22]
TRAIN PSNR: 35.932 dB
TRAIN PSNR: 33.864 dB
Loss has diverged. Backtracking to trained_nets/LPDSNet/net.ckpt ...
Loading net state-dict...
Loading opt state-dict...
Loading sched state-dict...
Updated Learning Rate(s): [7.54792485e-22]
TRAIN PSNR: 34.119 dB
Loss has diverged. Backtracking to trained_nets/LPDSNet/net.ckpt ...
Loading net state-dict...
Loading opt state-dict...
Loading sched state-dict...
Updated Learning Rate(s): [6.03833988e-22]
TRAIN PSNR: 33.087 dB
Loss has diverged. Backtracking to trained_nets/LPDSNet/net.ckpt ...
Loading net state-dict...
Loading opt state-dict...
Loading sched state-dict...
Updated Learning Rate(s): [4.8306719e-22]
TRAIN PSNR: 33.687 dB
Loss has diverged. Backtracking to trained_nets/LPDSNet/net.ckpt ...
Loading net state-dict...
Loading opt state-dict...
Loading sched state-dict...
Updated Learning Rate(s): [3.86453752e-22]
TRAIN PSNR: 34.287 dB
Loss has diverged. Backtracking to trained_nets/LPDSNet/net.ckpt ...
Loading net state-dict...
Loading opt state-dict...
Loading sched state-dict...
Updated Learning Rate(s): [3.09163002e-22]
TRAIN PSNR: 34.368 dB
Loss has diverged. Backtracking to trained_nets/LPDSNet/net.ckpt ...
Loading net state-dict...
Loading opt state-dict...
Loading sched state-dict...
Updated Learning Rate(s): [2.47330401e-22]
TRAIN PSNR: 33.347 dB
Loss has diverged. Backtracking to trained_nets/LPDSNet/net.ckpt ...
Loading net state-dict...
Loading opt state-dict...
Loading sched state-dict...
Updated Learning Rate(s): [1.97864321e-22]
TRAIN PSNR: 33.194 dB
Loss has diverged. Backtracking to trained_nets/LPDSNet/net.ckpt ...
Loading net state-dict...
Loading opt state-dict...
Loading sched state-dict...
Updated Learning Rate(s): [1.58291457e-22]
TRAIN PSNR: 34.520 dB
Loss has diverged. Backtracking to trained_nets/LPDSNet/net.ckpt ...
Loading net state-dict...
Loading opt state-dict...
Loading sched state-dict...
Updated Learning Rate(s): [1.26633166e-22]
TRAIN PSNR: 34.179 dB
Loss has diverged. Backtracking to trained_nets/LPDSNet/net.ckpt ...
Loading net state-dict...
Loading opt state-dict...
Loading sched state-dict...
Updated Learning Rate(s): [1.01306532e-22]
TRAIN PSNR: 31.907 dB
Loss has diverged. Backtracking to trained_nets/LPDSNet/net.ckpt ...
Loading net state-dict...
Loading opt state-dict...
Loading sched state-dict...
Updated Learning Rate(s): [8.1045226e-23]
TRAIN PSNR: 34.406 dB
Loss has diverged. Backtracking to trained_nets/LPDSNet/net.ckpt ...
Loading net state-dict...
Loading opt state-dict...
Loading sched state-dict...
Updated Learning Rate(s): [6.48361808e-23]
TRAIN PSNR: 33.875 dB
Loss has diverged. Backtracking to trained_nets/LPDSNet/net.ckpt ...
Loading net state-dict...
Loading opt state-dict...
Loading sched state-dict...
Updated Learning Rate(s): [5.18689446e-23]
TRAIN PSNR: 34.185 dB
Loss has diverged. Backtracking to trained_nets/LPDSNet/net.ckpt ...
Loading net state-dict...
Loading opt state-dict...
Loading sched state-dict...
Updated Learning Rate(s): [4.14951557e-23]
TRAIN PSNR: 35.668 dB
TRAIN PSNR: 32.456 dB
Loss has diverged. Backtracking to trained_nets/LPDSNet/net.ckpt ...
Loading net state-dict...
Loading opt state-dict...
Loading sched state-dict...
Updated Learning Rate(s): [3.31961246e-23]
TRAIN PSNR: 32.662 dB
Loss has diverged. Backtracking to trained_nets/LPDSNet/net.ckpt ...
Loading net state-dict...
Loading opt state-dict...
Loading sched state-dict...
Updated Learning Rate(s): [2.65568996e-23]
TRAIN PSNR: 35.037 dB
Loss has diverged. Backtracking to trained_nets/LPDSNet/net.ckpt ...
Loading net state-dict...
Loading opt state-dict...
Loading sched state-dict...
Updated Learning Rate(s): [2.12455197e-23]
TRAIN PSNR: 33.906 dB
Loss has diverged. Backtracking to trained_nets/LPDSNet/net.ckpt ...
Loading net state-dict...
Loading opt state-dict...
Loading sched state-dict...
Updated Learning Rate(s): [1.69964158e-23]
TRAIN PSNR: 33.080 dB
Loss has diverged. Backtracking to trained_nets/LPDSNet/net.ckpt ...
Loading net state-dict...
Loading opt state-dict...
Loading sched state-dict...
Updated Learning Rate(s): [1.35971326e-23]
TRAIN PSNR: 34.387 dB
Loss has diverged. Backtracking to trained_nets/LPDSNet/net.ckpt ...
Loading net state-dict...
Loading opt state-dict...
Loading sched state-dict...
Updated Learning Rate(s): [1.08777061e-23]
TRAIN PSNR: 34.028 dB
Loss has diverged. Backtracking to trained_nets/LPDSNet/net.ckpt ...
Loading net state-dict...
Loading opt state-dict...
Loading sched state-dict...
Updated Learning Rate(s): [8.70216487e-24]
TRAIN PSNR: 36.305 dB
TRAIN PSNR: 32.802 dB
Loss has diverged. Backtracking to trained_nets/LPDSNet/net.ckpt ...
Loading net state-dict...
Loading opt state-dict...
Loading sched state-dict...
Updated Learning Rate(s): [6.9617319e-24]
TRAIN PSNR: 35.121 dB
Loss has diverged. Backtracking to trained_nets/LPDSNet/net.ckpt ...
Loading net state-dict...
Loading opt state-dict...
Loading sched state-dict...
Updated Learning Rate(s): [5.56938552e-24]
TRAIN PSNR: 34.882 dB
Loss has diverged. Backtracking to trained_nets/LPDSNet/net.ckpt ...
Loading net state-dict...
Loading opt state-dict...
Loading sched state-dict...
Updated Learning Rate(s): [4.45550842e-24]
TRAIN PSNR: 34.342 dB
Loss has diverged. Backtracking to trained_nets/LPDSNet/net.ckpt ...
Loading net state-dict...
Loading opt state-dict...
Loading sched state-dict...
Updated Learning Rate(s): [3.56440673e-24]
TRAIN PSNR: 31.862 dB
Loss has diverged. Backtracking to trained_nets/LPDSNet/net.ckpt ...
Loading net state-dict...
Loading opt state-dict...
Loading sched state-dict...
Updated Learning Rate(s): [2.85152539e-24]
TRAIN PSNR: 36.009 dB
TRAIN PSNR: 33.520 dB
Loss has diverged. Backtracking to trained_nets/LPDSNet/net.ckpt ...
Loading net state-dict...
Loading opt state-dict...
Loading sched state-dict...
Updated Learning Rate(s): [2.28122031e-24]
TRAIN PSNR: 34.390 dB
Loss has diverged. Backtracking to trained_nets/LPDSNet/net.ckpt ...
Loading net state-dict...
Loading opt state-dict...
Loading sched state-dict...
Updated Learning Rate(s): [1.82497625e-24]
TRAIN PSNR: 32.980 dB
Loss has diverged. Backtracking to trained_nets/LPDSNet/net.ckpt ...
Loading net state-dict...
Loading opt state-dict...
Loading sched state-dict...
Updated Learning Rate(s): [1.459981e-24]
TRAIN PSNR: 34.904 dB
Loss has diverged. Backtracking to trained_nets/LPDSNet/net.ckpt ...
Loading net state-dict...
Loading opt state-dict...
Loading sched state-dict...
Updated Learning Rate(s): [1.1679848e-24]
TRAIN PSNR: 33.295 dB
Loss has diverged. Backtracking to trained_nets/LPDSNet/net.ckpt ...
Loading net state-dict...
Loading opt state-dict...
Loading sched state-dict...
Updated Learning Rate(s): [9.34387838e-25]
TRAIN PSNR: 34.201 dB
Loss has diverged. Backtracking to trained_nets/LPDSNet/net.ckpt ...
Loading net state-dict...
Loading opt state-dict...
Loading sched state-dict...
Updated Learning Rate(s): [7.47510271e-25]
TRAIN PSNR: 33.170 dB
Loss has diverged. Backtracking to trained_nets/LPDSNet/net.ckpt ...
Loading net state-dict...
Loading opt state-dict...
Loading sched state-dict...
Updated Learning Rate(s): [5.98008217e-25]
TRAIN PSNR: 34.437 dB
Loss has diverged. Backtracking to trained_nets/LPDSNet/net.ckpt ...
Loading net state-dict...
Loading opt state-dict...
Loading sched state-dict...
Updated Learning Rate(s): [4.78406573e-25]
TRAIN PSNR: 35.200 dB
Loss has diverged. Backtracking to trained_nets/LPDSNet/net.ckpt ...
Loading net state-dict...
Loading opt state-dict...
Loading sched state-dict...
Updated Learning Rate(s): [3.82725259e-25]
TRAIN PSNR: 33.897 dB
Loss has diverged. Backtracking to trained_nets/LPDSNet/net.ckpt ...
Loading net state-dict...
Loading opt state-dict...
Loading sched state-dict...
Updated Learning Rate(s): [3.06180207e-25]
TRAIN PSNR: 32.834 dB
Loss has diverged. Backtracking to trained_nets/LPDSNet/net.ckpt ...
Loading net state-dict...
Loading opt state-dict...
Loading sched state-dict...
Updated Learning Rate(s): [2.44944166e-25]
TRAIN PSNR: 33.888 dB
Loss has diverged. Backtracking to trained_nets/LPDSNet/net.ckpt ...
Loading net state-dict...
Loading opt state-dict...
Loading sched state-dict...
Updated Learning Rate(s): [1.95955332e-25]
TRAIN PSNR: 32.864 dB
Loss has diverged. Backtracking to trained_nets/LPDSNet/net.ckpt ...
Loading net state-dict...
Loading opt state-dict...
Loading sched state-dict...
Updated Learning Rate(s): [1.56764266e-25]
TRAIN PSNR: 33.390 dB
Loss has diverged. Backtracking to trained_nets/LPDSNet/net.ckpt ...
Loading net state-dict...
Loading opt state-dict...
Loading sched state-dict...
Updated Learning Rate(s): [1.25411413e-25]
TRAIN PSNR: 33.981 dB
Loss has diverged. Backtracking to trained_nets/LPDSNet/net.ckpt ...
Loading net state-dict...
Loading opt state-dict...
Loading sched state-dict...
Updated Learning Rate(s): [1.0032913e-25]
TRAIN PSNR: 33.805 dB
Loss has diverged. Backtracking to trained_nets/LPDSNet/net.ckpt ...
Loading net state-dict...
Loading opt state-dict...
Loading sched state-dict...
Updated Learning Rate(s): [8.02633042e-26]
TRAIN PSNR: 33.642 dB
Loss has diverged. Backtracking to trained_nets/LPDSNet/net.ckpt ...
Loading net state-dict...
Loading opt state-dict...
Loading sched state-dict...
Updated Learning Rate(s): [6.42106433e-26]
TRAIN PSNR: 34.479 dB
Loss has diverged. Backtracking to trained_nets/LPDSNet/net.ckpt ...
Loading net state-dict...
Loading opt state-dict...
Loading sched state-dict...
Updated Learning Rate(s): [5.13685147e-26]
TRAIN PSNR: 34.246 dB
Loss has diverged. Backtracking to trained_nets/LPDSNet/net.ckpt ...
Loading net state-dict...
Loading opt state-dict...
Loading sched state-dict...
Updated Learning Rate(s): [4.10948117e-26]
TRAIN PSNR: 34.950 dB
Loss has diverged. Backtracking to trained_nets/LPDSNet/net.ckpt ...
Loading net state-dict...
Loading opt state-dict...
Loading sched state-dict...
Updated Learning Rate(s): [3.28758494e-26]
TRAIN PSNR: 33.729 dB
Loss has diverged. Backtracking to trained_nets/LPDSNet/net.ckpt ...
Loading net state-dict...
Loading opt state-dict...
Loading sched state-dict...
Updated Learning Rate(s): [2.63006795e-26]
TRAIN PSNR: 33.245 dB
Loss has diverged. Backtracking to trained_nets/LPDSNet/net.ckpt ...
Loading net state-dict...
Loading opt state-dict...
Loading sched state-dict...
Updated Learning Rate(s): [2.10405436e-26]
TRAIN PSNR: 33.999 dB
Loss has diverged. Backtracking to trained_nets/LPDSNet/net.ckpt ...
Loading net state-dict...
Loading opt state-dict...
Loading sched state-dict...
Updated Learning Rate(s): [1.68324349e-26]
TRAIN PSNR: 34.590 dB
Loss has diverged. Backtracking to trained_nets/LPDSNet/net.ckpt ...
Loading net state-dict...
Loading opt state-dict...
Loading sched state-dict...
Updated Learning Rate(s): [1.34659479e-26]
TRAIN PSNR: 35.207 dB
Loss has diverged. Backtracking to trained_nets/LPDSNet/net.ckpt ...
Loading net state-dict...
Loading opt state-dict...
Loading sched state-dict...
Updated Learning Rate(s): [1.07727583e-26]
TRAIN PSNR: 32.920 dB
Loss has diverged. Backtracking to trained_nets/LPDSNet/net.ckpt ...
Loading net state-dict...
Loading opt state-dict...
Loading sched state-dict...
Updated Learning Rate(s): [8.61820666e-27]
TRAIN PSNR: 33.749 dB
Loss has diverged. Backtracking to trained_nets/LPDSNet/net.ckpt ...
Loading net state-dict...
Loading opt state-dict...
Loading sched state-dict...
Updated Learning Rate(s): [6.89456533e-27]
TRAIN PSNR: 34.638 dB
Loss has diverged. Backtracking to trained_nets/LPDSNet/net.ckpt ...
Loading net state-dict...
Loading opt state-dict...
Loading sched state-dict...
Updated Learning Rate(s): [5.51565226e-27]
TRAIN PSNR: 32.542 dB
Loss has diverged. Backtracking to trained_nets/LPDSNet/net.ckpt ...
Loading net state-dict...
Loading opt state-dict...
Loading sched state-dict...
Updated Learning Rate(s): [4.41252181e-27]
TRAIN PSNR: 34.370 dB
Loss has diverged. Backtracking to trained_nets/LPDSNet/net.ckpt ...
Loading net state-dict...
Loading opt state-dict...
Loading sched state-dict...
Updated Learning Rate(s): [3.53001745e-27]
TRAIN PSNR: 33.426 dB
Loss has diverged. Backtracking to trained_nets/LPDSNet/net.ckpt ...
Loading net state-dict...
Loading opt state-dict...
Loading sched state-dict...
Updated Learning Rate(s): [2.82401396e-27]
TRAIN PSNR: 32.093 dB
Loss has diverged. Backtracking to trained_nets/LPDSNet/net.ckpt ...
Loading net state-dict...
Loading opt state-dict...
Loading sched state-dict...
Updated Learning Rate(s): [2.25921117e-27]
TRAIN PSNR: 34.798 dB
Loss has diverged. Backtracking to trained_nets/LPDSNet/net.ckpt ...
Loading net state-dict...
Loading opt state-dict...
Loading sched state-dict...
Updated Learning Rate(s): [1.80736893e-27]
TRAIN PSNR: 33.651 dB
Loss has diverged. Backtracking to trained_nets/LPDSNet/net.ckpt ...
Loading net state-dict...
Loading opt state-dict...
Loading sched state-dict...
Updated Learning Rate(s): [1.44589515e-27]
TRAIN PSNR: 33.949 dB
Loss has diverged. Backtracking to trained_nets/LPDSNet/net.ckpt ...
Loading net state-dict...
Loading opt state-dict...
Loading sched state-dict...
Updated Learning Rate(s): [1.15671612e-27]
TRAIN PSNR: 33.758 dB
Loss has diverged. Backtracking to trained_nets/LPDSNet/net.ckpt ...
Loading net state-dict...
Loading opt state-dict...
Loading sched state-dict...
Updated Learning Rate(s): [9.25372894e-28]
TRAIN PSNR: 33.923 dB
Loss has diverged. Backtracking to trained_nets/LPDSNet/net.ckpt ...
Loading net state-dict...
Loading opt state-dict...
Loading sched state-dict...
Updated Learning Rate(s): [7.40298315e-28]
TRAIN PSNR: 32.262 dB
Loss has diverged. Backtracking to trained_nets/LPDSNet/net.ckpt ...
Loading net state-dict...
Loading opt state-dict...
Loading sched state-dict...
Updated Learning Rate(s): [5.92238652e-28]
TRAIN PSNR: 34.954 dB
Loss has diverged. Backtracking to trained_nets/LPDSNet/net.ckpt ...
Loading net state-dict...
Loading opt state-dict...
Loading sched state-dict...
Updated Learning Rate(s): [4.73790922e-28]
TRAIN PSNR: 32.702 dB
Loss has diverged. Backtracking to trained_nets/LPDSNet/net.ckpt ...
Loading net state-dict...
Loading opt state-dict...
Loading sched state-dict...
Updated Learning Rate(s): [3.79032737e-28]
TRAIN PSNR: 33.313 dB
Loss has diverged. Backtracking to trained_nets/LPDSNet/net.ckpt ...
Loading net state-dict...
Loading opt state-dict...
Loading sched state-dict...
Updated Learning Rate(s): [3.0322619e-28]
TRAIN PSNR: 32.153 dB
Loss has diverged. Backtracking to trained_nets/LPDSNet/net.ckpt ...
Loading net state-dict...
Loading opt state-dict...
Loading sched state-dict...
Updated Learning Rate(s): [2.42580952e-28]
TRAIN PSNR: 33.854 dB
Loss has diverged. Backtracking to trained_nets/LPDSNet/net.ckpt ...
Loading net state-dict...
Loading opt state-dict...
Loading sched state-dict...
Updated Learning Rate(s): [1.94064762e-28]
TRAIN PSNR: 32.744 dB
Loss has diverged. Backtracking to trained_nets/LPDSNet/net.ckpt ...
Loading net state-dict...
Loading opt state-dict...
Loading sched state-dict...
Updated Learning Rate(s): [1.55251809e-28]
TRAIN PSNR: 34.817 dB
Loss has diverged. Backtracking to trained_nets/LPDSNet/net.ckpt ...
Loading net state-dict...
Loading opt state-dict...
Loading sched state-dict...
Updated Learning Rate(s): [1.24201447e-28]
TRAIN PSNR: 33.255 dB
Loss has diverged. Backtracking to trained_nets/LPDSNet/net.ckpt ...
Loading net state-dict...
Loading opt state-dict...
Loading sched state-dict...
Updated Learning Rate(s): [9.93611579e-29]
TRAIN PSNR: 31.969 dB
Loss has diverged. Backtracking to trained_nets/LPDSNet/net.ckpt ...
Loading net state-dict...
Loading opt state-dict...
Loading sched state-dict...
Updated Learning Rate(s): [7.94889263e-29]
TRAIN PSNR: 33.361 dB
Loss has diverged. Backtracking to trained_nets/LPDSNet/net.ckpt ...
Loading net state-dict...
Loading opt state-dict...
Loading sched state-dict...
Updated Learning Rate(s): [6.35911411e-29]
TRAIN PSNR: 32.820 dB
Loss has diverged. Backtracking to trained_nets/LPDSNet/net.ckpt ...
Loading net state-dict...
Loading opt state-dict...
Loading sched state-dict...
Updated Learning Rate(s): [5.08729128e-29]
TRAIN PSNR: 36.045 dB
TRAIN PSNR: 32.174 dB
Loss has diverged. Backtracking to trained_nets/LPDSNet/net.ckpt ...
Loading net state-dict...
Loading opt state-dict...
Loading sched state-dict...
Updated Learning Rate(s): [4.06983303e-29]
TRAIN PSNR: 33.237 dB
Loss has diverged. Backtracking to trained_nets/LPDSNet/net.ckpt ...
Loading net state-dict...
Loading opt state-dict...
Loading sched state-dict...
Updated Learning Rate(s): [3.25586642e-29]
TRAIN PSNR: 34.589 dB
Loss has diverged. Backtracking to trained_nets/LPDSNet/net.ckpt ...
Loading net state-dict...
Loading opt state-dict...
Loading sched state-dict...
Updated Learning Rate(s): [2.60469314e-29]
TRAIN PSNR: 32.901 dB
Loss has diverged. Backtracking to trained_nets/LPDSNet/net.ckpt ...
Loading net state-dict...
Loading opt state-dict...
Loading sched state-dict...
Updated Learning Rate(s): [2.08375451e-29]
TRAIN PSNR: 33.609 dB
Loss has diverged. Backtracking to trained_nets/LPDSNet/net.ckpt ...
Loading net state-dict...
Loading opt state-dict...
Loading sched state-dict...
Updated Learning Rate(s): [1.66700361e-29]
TRAIN PSNR: 33.686 dB
Loss has diverged. Backtracking to trained_nets/LPDSNet/net.ckpt ...
Loading net state-dict...
Loading opt state-dict...
Loading sched state-dict...
Updated Learning Rate(s): [1.33360289e-29]
TRAIN PSNR: 35.103 dB
Loss has diverged. Backtracking to trained_nets/LPDSNet/net.ckpt ...
Loading net state-dict...
Loading opt state-dict...
Loading sched state-dict...
Updated Learning Rate(s): [1.06688231e-29]
TRAIN PSNR: 33.135 dB
Loss has diverged. Backtracking to trained_nets/LPDSNet/net.ckpt ...
Loading net state-dict...
Loading opt state-dict...
Loading sched state-dict...
Updated Learning Rate(s): [8.53505847e-30]
TRAIN PSNR: 34.504 dB
Loss has diverged. Backtracking to trained_nets/LPDSNet/net.ckpt ...
Loading net state-dict...
Loading opt state-dict...
Loading sched state-dict...
Updated Learning Rate(s): [6.82804678e-30]
TRAIN PSNR: 32.504 dB
Loss has diverged. Backtracking to trained_nets/LPDSNet/net.ckpt ...
Loading net state-dict...
Loading opt state-dict...
Loading sched state-dict...
Updated Learning Rate(s): [5.46243742e-30]
TRAIN PSNR: 34.565 dB
Loss has diverged. Backtracking to trained_nets/LPDSNet/net.ckpt ...
Loading net state-dict...
Loading opt state-dict...
Loading sched state-dict...
Updated Learning Rate(s): [4.36994994e-30]
TRAIN PSNR: 35.177 dB
Loss has diverged. Backtracking to trained_nets/LPDSNet/net.ckpt ...
Loading net state-dict...
Loading opt state-dict...
Loading sched state-dict...
Updated Learning Rate(s): [3.49595995e-30]
TRAIN PSNR: 33.374 dB
Loss has diverged. Backtracking to trained_nets/LPDSNet/net.ckpt ...
Loading net state-dict...
Loading opt state-dict...
Loading sched state-dict...
Updated Learning Rate(s): [2.79676796e-30]
TRAIN PSNR: 34.654 dB
Loss has diverged. Backtracking to trained_nets/LPDSNet/net.ckpt ...
Loading net state-dict...
Loading opt state-dict...
Loading sched state-dict...
Updated Learning Rate(s): [2.23741437e-30]
TRAIN PSNR: 33.614 dB
Loss has diverged. Backtracking to trained_nets/LPDSNet/net.ckpt ...
Loading net state-dict...
Loading opt state-dict...
Loading sched state-dict...
Updated Learning Rate(s): [1.78993149e-30]
TRAIN PSNR: 33.550 dB
Loss has diverged. Backtracking to trained_nets/LPDSNet/net.ckpt ...
Loading net state-dict...
Loading opt state-dict...
Loading sched state-dict...
Updated Learning Rate(s): [1.4319452e-30]
TRAIN PSNR: 33.504 dB
Loss has diverged. Backtracking to trained_nets/LPDSNet/net.ckpt ...
Loading net state-dict...
Loading opt state-dict...
Loading sched state-dict...
Updated Learning Rate(s): [1.14555616e-30]
TRAIN PSNR: 34.112 dB
Loss has diverged. Backtracking to trained_nets/LPDSNet/net.ckpt ...
Loading net state-dict...
Loading opt state-dict...
Loading sched state-dict...
Updated Learning Rate(s): [9.16444925e-31]
TRAIN PSNR: 32.993 dB
Loss has diverged. Backtracking to trained_nets/LPDSNet/net.ckpt ...
Loading net state-dict...
Loading opt state-dict...
Loading sched state-dict...
Updated Learning Rate(s): [7.3315594e-31]
TRAIN PSNR: 34.705 dB
Loss has diverged. Backtracking to trained_nets/LPDSNet/net.ckpt ...
Loading net state-dict...
Loading opt state-dict...
Loading sched state-dict...
Updated Learning Rate(s): [5.86524752e-31]
TRAIN PSNR: 34.306 dB
Loss has diverged. Backtracking to trained_nets/LPDSNet/net.ckpt ...
Loading net state-dict...
Loading opt state-dict...
Loading sched state-dict...
Updated Learning Rate(s): [4.69219802e-31]
TRAIN PSNR: 32.570 dB
Loss has diverged. Backtracking to trained_nets/LPDSNet/net.ckpt ...
Loading net state-dict...
Loading opt state-dict...
Loading sched state-dict...
Updated Learning Rate(s): [3.75375841e-31]
TRAIN PSNR: 33.769 dB
Loss has diverged. Backtracking to trained_nets/LPDSNet/net.ckpt ...
Loading net state-dict...
Loading opt state-dict...
Loading sched state-dict...
Updated Learning Rate(s): [3.00300673e-31]
TRAIN PSNR: 33.730 dB
Loss has diverged. Backtracking to trained_nets/LPDSNet/net.ckpt ...
Loading net state-dict...
Loading opt state-dict...
Loading sched state-dict...
Updated Learning Rate(s): [2.40240539e-31]
TRAIN PSNR: 34.822 dB
Loss has diverged. Backtracking to trained_nets/LPDSNet/net.ckpt ...
Loading net state-dict...
Loading opt state-dict...
Loading sched state-dict...
Updated Learning Rate(s): [1.92192431e-31]
TRAIN PSNR: 33.596 dB
Loss has diverged. Backtracking to trained_nets/LPDSNet/net.ckpt ...
Loading net state-dict...
Loading opt state-dict...
Loading sched state-dict...
Updated Learning Rate(s): [1.53753945e-31]
TRAIN PSNR: 32.660 dB
Loss has diverged. Backtracking to trained_nets/LPDSNet/net.ckpt ...
Loading net state-dict...
Loading opt state-dict...
Loading sched state-dict...
Updated Learning Rate(s): [1.23003156e-31]
TRAIN PSNR: 34.323 dB
Loss has diverged. Backtracking to trained_nets/LPDSNet/net.ckpt ...
Loading net state-dict...
Loading opt state-dict...
Loading sched state-dict...
Updated Learning Rate(s): [9.84025246e-32]
TRAIN PSNR: 33.126 dB
Loss has diverged. Backtracking to trained_nets/LPDSNet/net.ckpt ...
Loading net state-dict...
Loading opt state-dict...
Loading sched state-dict...
Updated Learning Rate(s): [7.87220197e-32]
TRAIN PSNR: 33.154 dB
Loss has diverged. Backtracking to trained_nets/LPDSNet/net.ckpt ...
Loading net state-dict...
Loading opt state-dict...
Loading sched state-dict...
Updated Learning Rate(s): [6.29776157e-32]
TRAIN PSNR: 34.781 dB
Loss has diverged. Backtracking to trained_nets/LPDSNet/net.ckpt ...
Loading net state-dict...
Loading opt state-dict...
Loading sched state-dict...
Updated Learning Rate(s): [5.03820926e-32]
TRAIN PSNR: 35.089 dB
Loss has diverged. Backtracking to trained_nets/LPDSNet/net.ckpt ...
Loading net state-dict...
Loading opt state-dict...
Loading sched state-dict...
Updated Learning Rate(s): [4.03056741e-32]
TRAIN PSNR: 32.998 dB
Loss has diverged. Backtracking to trained_nets/LPDSNet/net.ckpt ...
Loading net state-dict...
Loading opt state-dict...
Loading sched state-dict...
Updated Learning Rate(s): [3.22445393e-32]
TRAIN PSNR: 33.722 dB
Loss has diverged. Backtracking to trained_nets/LPDSNet/net.ckpt ...
Loading net state-dict...
Loading opt state-dict...
Loading sched state-dict...
Updated Learning Rate(s): [2.57956314e-32]
TRAIN PSNR: 34.462 dB
Loss has diverged. Backtracking to trained_nets/LPDSNet/net.ckpt ...
Loading net state-dict...
Loading opt state-dict...
Loading sched state-dict...
Updated Learning Rate(s): [2.06365051e-32]
TRAIN PSNR: 33.793 dB
Loss has diverged. Backtracking to trained_nets/LPDSNet/net.ckpt ...
Loading net state-dict...
Loading opt state-dict...
Loading sched state-dict...
Updated Learning Rate(s): [1.65092041e-32]
TRAIN PSNR: 31.892 dB
Loss has diverged. Backtracking to trained_nets/LPDSNet/net.ckpt ...
Loading net state-dict...
Loading opt state-dict...
Loading sched state-dict...
Updated Learning Rate(s): [1.32073633e-32]
TRAIN PSNR: 34.309 dB
Loss has diverged. Backtracking to trained_nets/LPDSNet/net.ckpt ...
Loading net state-dict...
Loading opt state-dict...
Loading sched state-dict...
Updated Learning Rate(s): [1.05658906e-32]
TRAIN PSNR: 33.351 dB
Loss has diverged. Backtracking to trained_nets/LPDSNet/net.ckpt ...
Loading net state-dict...
Loading opt state-dict...
Loading sched state-dict...
Updated Learning Rate(s): [8.4527125e-33]
TRAIN PSNR: 33.145 dB
Loss has diverged. Backtracking to trained_nets/LPDSNet/net.ckpt ...
Loading net state-dict...
Loading opt state-dict...
Loading sched state-dict...
Updated Learning Rate(s): [6.76217e-33]
TRAIN PSNR: 32.873 dB
Loss has diverged. Backtracking to trained_nets/LPDSNet/net.ckpt ...
Loading net state-dict...
Loading opt state-dict...
Loading sched state-dict...
Updated Learning Rate(s): [5.409736e-33]
TRAIN PSNR: 35.024 dB
Loss has diverged. Backtracking to trained_nets/LPDSNet/net.ckpt ...
Loading net state-dict...
Loading opt state-dict...
Loading sched state-dict...
Updated Learning Rate(s): [4.3277888e-33]
TRAIN PSNR: 32.981 dB
Loss has diverged. Backtracking to trained_nets/LPDSNet/net.ckpt ...
Loading net state-dict...
Loading opt state-dict...
Loading sched state-dict...
Updated Learning Rate(s): [3.46223104e-33]
TRAIN PSNR: 30.898 dB
Loss has diverged. Backtracking to trained_nets/LPDSNet/net.ckpt ...
Loading net state-dict...
Loading opt state-dict...
Loading sched state-dict...
Updated Learning Rate(s): [2.76978483e-33]
TRAIN PSNR: 32.334 dB
Loss has diverged. Backtracking to trained_nets/LPDSNet/net.ckpt ...
Loading net state-dict...
Loading opt state-dict...
Loading sched state-dict...
Updated Learning Rate(s): [2.21582787e-33]
TRAIN PSNR: 33.498 dB
Loss has diverged. Backtracking to trained_nets/LPDSNet/net.ckpt ...
Loading net state-dict...
Loading opt state-dict...
Loading sched state-dict...
Updated Learning Rate(s): [1.77266229e-33]
TRAIN PSNR: 35.118 dB
Loss has diverged. Backtracking to trained_nets/LPDSNet/net.ckpt ...
Loading net state-dict...
Loading opt state-dict...
Loading sched state-dict...
Updated Learning Rate(s): [1.41812983e-33]
TRAIN PSNR: 32.937 dB
Loss has diverged. Backtracking to trained_nets/LPDSNet/net.ckpt ...
Loading net state-dict...
Loading opt state-dict...
Loading sched state-dict...
Updated Learning Rate(s): [1.13450387e-33]
TRAIN PSNR: 33.818 dB
Loss has diverged. Backtracking to trained_nets/LPDSNet/net.ckpt ...
Loading net state-dict...
Loading opt state-dict...
Loading sched state-dict...
Updated Learning Rate(s): [9.07603094e-34]
TRAIN PSNR: 32.875 dB
Loss has diverged. Backtracking to trained_nets/LPDSNet/net.ckpt ...
Loading net state-dict...
Loading opt state-dict...
Loading sched state-dict...
Updated Learning Rate(s): [7.26082475e-34]
TRAIN PSNR: 33.683 dB
Loss has diverged. Backtracking to trained_nets/LPDSNet/net.ckpt ...
Loading net state-dict...
Loading opt state-dict...
Loading sched state-dict...
Updated Learning Rate(s): [5.8086598e-34]
TRAIN PSNR: 35.446 dB
TRAIN PSNR: 33.800 dB
Loss has diverged. Backtracking to trained_nets/LPDSNet/net.ckpt ...
Loading net state-dict...
Loading opt state-dict...
Loading sched state-dict...
Updated Learning Rate(s): [4.64692784e-34]
TRAIN PSNR: 33.457 dB
Loss has diverged. Backtracking to trained_nets/LPDSNet/net.ckpt ...
Loading net state-dict...
Loading opt state-dict...
Loading sched state-dict...
Updated Learning Rate(s): [3.71754227e-34]
TRAIN PSNR: 34.582 dB
Loss has diverged. Backtracking to trained_nets/LPDSNet/net.ckpt ...
Loading net state-dict...
Loading opt state-dict...
Loading sched state-dict...
Updated Learning Rate(s): [2.97403382e-34]
TRAIN PSNR: 33.946 dB
Loss has diverged. Backtracking to trained_nets/LPDSNet/net.ckpt ...
Loading net state-dict...
Loading opt state-dict...
Loading sched state-dict...
Updated Learning Rate(s): [2.37922705e-34]
TRAIN PSNR: 31.874 dB
Loss has diverged. Backtracking to trained_nets/LPDSNet/net.ckpt ...
Loading net state-dict...
Loading opt state-dict...
Loading sched state-dict...
Updated Learning Rate(s): [1.90338164e-34]
TRAIN PSNR: 33.593 dB
Loss has diverged. Backtracking to trained_nets/LPDSNet/net.ckpt ...
Loading net state-dict...
Loading opt state-dict...
Loading sched state-dict...
Updated Learning Rate(s): [1.52270531e-34]
TRAIN PSNR: 31.838 dB
Loss has diverged. Backtracking to trained_nets/LPDSNet/net.ckpt ...
Loading net state-dict...
Loading opt state-dict...
Loading sched state-dict...
Updated Learning Rate(s): [1.21816425e-34]
TRAIN PSNR: 33.761 dB
Loss has diverged. Backtracking to trained_nets/LPDSNet/net.ckpt ...
Loading net state-dict...
Loading opt state-dict...
Loading sched state-dict...
Updated Learning Rate(s): [9.74531401e-35]
TRAIN PSNR: 34.752 dB
Loss has diverged. Backtracking to trained_nets/LPDSNet/net.ckpt ...
Loading net state-dict...
Loading opt state-dict...
Loading sched state-dict...
Updated Learning Rate(s): [7.79625121e-35]
TRAIN PSNR: 32.120 dB
Loss has diverged. Backtracking to trained_nets/LPDSNet/net.ckpt ...
Loading net state-dict...
Loading opt state-dict...
Loading sched state-dict...
Updated Learning Rate(s): [6.23700097e-35]
TRAIN PSNR: 35.564 dB
TRAIN PSNR: 34.242 dB
Loss has diverged. Backtracking to trained_nets/LPDSNet/net.ckpt ...
Loading net state-dict...
Loading opt state-dict...
Loading sched state-dict...
Updated Learning Rate(s): [4.98960077e-35]
TRAIN PSNR: 32.431 dB
Loss has diverged. Backtracking to trained_nets/LPDSNet/net.ckpt ...
Loading net state-dict...
Loading opt state-dict...
Loading sched state-dict...
Updated Learning Rate(s): [3.99168062e-35]
TRAIN PSNR: 33.283 dB
Loss has diverged. Backtracking to trained_nets/LPDSNet/net.ckpt ...
Loading net state-dict...
Loading opt state-dict...
Loading sched state-dict...
Updated Learning Rate(s): [3.1933445e-35]
TRAIN PSNR: 32.840 dB
Loss has diverged. Backtracking to trained_nets/LPDSNet/net.ckpt ...
Loading net state-dict...
Loading opt state-dict...
Loading sched state-dict...
Updated Learning Rate(s): [2.5546756e-35]
TRAIN PSNR: 33.137 dB
Loss has diverged. Backtracking to trained_nets/LPDSNet/net.ckpt ...
Loading net state-dict...
Loading opt state-dict...
Loading sched state-dict...
Updated Learning Rate(s): [2.04374048e-35]
TRAIN PSNR: 34.092 dB
Loss has diverged. Backtracking to trained_nets/LPDSNet/net.ckpt ...
Loading net state-dict...
Loading opt state-dict...
Loading sched state-dict...
Updated Learning Rate(s): [1.63499238e-35]
TRAIN PSNR: 33.436 dB
Loss has diverged. Backtracking to trained_nets/LPDSNet/net.ckpt ...
Loading net state-dict...
Loading opt state-dict...
Loading sched state-dict...
Updated Learning Rate(s): [1.30799391e-35]
TRAIN PSNR: 32.733 dB
Loss has diverged. Backtracking to trained_nets/LPDSNet/net.ckpt ...
Loading net state-dict...
Loading opt state-dict...
Loading sched state-dict...
Updated Learning Rate(s): [1.04639512e-35]
TRAIN PSNR: 33.065 dB
Loss has diverged. Backtracking to trained_nets/LPDSNet/net.ckpt ...
Loading net state-dict...
Loading opt state-dict...
Loading sched state-dict...
Updated Learning Rate(s): [8.37116099e-36]
TRAIN PSNR: 31.908 dB
Loss has diverged. Backtracking to trained_nets/LPDSNet/net.ckpt ...
Loading net state-dict...
Loading opt state-dict...
Loading sched state-dict...
Updated Learning Rate(s): [6.69692879e-36]
TRAIN PSNR: 33.248 dB
Loss has diverged. Backtracking to trained_nets/LPDSNet/net.ckpt ...
Loading net state-dict...
Loading opt state-dict...
Loading sched state-dict...
Updated Learning Rate(s): [5.35754304e-36]
TRAIN PSNR: 34.279 dB
Loss has diverged. Backtracking to trained_nets/LPDSNet/net.ckpt ...
Loading net state-dict...
Loading opt state-dict...
Loading sched state-dict...
Updated Learning Rate(s): [4.28603443e-36]
TRAIN PSNR: 34.624 dB
Loss has diverged. Backtracking to trained_nets/LPDSNet/net.ckpt ...
Loading net state-dict...
Loading opt state-dict...
Loading sched state-dict...
Updated Learning Rate(s): [3.42882754e-36]
TRAIN PSNR: 33.272 dB
Loss has diverged. Backtracking to trained_nets/LPDSNet/net.ckpt ...
Loading net state-dict...
Loading opt state-dict...
Loading sched state-dict...
Updated Learning Rate(s): [2.74306203e-36]
TRAIN PSNR: 35.721 dB
TRAIN PSNR: 32.772 dB
Loss has diverged. Backtracking to trained_nets/LPDSNet/net.ckpt ...
Loading net state-dict...
Loading opt state-dict...
Loading sched state-dict...
Updated Learning Rate(s): [2.19444963e-36]
TRAIN PSNR: 35.363 dB
TRAIN PSNR: 31.088 dB
Loss has diverged. Backtracking to trained_nets/LPDSNet/net.ckpt ...
Loading net state-dict...
Loading opt state-dict...
Loading sched state-dict...
Updated Learning Rate(s): [1.7555597e-36]
TRAIN PSNR: 33.039 dB
Loss has diverged. Backtracking to trained_nets/LPDSNet/net.ckpt ...
Loading net state-dict...
Loading opt state-dict...
Loading sched state-dict...
Updated Learning Rate(s): [1.40444776e-36]
TRAIN PSNR: 32.291 dB
Loss has diverged. Backtracking to trained_nets/LPDSNet/net.ckpt ...
Loading net state-dict...
Loading opt state-dict...
Loading sched state-dict...
Updated Learning Rate(s): [1.12355821e-36]
TRAIN PSNR: 33.762 dB
Loss has diverged. Backtracking to trained_nets/LPDSNet/net.ckpt ...
Loading net state-dict...
Loading opt state-dict...
Loading sched state-dict...
Updated Learning Rate(s): [8.98846567e-37]
TRAIN PSNR: 33.554 dB
Loss has diverged. Backtracking to trained_nets/LPDSNet/net.ckpt ...
Loading net state-dict...
Loading opt state-dict...
Loading sched state-dict...
Updated Learning Rate(s): [7.19077254e-37]
TRAIN PSNR: 33.949 dB
Loss has diverged. Backtracking to trained_nets/LPDSNet/net.ckpt ...
Loading net state-dict...
Loading opt state-dict...
Loading sched state-dict...
Updated Learning Rate(s): [5.75261803e-37]
TRAIN PSNR: 32.772 dB
Loss has diverged. Backtracking to trained_nets/LPDSNet/net.ckpt ...
Loading net state-dict...
Loading opt state-dict...
Loading sched state-dict...
Updated Learning Rate(s): [4.60209443e-37]
TRAIN PSNR: 34.022 dB
Loss has diverged. Backtracking to trained_nets/LPDSNet/net.ckpt ...
Loading net state-dict...
Loading opt state-dict...
Loading sched state-dict...
Updated Learning Rate(s): [3.68167554e-37]
TRAIN PSNR: 33.128 dB
Loss has diverged. Backtracking to trained_nets/LPDSNet/net.ckpt ...
Loading net state-dict...
Loading opt state-dict...
Loading sched state-dict...
Updated Learning Rate(s): [2.94534043e-37]
TRAIN PSNR: 34.979 dB
Loss has diverged. Backtracking to trained_nets/LPDSNet/net.ckpt ...
Loading net state-dict...
Loading opt state-dict...
Loading sched state-dict...
Updated Learning Rate(s): [2.35627235e-37]
TRAIN PSNR: 34.318 dB
Loss has diverged. Backtracking to trained_nets/LPDSNet/net.ckpt ...
Loading net state-dict...
Loading opt state-dict...
Loading sched state-dict...
Updated Learning Rate(s): [1.88501788e-37]
TRAIN PSNR: 34.079 dB
Loss has diverged. Backtracking to trained_nets/LPDSNet/net.ckpt ...
Loading net state-dict...
Loading opt state-dict...
Loading sched state-dict...
Updated Learning Rate(s): [1.5080143e-37]
TRAIN PSNR: 33.672 dB
Loss has diverged. Backtracking to trained_nets/LPDSNet/net.ckpt ...
Loading net state-dict...
Loading opt state-dict...
Loading sched state-dict...
Updated Learning Rate(s): [1.20641144e-37]
TRAIN PSNR: 34.417 dB
Loss has diverged. Backtracking to trained_nets/LPDSNet/net.ckpt ...
Loading net state-dict...
Loading opt state-dict...
Loading sched state-dict...
Updated Learning Rate(s): [9.65129153e-38]
TRAIN PSNR: 34.156 dB
Loss has diverged. Backtracking to trained_nets/LPDSNet/net.ckpt ...
Loading net state-dict...
Loading opt state-dict...
Loading sched state-dict...
Updated Learning Rate(s): [7.72103322e-38]
TRAIN PSNR: 35.502 dB
TRAIN PSNR: 34.174 dB
Loss has diverged. Backtracking to trained_nets/LPDSNet/net.ckpt ...
Loading net state-dict...
Loading opt state-dict...
Loading sched state-dict...
Updated Learning Rate(s): [6.17682658e-38]
TRAIN PSNR: 33.313 dB
Loss has diverged. Backtracking to trained_nets/LPDSNet/net.ckpt ...
Loading net state-dict...
Loading opt state-dict...
Loading sched state-dict...
Updated Learning Rate(s): [4.94146126e-38]
TRAIN PSNR: 34.093 dB
Loss has diverged. Backtracking to trained_nets/LPDSNet/net.ckpt ...
Loading net state-dict...
Loading opt state-dict...
Loading sched state-dict...
Updated Learning Rate(s): [3.95316901e-38]
TRAIN PSNR: 31.936 dB
Loss has diverged. Backtracking to trained_nets/LPDSNet/net.ckpt ...
Loading net state-dict...
Loading opt state-dict...
Loading sched state-dict...
Updated Learning Rate(s): [3.16253521e-38]
TRAIN PSNR: 36.159 dB
TRAIN PSNR: 34.118 dB
Loss has diverged. Backtracking to trained_nets/LPDSNet/net.ckpt ...
Loading net state-dict...
Loading opt state-dict...
Loading sched state-dict...
Updated Learning Rate(s): [2.53002817e-38]
TRAIN PSNR: 34.749 dB
Loss has diverged. Backtracking to trained_nets/LPDSNet/net.ckpt ...
Loading net state-dict...
Loading opt state-dict...
Loading sched state-dict...
Updated Learning Rate(s): [2.02402253e-38]
TRAIN PSNR: 35.588 dB
TRAIN PSNR: 33.972 dB
Loss has diverged. Backtracking to trained_nets/LPDSNet/net.ckpt ...
Loading net state-dict...
Loading opt state-dict...
Loading sched state-dict...
Updated Learning Rate(s): [1.61921803e-38]
TRAIN PSNR: 34.097 dB
Loss has diverged. Backtracking to trained_nets/LPDSNet/net.ckpt ...
Loading net state-dict...
Loading opt state-dict...
Loading sched state-dict...
Updated Learning Rate(s): [1.29537442e-38]
TRAIN PSNR: 34.958 dB
Loss has diverged. Backtracking to trained_nets/LPDSNet/net.ckpt ...
Loading net state-dict...
Loading opt state-dict...
Loading sched state-dict...
Updated Learning Rate(s): [1.03629954e-38]
TRAIN PSNR: 34.524 dB
Loss has diverged. Backtracking to trained_nets/LPDSNet/net.ckpt ...
Loading net state-dict...
Loading opt state-dict...
Loading sched state-dict...
Updated Learning Rate(s): [8.2903963e-39]
TRAIN PSNR: 33.592 dB
Loss has diverged. Backtracking to trained_nets/LPDSNet/net.ckpt ...
Loading net state-dict...
Loading opt state-dict...
Loading sched state-dict...
Updated Learning Rate(s): [6.63231704e-39]
TRAIN PSNR: 32.272 dB
Loss has diverged. Backtracking to trained_nets/LPDSNet/net.ckpt ...
Loading net state-dict...
Loading opt state-dict...
Loading sched state-dict...
Updated Learning Rate(s): [5.30585363e-39]
TRAIN PSNR: 31.185 dB
Loss has diverged. Backtracking to trained_nets/LPDSNet/net.ckpt ...
Loading net state-dict...
Loading opt state-dict...
Loading sched state-dict...
Updated Learning Rate(s): [4.2446829e-39]
TRAIN PSNR: 34.323 dB
Loss has diverged. Backtracking to trained_nets/LPDSNet/net.ckpt ...
Loading net state-dict...
Loading opt state-dict...
Loading sched state-dict...
Updated Learning Rate(s): [3.39574632e-39]
TRAIN PSNR: 33.887 dB
Loss has diverged. Backtracking to trained_nets/LPDSNet/net.ckpt ...
Loading net state-dict...
Loading opt state-dict...
Loading sched state-dict...
Updated Learning Rate(s): [2.71659706e-39]
TRAIN PSNR: 32.626 dB
Loss has diverged. Backtracking to trained_nets/LPDSNet/net.ckpt ...
Loading net state-dict...
Loading opt state-dict...
Loading sched state-dict...
Updated Learning Rate(s): [2.17327765e-39]
TRAIN PSNR: 33.914 dB
Loss has diverged. Backtracking to trained_nets/LPDSNet/net.ckpt ...
Loading net state-dict...
Loading opt state-dict...
Loading sched state-dict...
Updated Learning Rate(s): [1.73862212e-39]
TRAIN PSNR: 34.676 dB
Loss has diverged. Backtracking to trained_nets/LPDSNet/net.ckpt ...
Loading net state-dict...
Loading opt state-dict...
Loading sched state-dict...
Updated Learning Rate(s): [1.39089769e-39]
TRAIN PSNR: 33.794 dB
Loss has diverged. Backtracking to trained_nets/LPDSNet/net.ckpt ...
Loading net state-dict...
Loading opt state-dict...
Loading sched state-dict...
Updated Learning Rate(s): [1.11271815e-39]
TRAIN PSNR: 33.409 dB
Loss has diverged. Backtracking to trained_nets/LPDSNet/net.ckpt ...
Loading net state-dict...
Loading opt state-dict...
Loading sched state-dict...
Updated Learning Rate(s): [8.90174524e-40]
TRAIN PSNR: 32.920 dB
Loss has diverged. Backtracking to trained_nets/LPDSNet/net.ckpt ...
Loading net state-dict...
Loading opt state-dict...
Loading sched state-dict...
Updated Learning Rate(s): [7.12139619e-40]
TRAIN PSNR: 34.128 dB
Loss has diverged. Backtracking to trained_nets/LPDSNet/net.ckpt ...
Loading net state-dict...
Loading opt state-dict...
Loading sched state-dict...
Updated Learning Rate(s): [5.69711695e-40]
TRAIN PSNR: 33.351 dB
Loss has diverged. Backtracking to trained_nets/LPDSNet/net.ckpt ...
Loading net state-dict...
Loading opt state-dict...
Loading sched state-dict...
Updated Learning Rate(s): [4.55769356e-40]
TRAIN PSNR: 34.998 dB
Loss has diverged. Backtracking to trained_nets/LPDSNet/net.ckpt ...
Loading net state-dict...
Loading opt state-dict...
Loading sched state-dict...
Updated Learning Rate(s): [3.64615485e-40]
TRAIN PSNR: 35.319 dB
TRAIN PSNR: 35.010 dB
Loss has diverged. Backtracking to trained_nets/LPDSNet/net.ckpt ...
Loading net state-dict...
Loading opt state-dict...
Loading sched state-dict...
Updated Learning Rate(s): [2.91692388e-40]
TRAIN PSNR: 34.564 dB
Loss has diverged. Backtracking to trained_nets/LPDSNet/net.ckpt ...
Loading net state-dict...
Loading opt state-dict...
Loading sched state-dict...
Updated Learning Rate(s): [2.3335391e-40]
TRAIN PSNR: 32.424 dB
Loss has diverged. Backtracking to trained_nets/LPDSNet/net.ckpt ...
Loading net state-dict...
Loading opt state-dict...
Loading sched state-dict...
Updated Learning Rate(s): [1.86683128e-40]
TRAIN PSNR: 34.324 dB
Loss has diverged. Backtracking to trained_nets/LPDSNet/net.ckpt ...
Loading net state-dict...
Loading opt state-dict...
Loading sched state-dict...
Updated Learning Rate(s): [1.49346503e-40]
TRAIN PSNR: 32.898 dB
Loss has diverged. Backtracking to trained_nets/LPDSNet/net.ckpt ...
Loading net state-dict...
Loading opt state-dict...
Loading sched state-dict...
Updated Learning Rate(s): [1.19477202e-40]
TRAIN PSNR: 32.683 dB
Loss has diverged. Backtracking to trained_nets/LPDSNet/net.ckpt ...
Loading net state-dict...
Loading opt state-dict...
Loading sched state-dict...
Updated Learning Rate(s): [9.55817617e-41]
TRAIN PSNR: 33.816 dB
Loss has diverged. Backtracking to trained_nets/LPDSNet/net.ckpt ...
Loading net state-dict...
Loading opt state-dict...
Loading sched state-dict...
Updated Learning Rate(s): [7.64654094e-41]
TRAIN PSNR: 33.386 dB
Loss has diverged. Backtracking to trained_nets/LPDSNet/net.ckpt ...
Loading net state-dict...
Loading opt state-dict...
Loading sched state-dict...
Updated Learning Rate(s): [6.11723275e-41]
TRAIN PSNR: 34.033 dB
Loss has diverged. Backtracking to trained_nets/LPDSNet/net.ckpt ...
Loading net state-dict...
Loading opt state-dict...
Loading sched state-dict...
Updated Learning Rate(s): [4.8937862e-41]
TRAIN PSNR: 35.575 dB
TRAIN PSNR: 32.957 dB
Loss has diverged. Backtracking to trained_nets/LPDSNet/net.ckpt ...
Loading net state-dict...
Loading opt state-dict...
Loading sched state-dict...
Updated Learning Rate(s): [3.91502896e-41]
TRAIN PSNR: 33.304 dB
Loss has diverged. Backtracking to trained_nets/LPDSNet/net.ckpt ...
Loading net state-dict...
Loading opt state-dict...
Loading sched state-dict...
Updated Learning Rate(s): [3.13202317e-41]
TRAIN PSNR: 34.814 dB
Loss has diverged. Backtracking to trained_nets/LPDSNet/net.ckpt ...
Loading net state-dict...
Loading opt state-dict...
Loading sched state-dict...
Updated Learning Rate(s): [2.50561853e-41]
TRAIN PSNR: 32.183 dB
Loss has diverged. Backtracking to trained_nets/LPDSNet/net.ckpt ...
Loading net state-dict...
Loading opt state-dict...
Loading sched state-dict...
Updated Learning Rate(s): [2.00449483e-41]
TRAIN PSNR: 35.036 dB
Loss has diverged. Backtracking to trained_nets/LPDSNet/net.ckpt ...
Loading net state-dict...
Loading opt state-dict...
Loading sched state-dict...
Updated Learning Rate(s): [1.60359586e-41]
TRAIN PSNR: 34.154 dB
Loss has diverged. Backtracking to trained_nets/LPDSNet/net.ckpt ...
Loading net state-dict...
Loading opt state-dict...
Loading sched state-dict...
Updated Learning Rate(s): [1.28287669e-41]
TRAIN PSNR: 34.416 dB
Loss has diverged. Backtracking to trained_nets/LPDSNet/net.ckpt ...
Loading net state-dict...
Loading opt state-dict...
Loading sched state-dict...
Updated Learning Rate(s): [1.02630135e-41]
TRAIN PSNR: 33.960 dB
Loss has diverged. Backtracking to trained_nets/LPDSNet/net.ckpt ...
Loading net state-dict...
Loading opt state-dict...
Loading sched state-dict...
Updated Learning Rate(s): [8.21041081e-42]
TRAIN PSNR: 31.214 dB
Loss has diverged. Backtracking to trained_nets/LPDSNet/net.ckpt ...
Loading net state-dict...
Loading opt state-dict...
Loading sched state-dict...
Updated Learning Rate(s): [6.56832865e-42]
TRAIN PSNR: 34.114 dB
Loss has diverged. Backtracking to trained_nets/LPDSNet/net.ckpt ...
Loading net state-dict...
Loading opt state-dict...
Loading sched state-dict...
Updated Learning Rate(s): [5.25466292e-42]
