{'model': {'C': 1,
           'K': 30,
           'M': 169,
           'P': 7,
           'adaptive': True,
           'e2e_diff': True,
           's': 2},
 'mri': {'R': 10, 'acs_lines': 24},
 'paths': {'ckpt': None, 'save': 'trained_nets/brain/LPDS_ImMAP2p5_R10'},
 'train': {'fit': {'backtrack_thresh': 5,
                   'clip_grad': 0.05,
                   'demosaic': False,
                   'denoiser_args_path': 'eval_config.json',
                   'epochs': 100,
                   'image_noise_std': [0, 126],
                   'mcsure': False,
                   'noise_dist': 'log',
                   'noise_std': [10, 13],
                   'save_freq': 5,
                   'val_freq': 50,
                   'verbose': True,
                   'x_init': True},
           'loaders': {'batch_size': 1,
                       'crop_size': 256,
                       'num_workers': 14,
                       'scaling_fac': 2000.0,
                       'trn_kspace_path_list': ['../../datasets/fastmri/brain/multicoil_train'],
                       'trn_path_list': ['../../datasets/fastmri_preprocessed/brain_T2W_coil_combined/train'],
                       'tst_kspace_path_list': ['../../datasets/fastmri/brain/multicoil_test'],
                       'tst_path_list': ['../../datasets/fastmri_preprocessed/brain_T2W_coil_combined/test'],
                       'val_kspace_path_list': ['../../datasets/fastmri/brain/multicoil_val'],
                       'val_path_list': ['../../datasets/fastmri_preprocessed/brain_T2W_coil_combined/val']},
           'opt': {'lr': 0.0005},
           'sched': {'gamma': 0.95, 'step_size': 50}},
 'type': 'LPDSNet'}
Loading ['../../datasets/fastmri_preprocessed/brain_T2W_coil_combined/train']:
Loading ['../../datasets/fastmri/brain/multicoil_train']
Loading ['../../datasets/fastmri_preprocessed/brain_T2W_coil_combined/val']:
Loading ['../../datasets/fastmri/brain/multicoil_val']
Loading ['../../datasets/fastmri_preprocessed/brain_T2W_coil_combined/test']:
Loading ['../../datasets/fastmri/brain/multicoil_test']
Running power-method on initial dictionary...
Done. L=3.389e+03-2.206e-06j.
Total Number of Parameters: 760,560
Using trained_nets/brain/LPDS_ImMAP2p5_R10 ...
fit: using device cuda:0
TRAIN PSNR: 33.314 dB
TRAIN PSNR: 38.838 dB
TRAIN PSNR: 40.012 dB
TRAIN PSNR: 40.234 dB
TRAIN PSNR: 40.689 dB
Checkpoint: trained_nets/brain/LPDS_ImMAP2p5_R10/net.ckpt
TRAIN PSNR: 40.171 dB
TRAIN PSNR: 40.247 dB
TRAIN PSNR: 40.417 dB
TRAIN PSNR: 40.484 dB
TRAIN PSNR: 40.552 dB
Checkpoint: trained_nets/brain/LPDS_ImMAP2p5_R10/net.ckpt
TRAIN PSNR: 41.160 dB
TRAIN PSNR: 40.990 dB
TRAIN PSNR: 41.058 dB
TRAIN PSNR: 40.648 dB
TRAIN PSNR: 40.863 dB
Checkpoint: trained_nets/brain/LPDS_ImMAP2p5_R10/net.ckpt
TRAIN PSNR: 41.250 dB
TRAIN PSNR: 41.264 dB
TRAIN PSNR: 40.994 dB
TRAIN PSNR: 41.184 dB
TRAIN PSNR: 40.634 dB
Checkpoint: trained_nets/brain/LPDS_ImMAP2p5_R10/net.ckpt
TRAIN PSNR: 40.951 dB
TRAIN PSNR: 41.262 dB
TRAIN PSNR: 41.105 dB
TRAIN PSNR: 40.380 dB
TRAIN PSNR: 41.048 dB
Checkpoint: trained_nets/brain/LPDS_ImMAP2p5_R10/net.ckpt
TRAIN PSNR: 40.758 dB
TRAIN PSNR: 41.107 dB
TRAIN PSNR: 41.059 dB
TRAIN PSNR: 40.892 dB
TRAIN PSNR: 41.068 dB
Checkpoint: trained_nets/brain/LPDS_ImMAP2p5_R10/net.ckpt
TRAIN PSNR: 41.073 dB
TRAIN PSNR: 40.556 dB
TRAIN PSNR: 41.198 dB
TRAIN PSNR: 41.567 dB
TRAIN PSNR: 41.372 dB
Checkpoint: trained_nets/brain/LPDS_ImMAP2p5_R10/net.ckpt
TRAIN PSNR: 40.649 dB
TRAIN PSNR: 41.258 dB
TRAIN PSNR: 40.997 dB
TRAIN PSNR: 41.412 dB
TRAIN PSNR: 41.399 dB
Checkpoint: trained_nets/brain/LPDS_ImMAP2p5_R10/net.ckpt
TRAIN PSNR: 41.297 dB
TRAIN PSNR: 41.728 dB
TRAIN PSNR: 41.227 dB
TRAIN PSNR: 41.192 dB
TRAIN PSNR: 41.432 dB
Checkpoint: trained_nets/brain/LPDS_ImMAP2p5_R10/net.ckpt
TRAIN PSNR: 41.233 dB
TRAIN PSNR: 41.358 dB
TRAIN PSNR: 41.297 dB
TRAIN PSNR: 41.312 dB
TRAIN PSNR: 41.464 dB
VAL PSNR: 41.441 dB
Updated Learning Rate(s): 
[0.000475]
Checkpoint: trained_nets/brain/LPDS_ImMAP2p5_R10/net.ckpt
TRAIN PSNR: 41.468 dB
TRAIN PSNR: 41.649 dB
TRAIN PSNR: 41.374 dB
TRAIN PSNR: 41.432 dB
TRAIN PSNR: 41.749 dB
Checkpoint: trained_nets/brain/LPDS_ImMAP2p5_R10/net.ckpt
TRAIN PSNR: 41.320 dB
TRAIN PSNR: 41.186 dB
TRAIN PSNR: 40.967 dB
TRAIN PSNR: 41.275 dB
TRAIN PSNR: 41.654 dB
Checkpoint: trained_nets/brain/LPDS_ImMAP2p5_R10/net.ckpt
TRAIN PSNR: 41.564 dB
TRAIN PSNR: 41.286 dB
TRAIN PSNR: 41.170 dB
TRAIN PSNR: 41.525 dB
TRAIN PSNR: 41.242 dB
Checkpoint: trained_nets/brain/LPDS_ImMAP2p5_R10/net.ckpt
TRAIN PSNR: 41.400 dB
TRAIN PSNR: 41.246 dB
TRAIN PSNR: 41.688 dB
TRAIN PSNR: 41.305 dB
TRAIN PSNR: 40.523 dB
Checkpoint: trained_nets/brain/LPDS_ImMAP2p5_R10/net.ckpt
TRAIN PSNR: 41.236 dB
TRAIN PSNR: 41.064 dB
TRAIN PSNR: 41.385 dB
TRAIN PSNR: 42.043 dB
TRAIN PSNR: 41.186 dB
Checkpoint: trained_nets/brain/LPDS_ImMAP2p5_R10/net.ckpt
TRAIN PSNR: 41.244 dB
TRAIN PSNR: 41.507 dB
TRAIN PSNR: 41.481 dB
TRAIN PSNR: 40.924 dB
TRAIN PSNR: 41.789 dB
Checkpoint: trained_nets/brain/LPDS_ImMAP2p5_R10/net.ckpt
TRAIN PSNR: 41.429 dB
TRAIN PSNR: 41.363 dB
TRAIN PSNR: 41.410 dB
TRAIN PSNR: 41.042 dB
TRAIN PSNR: 41.533 dB
Checkpoint: trained_nets/brain/LPDS_ImMAP2p5_R10/net.ckpt
TRAIN PSNR: 40.814 dB
TRAIN PSNR: 40.992 dB
TRAIN PSNR: 41.536 dB
TRAIN PSNR: 40.749 dB
TRAIN PSNR: 41.120 dB
Checkpoint: trained_nets/brain/LPDS_ImMAP2p5_R10/net.ckpt
TRAIN PSNR: 41.316 dB
TRAIN PSNR: 41.876 dB
TRAIN PSNR: 41.431 dB
TRAIN PSNR: 41.783 dB
TRAIN PSNR: 40.674 dB
Checkpoint: trained_nets/brain/LPDS_ImMAP2p5_R10/net.ckpt
TRAIN PSNR: 41.013 dB
TRAIN PSNR: 41.566 dB
TRAIN PSNR: 41.669 dB
TRAIN PSNR: 41.352 dB
TRAIN PSNR: 41.592 dB
VAL PSNR: 41.288 dB
TEST PSNR: 44.525 dB
Updated Learning Rate(s): 
[0.00045125]
Checkpoint: trained_nets/brain/LPDS_ImMAP2p5_R10/net.ckpt
{'model': {'C': 1,
           'K': 30,
           'M': 169,
           'P': 7,
           'adaptive': True,
           'e2e_diff': True,
           's': 2},
 'mri': {'R': 10, 'acs_lines': 24},
 'paths': {'ckpt': None, 'save': 'trained_nets/brain/LPDS_ImMAP2p5_R10'},
 'train': {'fit': {'backtrack_thresh': 5,
                   'clip_grad': 0.05,
                   'demosaic': False,
                   'denoiser_args_path': 'eval_config.json',
                   'epochs': 100,
                   'image_noise_std': [0, 126],
                   'mcsure': False,
                   'noise_dist': 'log',
                   'noise_std': [10, 13],
                   'save_freq': 5,
                   'val_freq': 50,
                   'verbose': True,
                   'x_init': True},
           'loaders': {'batch_size': 1,
                       'crop_size': 256,
                       'num_workers': 14,
                       'scaling_fac': 2000.0,
                       'trn_kspace_path_list': ['../../datasets/fastmri/brain/multicoil_train'],
                       'trn_path_list': ['../../datasets/fastmri_preprocessed/brain_T2W_coil_combined/train'],
                       'tst_kspace_path_list': ['../../datasets/fastmri/brain/multicoil_test'],
                       'tst_path_list': ['../../datasets/fastmri_preprocessed/brain_T2W_coil_combined/test'],
                       'val_kspace_path_list': ['../../datasets/fastmri/brain/multicoil_val'],
                       'val_path_list': ['../../datasets/fastmri_preprocessed/brain_T2W_coil_combined/val']},
           'opt': {'lr': 0.0005},
           'sched': {'gamma': 0.95, 'step_size': 50}},
 'type': 'LPDSNet'}
Loading ['../../datasets/fastmri_preprocessed/brain_T2W_coil_combined/train']:
Loading ['../../datasets/fastmri/brain/multicoil_train']
Loading ['../../datasets/fastmri_preprocessed/brain_T2W_coil_combined/val']:
Loading ['../../datasets/fastmri/brain/multicoil_val']
Loading ['../../datasets/fastmri_preprocessed/brain_T2W_coil_combined/test']:
Loading ['../../datasets/fastmri/brain/multicoil_test']
Running power-method on initial dictionary...
Done. L=3.284e+03-5.129e-06j.
Total Number of Parameters: 760,560
Using trained_nets/brain/LPDS_ImMAP2p5_R10 ...
fit: using device cuda:0
TRAIN PSNR: 33.406 dB
TRAIN PSNR: 38.957 dB
TRAIN PSNR: 39.936 dB
TRAIN PSNR: 40.620 dB
TRAIN PSNR: 39.729 dB
Checkpoint: trained_nets/brain/LPDS_ImMAP2p5_R10/net.ckpt
TRAIN PSNR: 40.358 dB
TRAIN PSNR: 40.812 dB
