{'model': {'C': 1, 'K': 30, 'M': 169, 'P': 7, 'adaptive': True, 's': 2},
 'paths': {'ckpt': None, 'save': 'trained_nets/brain/LPDSNet'},
 'train': {'fit': {'backtrack_thresh': 5,
                   'clip_grad': 0.05,
                   'demosaic': False,
                   'epochs': 1000,
                   'mcsure': False,
                   'noise_dist': 'log',
                   'noise_std': [0, 126],
                   'save_freq': 5,
                   'val_freq': 50,
                   'verbose': True},
           'loaders': {'batch_size': 32,
                       'brain': True,
                       'center_crop': 320,
                       'crop_size': 128,
                       'end_slice': 8,
                       'load_color': False,
                       'num_workers': 14,
                       'scaling_fac': 2000.0,
                       'start_slice': 0,
                       'trn_path_list': ['../../datasets/fastmri_preprocessed/brain_T2W_coil_combined/train'],
                       'tst_path_list': ['../../datasets/fastmri_preprocessed/brain_T2W_coil_combined/test'],
                       'val_path_list': ['../../datasets/fastmri_preprocessed/brain_T2W_coil_combined/val']},
           'opt': {'lr': 0.0005},
           'sched': {'gamma': 0.95, 'step_size': 50}},
 'type': 'LPDSNet'}
Loading ['../../datasets/fastmri_preprocessed/brain_T2W_coil_combined/train']:
Loading ['../../datasets/fastmri_preprocessed/brain_T2W_coil_combined/val']:
Loading ['../../datasets/fastmri_preprocessed/brain_T2W_coil_combined/test']:
Running power-method on initial dictionary...
Done. L=3.369e+03+1.068e-05j.
Total Number of Parameters: 755,490
Using trained_nets/brain/LPDSNet ...
fit: using device cuda:0
TRAIN PSNR: 26.357 dB
TRAIN PSNR: 30.355 dB
TRAIN PSNR: 30.455 dB
TRAIN PSNR: 30.982 dB
TRAIN PSNR: 32.607 dB
Checkpoint: trained_nets/brain/LPDSNet/net.ckpt
TRAIN PSNR: 33.195 dB
TRAIN PSNR: 34.074 dB
TRAIN PSNR: 35.534 dB
TRAIN PSNR: 35.284 dB
TRAIN PSNR: 36.231 dB
Checkpoint: trained_nets/brain/LPDSNet/net.ckpt
TRAIN PSNR: 35.708 dB
TRAIN PSNR: 34.249 dB
TRAIN PSNR: 35.670 dB
TRAIN PSNR: 35.279 dB
TRAIN PSNR: 34.767 dB
Checkpoint: trained_nets/brain/LPDSNet/net.ckpt
TRAIN PSNR: 35.285 dB
TRAIN PSNR: 35.588 dB
TRAIN PSNR: 35.729 dB
TRAIN PSNR: 35.769 dB
TRAIN PSNR: 35.856 dB
Checkpoint: trained_nets/brain/LPDSNet/net.ckpt
TRAIN PSNR: 35.903 dB
TRAIN PSNR: 35.263 dB
TRAIN PSNR: 35.929 dB
TRAIN PSNR: 35.656 dB
TRAIN PSNR: 35.409 dB
Checkpoint: trained_nets/brain/LPDSNet/net.ckpt
TRAIN PSNR: 35.158 dB
TRAIN PSNR: 35.891 dB
TRAIN PSNR: 35.600 dB
TRAIN PSNR: 35.998 dB
TRAIN PSNR: 35.710 dB
Checkpoint: trained_nets/brain/LPDSNet/net.ckpt
TRAIN PSNR: 35.717 dB
TRAIN PSNR: 35.339 dB
TRAIN PSNR: 36.732 dB
TRAIN PSNR: 35.599 dB
TRAIN PSNR: 35.941 dB
Checkpoint: trained_nets/brain/LPDSNet/net.ckpt
TRAIN PSNR: 35.827 dB
TRAIN PSNR: 36.058 dB
TRAIN PSNR: 35.912 dB
TRAIN PSNR: 36.522 dB
TRAIN PSNR: 35.672 dB
Checkpoint: trained_nets/brain/LPDSNet/net.ckpt
TRAIN PSNR: 36.661 dB
TRAIN PSNR: 35.855 dB
TRAIN PSNR: 36.480 dB
TRAIN PSNR: 36.468 dB
TRAIN PSNR: 36.751 dB
Checkpoint: trained_nets/brain/LPDSNet/net.ckpt
TRAIN PSNR: 36.644 dB
TRAIN PSNR: 36.279 dB
TRAIN PSNR: 36.311 dB
TRAIN PSNR: 36.730 dB
TRAIN PSNR: 35.679 dB
VAL PSNR: 20.713 dB
Updated Learning Rate(s): 
[0.000475]
Checkpoint: trained_nets/brain/LPDSNet/net.ckpt
TRAIN PSNR: 34.457 dB
TRAIN PSNR: 35.020 dB
TRAIN PSNR: 35.399 dB
TRAIN PSNR: 34.797 dB
TRAIN PSNR: 36.222 dB
Checkpoint: trained_nets/brain/LPDSNet/net.ckpt
TRAIN PSNR: 35.584 dB
TRAIN PSNR: 36.953 dB
TRAIN PSNR: 35.834 dB
TRAIN PSNR: 35.939 dB
TRAIN PSNR: 36.208 dB
Checkpoint: trained_nets/brain/LPDSNet/net.ckpt
TRAIN PSNR: 35.726 dB
TRAIN PSNR: 36.156 dB
TRAIN PSNR: 36.426 dB
TRAIN PSNR: 36.327 dB
TRAIN PSNR: 36.343 dB
Checkpoint: trained_nets/brain/LPDSNet/net.ckpt
TRAIN PSNR: 35.864 dB
TRAIN PSNR: 35.975 dB
TRAIN PSNR: 35.645 dB
TRAIN PSNR: 36.170 dB
TRAIN PSNR: 36.487 dB
Checkpoint: trained_nets/brain/LPDSNet/net.ckpt
TRAIN PSNR: 36.504 dB
TRAIN PSNR: 36.106 dB
TRAIN PSNR: 35.502 dB
TRAIN PSNR: 35.939 dB
TRAIN PSNR: 35.501 dB
Checkpoint: trained_nets/brain/LPDSNet/net.ckpt
TRAIN PSNR: 36.454 dB
TRAIN PSNR: 35.616 dB
TRAIN PSNR: 36.095 dB
TRAIN PSNR: 36.600 dB
TRAIN PSNR: 37.158 dB
Checkpoint: trained_nets/brain/LPDSNet/net.ckpt
TRAIN PSNR: 37.215 dB
TRAIN PSNR: 36.367 dB
TRAIN PSNR: 36.146 dB
TRAIN PSNR: 36.499 dB
TRAIN PSNR: 36.037 dB
Checkpoint: trained_nets/brain/LPDSNet/net.ckpt
TRAIN PSNR: 36.907 dB
TRAIN PSNR: 36.458 dB
