{'model': {'C': 1,
           'K': 30,
           'M': 169,
           'P': 7,
           'adaptive': True,
           'e2e_diff': True,
           's': 2},
 'mri': {'R': 6, 'acs_lines': 24},
 'paths': {'ckpt': None, 'save': 'trained_nets/brain/LPDS_ImMAP2p5'},
 'train': {'fit': {'backtrack_thresh': 2,
                   'clip_grad': 0.05,
                   'demosaic': False,
                   'denoiser_args_path': 'eval_config.json',
                   'epochs': 100,
                   'image_noise_std': [0, 126],
                   'mcsure': False,
                   'noise_dist': 'log',
                   'noise_std': [10, 13],
                   'save_freq': 5,
                   'val_freq': 50,
                   'verbose': True,
                   'x_init': True},
           'loaders': {'batch_size': 1,
                       'crop_size': 256,
                       'num_workers': 14,
                       'scaling_fac': 2000.0,
                       'trn_kspace_path_list': ['../../datasets/fastmri/brain/multicoil_train'],
                       'trn_path_list': ['../../datasets/fastmri_preprocessed/brain_T2W_coil_combined/train'],
                       'tst_kspace_path_list': ['../../datasets/fastmri/brain/multicoil_test'],
                       'tst_path_list': ['../../datasets/fastmri_preprocessed/brain_T2W_coil_combined/test'],
                       'val_kspace_path_list': ['../../datasets/fastmri/brain/multicoil_val'],
                       'val_path_list': ['../../datasets/fastmri_preprocessed/brain_T2W_coil_combined/val']},
           'opt': {'lr': 0.001},
           'sched': {'gamma': 0.95, 'step_size': 50}},
 'type': 'LPDSNet'}
Loading ['../../datasets/fastmri_preprocessed/brain_T2W_coil_combined/train']:
Loading ['../../datasets/fastmri/brain/multicoil_train']
Loading ['../../datasets/fastmri_preprocessed/brain_T2W_coil_combined/val']:
Loading ['../../datasets/fastmri/brain/multicoil_val']
Loading ['../../datasets/fastmri_preprocessed/brain_T2W_coil_combined/test']:
Loading ['../../datasets/fastmri/brain/multicoil_test']
Running power-method on initial dictionary...
Done. L=3.354e+03+4.452e-07j.
Total Number of Parameters: 760,560
Using trained_nets/brain/LPDS_ImMAP2p5 ...
fit: using device cuda:0
TRAIN PSNR: 36.884 dB
TRAIN PSNR: 40.051 dB
TRAIN PSNR: 42.550 dB
TRAIN PSNR: 44.246 dB
TRAIN PSNR: 45.287 dB
Checkpoint: trained_nets/brain/LPDS_ImMAP2p5/net.ckpt
TRAIN PSNR: 45.770 dB
TRAIN PSNR: 46.262 dB
TRAIN PSNR: 46.059 dB
TRAIN PSNR: 46.459 dB
TRAIN PSNR: 46.869 dB
Checkpoint: trained_nets/brain/LPDS_ImMAP2p5/net.ckpt
TRAIN PSNR: 47.147 dB
TRAIN PSNR: 48.078 dB
TRAIN PSNR: 48.198 dB
TRAIN PSNR: 48.637 dB
TRAIN PSNR: 48.983 dB
Checkpoint: trained_nets/brain/LPDS_ImMAP2p5/net.ckpt
TRAIN PSNR: 49.436 dB
TRAIN PSNR: 49.654 dB
TRAIN PSNR: 50.365 dB
TRAIN PSNR: 50.389 dB
TRAIN PSNR: 50.756 dB
Checkpoint: trained_nets/brain/LPDS_ImMAP2p5/net.ckpt
TRAIN PSNR: 51.012 dB
TRAIN PSNR: 51.110 dB
