Running job 2 with config configs/knee/immap2p5_R6_config.json
{'model': {'C': 1,
           'K': 30,
           'M': 169,
           'P': 7,
           'adaptive': True,
           'e2e_diff': True,
           's': 2},
 'mri': {'R': 6, 'acs_lines': 24},
 'paths': {'ckpt': None, 'save': 'trained_nets/knee/LPDS_ImMAP2p5_R6'},
 'train': {'fit': {'backtrack_thresh': 5,
                   'clip_grad': 0.05,
                   'demosaic': False,
                   'denoiser_args_path': 'eval_config.json',
                   'epochs': None,
                   'image_noise_std': [0, 0.5],
                   'max_steps': 300000,
                   'mcsure': False,
                   'noise_dist': 'cosine',
                   'noise_std': [0.01, 0.02],
                   'save_every': 5000,
                   'save_freq': 5,
                   'val_every': 2000,
                   'val_freq': 50,
                   'verbose': True,
                   'x_init': True},
           'loaders': {'batch_size': 1,
                       'crop_size': 256,
                       'end_slice': 20,
                       'modality': 'knee',
                       'num_workers': 14,
                       'scaling_fac': 4000.0,
                       'start_slice': 10,
                       'trn_kspace_path_list': ['../../datasets/fastmri/knee/multicoil_train'],
                       'trn_path_list': ['../../datasets/fastmri_preprocessed/knee_coil_combined/pd/train'],
                       'tst_kspace_path_list': ['../../datasets/fastmri/knee/multicoil_test_v2'],
                       'tst_path_list': ['../../datasets/fastmri_preprocessed/knee_coil_combined/pd/test'],
                       'val_kspace_path_list': ['../../datasets/fastmri/knee/multicoil_val'],
                       'val_path_list': ['../../datasets/fastmri_preprocessed/knee_coil_combined/pd/val']},
           'opt': {'lr': 0.0005},
           'sched': {'gamma': 0.95, 'step_size': 50}},
 'type': 'LPDSNet'}
Loading ['../../datasets/fastmri_preprocessed/knee_coil_combined/pd/train']:
Loading ['../../datasets/fastmri/knee/multicoil_train']
Loading ['../../datasets/fastmri_preprocessed/knee_coil_combined/pd/val']:
Loading ['../../datasets/fastmri/knee/multicoil_val']
Loading ['../../datasets/fastmri_preprocessed/knee_coil_combined/pd/test']:
Loading ['../../datasets/fastmri/knee/multicoil_test_v2']
Running power-method on initial dictionary...
Done. L=3.287e+03-6.509e-06j.
Total Number of Parameters: 760,560
Using trained_nets/knee/LPDS_ImMAP2p5_R6 ...
fit: using device cuda:0

Checkpoint: trained_nets/knee/LPDS_ImMAP2p5_R6/net.ckpt (step 5000)

Checkpoint: trained_nets/knee/LPDS_ImMAP2p5_R6/net.ckpt (step 10000)

Checkpoint: trained_nets/knee/LPDS_ImMAP2p5_R6/net.ckpt (step 15000)

Checkpoint: trained_nets/knee/LPDS_ImMAP2p5_R6/net.ckpt (step 20000)

Checkpoint: trained_nets/knee/LPDS_ImMAP2p5_R6/net.ckpt (step 25000)

Checkpoint: trained_nets/knee/LPDS_ImMAP2p5_R6/net.ckpt (step 30000)

Checkpoint: trained_nets/knee/LPDS_ImMAP2p5_R6/net.ckpt (step 35000)

Checkpoint: trained_nets/knee/LPDS_ImMAP2p5_R6/net.ckpt (step 40000)

Checkpoint: trained_nets/knee/LPDS_ImMAP2p5_R6/net.ckpt (step 45000)

Checkpoint: trained_nets/knee/LPDS_ImMAP2p5_R6/net.ckpt (step 50000)

Checkpoint: trained_nets/knee/LPDS_ImMAP2p5_R6/net.ckpt (step 55000)

Checkpoint: trained_nets/knee/LPDS_ImMAP2p5_R6/net.ckpt (step 60000)

Checkpoint: trained_nets/knee/LPDS_ImMAP2p5_R6/net.ckpt (step 65000)

Checkpoint: trained_nets/knee/LPDS_ImMAP2p5_R6/net.ckpt (step 70000)

Checkpoint: trained_nets/knee/LPDS_ImMAP2p5_R6/net.ckpt (step 75000)

Checkpoint: trained_nets/knee/LPDS_ImMAP2p5_R6/net.ckpt (step 80000)

Checkpoint: trained_nets/knee/LPDS_ImMAP2p5_R6/net.ckpt (step 85000)

Checkpoint: trained_nets/knee/LPDS_ImMAP2p5_R6/net.ckpt (step 90000)

Checkpoint: trained_nets/knee/LPDS_ImMAP2p5_R6/net.ckpt (step 95000)

Checkpoint: trained_nets/knee/LPDS_ImMAP2p5_R6/net.ckpt (step 100000)

Checkpoint: trained_nets/knee/LPDS_ImMAP2p5_R6/net.ckpt (step 105000)

Checkpoint: trained_nets/knee/LPDS_ImMAP2p5_R6/net.ckpt (step 110000)

Checkpoint: trained_nets/knee/LPDS_ImMAP2p5_R6/net.ckpt (step 115000)

Checkpoint: trained_nets/knee/LPDS_ImMAP2p5_R6/net.ckpt (step 120000)

Checkpoint: trained_nets/knee/LPDS_ImMAP2p5_R6/net.ckpt (step 125000)
