{'model': {'C': 1, 'K': 30, 'M': 169, 'P': 7, 'adaptive': True, 's': 2},
 'paths': {'ckpt': None, 'save': 'trained_nets/LPDSNet'},
 'train': {'fit': {'backtrack_thresh': 2,
                   'clip_grad': 0.05,
                   'demosaic': False,
                   'epochs': 1000,
                   'mcsure': False,
                   'noise_std': [0, 126],
                   'save_freq': 5,
                   'val_freq': 50,
                   'verbose': True},
           'loaders': {'batch_size': 10,
                       'crop_size': 256,
                       'end_slice': 8,
                       'load_color': False,
                       'scaling_fac': 2000.0,
                       'start_slice': 0,
                       'trn_path_list': ['../../datasets/fastmri_preprocessed/brain_T2W_coil_combined/train'],
                       'tst_path_list': ['../../datasets/fastmri_preprocessed/brain_T2W_coil_combined/test'],
                       'val_path_list': ['../../datasets/fastmri_preprocessed/brain_T2W_coil_combined/val']},
           'opt': {'lr': 0.001},
           'sched': {'gamma': 0.95, 'step_size': 50}},
 'type': 'LPDSNet'}
Loading ['../../datasets/fastmri_preprocessed/brain_T2W_coil_combined/train']:
Loading ['../../datasets/fastmri_preprocessed/brain_T2W_coil_combined/val']:
Loading ['../../datasets/fastmri_preprocessed/brain_T2W_coil_combined/test']:
Running power-method on initial dictionary...
Done. L=3.406e+03-8.214e-07j.
Total Number of Parameters: 755,490
Using trained_nets/LPDSNet ...
fit: using device cuda:0
TRAIN PSNR: 32.596 dB
TRAIN PSNR: 33.674 dB
TRAIN PSNR: 33.582 dB
TRAIN PSNR: 34.032 dB
TRAIN PSNR: 33.178 dB
Checkpoint: trained_nets/LPDSNet/net.ckpt
TRAIN PSNR: 33.229 dB
TRAIN PSNR: 35.001 dB
TRAIN PSNR: 35.461 dB
TRAIN PSNR: 34.812 dB
TRAIN PSNR: 33.297 dB
Loss has diverged. Backtracking to trained_nets/LPDSNet/net.ckpt ...
Loading net state-dict...
Loading opt state-dict...
Loading sched state-dict...
Updated Learning Rate(s): [0.0008]
TRAIN PSNR: 33.140 dB
Loss has diverged. Backtracking to trained_nets/LPDSNet/net.ckpt ...
Loading net state-dict...
Loading opt state-dict...
Loading sched state-dict...
Updated Learning Rate(s): [0.00064]
TRAIN PSNR: 32.555 dB
Loss has diverged. Backtracking to trained_nets/LPDSNet/net.ckpt ...
Loading net state-dict...
Loading opt state-dict...
Loading sched state-dict...
Updated Learning Rate(s): [0.000512]
TRAIN PSNR: 32.353 dB
Loss has diverged. Backtracking to trained_nets/LPDSNet/net.ckpt ...
Loading net state-dict...
Loading opt state-dict...
Loading sched state-dict...
Updated Learning Rate(s): [0.0004096]
TRAIN PSNR: 33.193 dB
Loss has diverged. Backtracking to trained_nets/LPDSNet/net.ckpt ...
Loading net state-dict...
Loading opt state-dict...
Loading sched state-dict...
Updated Learning Rate(s): [0.00032768]
TRAIN PSNR: 33.169 dB
Loss has diverged. Backtracking to trained_nets/LPDSNet/net.ckpt ...
Loading net state-dict...
Loading opt state-dict...
Loading sched state-dict...
Updated Learning Rate(s): [0.00026214]
TRAIN PSNR: 34.124 dB
TRAIN PSNR: 34.686 dB
TRAIN PSNR: 34.538 dB
TRAIN PSNR: 35.564 dB
TRAIN PSNR: 33.273 dB
Loss has diverged. Backtracking to trained_nets/LPDSNet/net.ckpt ...
Loading net state-dict...
Loading opt state-dict...
Loading sched state-dict...
Updated Learning Rate(s): [0.00020972]
TRAIN PSNR: 34.300 dB
TRAIN PSNR: 33.039 dB
Loss has diverged. Backtracking to trained_nets/LPDSNet/net.ckpt ...
Loading net state-dict...
Loading opt state-dict...
Loading sched state-dict...
Updated Learning Rate(s): [0.00016777]
TRAIN PSNR: 33.469 dB
Loss has diverged. Backtracking to trained_nets/LPDSNet/net.ckpt ...
Loading net state-dict...
Loading opt state-dict...
Loading sched state-dict...
Updated Learning Rate(s): [0.00013422]
TRAIN PSNR: 35.217 dB
TRAIN PSNR: 34.599 dB
TRAIN PSNR: 33.530 dB
Loss has diverged. Backtracking to trained_nets/LPDSNet/net.ckpt ...
Loading net state-dict...
Loading opt state-dict...
Loading sched state-dict...
Updated Learning Rate(s): [0.00010737]
TRAIN PSNR: 33.957 dB
TRAIN PSNR: 34.037 dB
TRAIN PSNR: 34.785 dB
TRAIN PSNR: 35.004 dB
TRAIN PSNR: 33.031 dB
Loss has diverged. Backtracking to trained_nets/LPDSNet/net.ckpt ...
Loading net state-dict...
Loading opt state-dict...
Loading sched state-dict...
Updated Learning Rate(s): [8.58993459e-05]
TRAIN PSNR: 33.294 dB
Loss has diverged. Backtracking to trained_nets/LPDSNet/net.ckpt ...
Loading net state-dict...
Loading opt state-dict...
Loading sched state-dict...
Updated Learning Rate(s): [6.87194767e-05]
TRAIN PSNR: 32.699 dB
Loss has diverged. Backtracking to trained_nets/LPDSNet/net.ckpt ...
Loading net state-dict...
Loading opt state-dict...
Loading sched state-dict...
Updated Learning Rate(s): [5.49755814e-05]
TRAIN PSNR: 32.677 dB
Loss has diverged. Backtracking to trained_nets/LPDSNet/net.ckpt ...
Loading net state-dict...
Loading opt state-dict...
Loading sched state-dict...
Updated Learning Rate(s): [4.39804651e-05]
TRAIN PSNR: 32.561 dB
Loss has diverged. Backtracking to trained_nets/LPDSNet/net.ckpt ...
Loading net state-dict...
Loading opt state-dict...
Loading sched state-dict...
Updated Learning Rate(s): [3.51843721e-05]
TRAIN PSNR: 34.600 dB
TRAIN PSNR: 33.754 dB
TRAIN PSNR: 31.749 dB
Loss has diverged. Backtracking to trained_nets/LPDSNet/net.ckpt ...
Loading net state-dict...
Loading opt state-dict...
Loading sched state-dict...
Updated Learning Rate(s): [2.81474977e-05]
TRAIN PSNR: 33.516 dB
Loss has diverged. Backtracking to trained_nets/LPDSNet/net.ckpt ...
Loading net state-dict...
Loading opt state-dict...
Loading sched state-dict...
Updated Learning Rate(s): [2.25179981e-05]
TRAIN PSNR: 34.963 dB
TRAIN PSNR: 33.060 dB
Loss has diverged. Backtracking to trained_nets/LPDSNet/net.ckpt ...
Loading net state-dict...
Loading opt state-dict...
Loading sched state-dict...
Updated Learning Rate(s): [1.80143985e-05]
TRAIN PSNR: 35.591 dB
TRAIN PSNR: 34.255 dB
TRAIN PSNR: 33.570 dB
Loss has diverged. Backtracking to trained_nets/LPDSNet/net.ckpt ...
Loading net state-dict...
Loading opt state-dict...
Loading sched state-dict...
Updated Learning Rate(s): [1.44115188e-05]
TRAIN PSNR: 35.075 dB
TRAIN PSNR: 32.774 dB
Loss has diverged. Backtracking to trained_nets/LPDSNet/net.ckpt ...
Loading net state-dict...
Loading opt state-dict...
Loading sched state-dict...
Updated Learning Rate(s): [1.1529215e-05]
TRAIN PSNR: 33.372 dB
Loss has diverged. Backtracking to trained_nets/LPDSNet/net.ckpt ...
Loading net state-dict...
Loading opt state-dict...
Loading sched state-dict...
Updated Learning Rate(s): [9.22337204e-06]
TRAIN PSNR: 34.179 dB
TRAIN PSNR: 34.481 dB
TRAIN PSNR: 33.074 dB
Loss has diverged. Backtracking to trained_nets/LPDSNet/net.ckpt ...
Loading net state-dict...
Loading opt state-dict...
Loading sched state-dict...
Updated Learning Rate(s): [7.37869763e-06]
