{'model': {'C': 1,
           'K': 30,
           'M': 169,
           'P': 7,
           'adaptive': True,
           'e2e_diff': True,
           's': 2},
 'mri': {'R': 8, 'acs_lines': 24},
 'paths': {'ckpt': None, 'save': 'trained_nets/LPDS_mixedimmap'},
 'train': {'fit': {'backtrack_thresh': 2,
                   'clip_grad': 0.05,
                   'demosaic': False,
                   'denoiser_args_path': 'eval_config.json',
                   'epochs': 100,
                   'image_noise_std': [0, 255],
                   'mcsure': False,
                   'noise_std': [10, 13],
                   'save_freq': 5,
                   'val_freq': 50,
                   'verbose': True,
                   'x_init': True},
           'loaders': {'batch_size': 1,
                       'crop_size': 256,
                       'scaling_fac': 2000.0,
                       'trn_kspace_path_list': ['../../datasets/fastmri/brain/multicoil_train'],
                       'trn_path_list': ['../../datasets/fastmri_preprocessed/brain_T2W_coil_combined/train'],
                       'tst_kspace_path_list': ['../../datasets/fastmri/brain/multicoil_test'],
                       'tst_path_list': ['../../datasets/fastmri_preprocessed/brain_T2W_coil_combined/test'],
                       'val_kspace_path_list': ['../../datasets/fastmri/brain/multicoil_val'],
                       'val_path_list': ['../../datasets/fastmri_preprocessed/brain_T2W_coil_combined/val']},
           'opt': {'lr': 0.0001},
           'sched': {'gamma': 0.95, 'step_size': 50}},
 'type': 'LPDSNet'}
Loading ['../../datasets/fastmri_preprocessed/brain_T2W_coil_combined/train']:
Loading ['../../datasets/fastmri/brain/multicoil_train']
Loading ['../../datasets/fastmri_preprocessed/brain_T2W_coil_combined/val']:
Loading ['../../datasets/fastmri/brain/multicoil_val']
Loading ['../../datasets/fastmri_preprocessed/brain_T2W_coil_combined/test']:
Loading ['../../datasets/fastmri/brain/multicoil_test']
Running power-method on initial dictionary...
Done. L=3.225e+03-2.506e-06j.
Total Number of Parameters: 760,560
Using trained_nets/LPDS_mixedimmap ...
fit: using device cuda:0
TRAIN PSNR: -30.958 dB
Loss has diverged. Backtracking to trained_nets/LPDS_mixedimmap/0.ckpt ...
Loading net state-dict...
Loading opt state-dict...
Loading sched state-dict...
Updated Learning Rate(s): [8.e-05]
TRAIN PSNR: -33.369 dB
Loss has diverged. Backtracking to trained_nets/LPDS_mixedimmap/0.ckpt ...
Loading net state-dict...
Loading opt state-dict...
Loading sched state-dict...
Updated Learning Rate(s): [6.4e-05]
TRAIN PSNR: -35.767 dB
Loss has diverged. Backtracking to trained_nets/LPDS_mixedimmap/0.ckpt ...
Loading net state-dict...
Loading opt state-dict...
Loading sched state-dict...
Updated Learning Rate(s): [5.12e-05]
TRAIN PSNR: -35.568 dB
Loss has diverged. Backtracking to trained_nets/LPDS_mixedimmap/0.ckpt ...
Loading net state-dict...
Loading opt state-dict...
Loading sched state-dict...
Updated Learning Rate(s): [4.096e-05]
TRAIN PSNR: -38.189 dB
Loss has diverged. Backtracking to trained_nets/LPDS_mixedimmap/0.ckpt ...
Loading net state-dict...
Loading opt state-dict...
Loading sched state-dict...
Updated Learning Rate(s): [3.2768e-05]
TRAIN PSNR: -39.938 dB
Loss has diverged. Backtracking to trained_nets/LPDS_mixedimmap/0.ckpt ...
Loading net state-dict...
Loading opt state-dict...
Loading sched state-dict...
Updated Learning Rate(s): [2.62144e-05]
TRAIN PSNR: -37.986 dB
Loss has diverged. Backtracking to trained_nets/LPDS_mixedimmap/0.ckpt ...
Loading net state-dict...
Loading opt state-dict...
Loading sched state-dict...
Updated Learning Rate(s): [2.097152e-05]
TRAIN PSNR: -42.742 dB
Loss has diverged. Backtracking to trained_nets/LPDS_mixedimmap/0.ckpt ...
Loading net state-dict...
Loading opt state-dict...
Loading sched state-dict...
Updated Learning Rate(s): [1.6777216e-05]
TRAIN PSNR: -44.136 dB
Loss has diverged. Backtracking to trained_nets/LPDS_mixedimmap/0.ckpt ...
Loading net state-dict...
Loading opt state-dict...
Loading sched state-dict...
Updated Learning Rate(s): [1.34217728e-05]
TRAIN PSNR: -45.477 dB
Loss has diverged. Backtracking to trained_nets/LPDS_mixedimmap/0.ckpt ...
Loading net state-dict...
Loading opt state-dict...
Loading sched state-dict...
Updated Learning Rate(s): [1.07374182e-05]
TRAIN PSNR: -45.839 dB
Loss has diverged. Backtracking to trained_nets/LPDS_mixedimmap/0.ckpt ...
Loading net state-dict...
Loading opt state-dict...
Loading sched state-dict...
Updated Learning Rate(s): [8.58993459e-06]
TRAIN PSNR: -48.718 dB
Loss has diverged. Backtracking to trained_nets/LPDS_mixedimmap/0.ckpt ...
Loading net state-dict...
Loading opt state-dict...
Loading sched state-dict...
Updated Learning Rate(s): [6.87194767e-06]
TRAIN PSNR: -48.613 dB
Loss has diverged. Backtracking to trained_nets/LPDS_mixedimmap/0.ckpt ...
Loading net state-dict...
Loading opt state-dict...
Loading sched state-dict...
Updated Learning Rate(s): [5.49755814e-06]
TRAIN PSNR: -52.438 dB
Loss has diverged. Backtracking to trained_nets/LPDS_mixedimmap/0.ckpt ...
Loading net state-dict...
Loading opt state-dict...
Loading sched state-dict...
Updated Learning Rate(s): [4.39804651e-06]
TRAIN PSNR: -51.759 dB
Loss has diverged. Backtracking to trained_nets/LPDS_mixedimmap/0.ckpt ...
Loading net state-dict...
Loading opt state-dict...
Loading sched state-dict...
Updated Learning Rate(s): [3.51843721e-06]
TRAIN PSNR: -52.204 dB
Loss has diverged. Backtracking to trained_nets/LPDS_mixedimmap/0.ckpt ...
Loading net state-dict...
Loading opt state-dict...
Loading sched state-dict...
Updated Learning Rate(s): [2.81474977e-06]
TRAIN PSNR: -53.530 dB
Loss has diverged. Backtracking to trained_nets/LPDS_mixedimmap/0.ckpt ...
Loading net state-dict...
Loading opt state-dict...
Loading sched state-dict...
Updated Learning Rate(s): [2.25179981e-06]
TRAIN PSNR: -55.267 dB
Loss has diverged. Backtracking to trained_nets/LPDS_mixedimmap/0.ckpt ...
Loading net state-dict...
Loading opt state-dict...
Loading sched state-dict...
Updated Learning Rate(s): [1.80143985e-06]
TRAIN PSNR: -53.012 dB
Loss has diverged. Backtracking to trained_nets/LPDS_mixedimmap/0.ckpt ...
Loading net state-dict...
Loading opt state-dict...
Loading sched state-dict...
Updated Learning Rate(s): [1.44115188e-06]
TRAIN PSNR: -55.047 dB
Loss has diverged. Backtracking to trained_nets/LPDS_mixedimmap/0.ckpt ...
Loading net state-dict...
Loading opt state-dict...
Loading sched state-dict...
Updated Learning Rate(s): [1.1529215e-06]
TRAIN PSNR: -53.988 dB
Loss has diverged. Backtracking to trained_nets/LPDS_mixedimmap/0.ckpt ...
Loading net state-dict...
Loading opt state-dict...
Loading sched state-dict...
Updated Learning Rate(s): [9.22337204e-07]
TRAIN PSNR: -52.496 dB
Loss has diverged. Backtracking to trained_nets/LPDS_mixedimmap/0.ckpt ...
Loading net state-dict...
Loading opt state-dict...
Loading sched state-dict...
Updated Learning Rate(s): [7.37869763e-07]
TRAIN PSNR: -54.266 dB
Loss has diverged. Backtracking to trained_nets/LPDS_mixedimmap/0.ckpt ...
Loading net state-dict...
Loading opt state-dict...
Loading sched state-dict...
Updated Learning Rate(s): [5.9029581e-07]
TRAIN PSNR: -53.203 dB
Loss has diverged. Backtracking to trained_nets/LPDS_mixedimmap/0.ckpt ...
Loading net state-dict...
Loading opt state-dict...
Loading sched state-dict...
Updated Learning Rate(s): [4.72236648e-07]
TRAIN PSNR: -54.431 dB
Loss has diverged. Backtracking to trained_nets/LPDS_mixedimmap/0.ckpt ...
Loading net state-dict...
Loading opt state-dict...
Loading sched state-dict...
Updated Learning Rate(s): [3.77789319e-07]
TRAIN PSNR: -54.278 dB
Loss has diverged. Backtracking to trained_nets/LPDS_mixedimmap/0.ckpt ...
Loading net state-dict...
Loading opt state-dict...
Loading sched state-dict...
Updated Learning Rate(s): [3.02231455e-07]
TRAIN PSNR: -53.493 dB
Loss has diverged. Backtracking to trained_nets/LPDS_mixedimmap/0.ckpt ...
Loading net state-dict...
Loading opt state-dict...
Loading sched state-dict...
Updated Learning Rate(s): [2.41785164e-07]
TRAIN PSNR: -54.983 dB
Loss has diverged. Backtracking to trained_nets/LPDS_mixedimmap/0.ckpt ...
Loading net state-dict...
Loading opt state-dict...
Loading sched state-dict...
Updated Learning Rate(s): [1.93428131e-07]
TRAIN PSNR: -54.803 dB
Loss has diverged. Backtracking to trained_nets/LPDS_mixedimmap/0.ckpt ...
Loading net state-dict...
Loading opt state-dict...
Loading sched state-dict...
Updated Learning Rate(s): [1.54742505e-07]
TRAIN PSNR: -56.047 dB
Loss has diverged. Backtracking to trained_nets/LPDS_mixedimmap/0.ckpt ...
Loading net state-dict...
Loading opt state-dict...
Loading sched state-dict...
Updated Learning Rate(s): [1.23794004e-07]
TRAIN PSNR: -56.197 dB
Loss has diverged. Backtracking to trained_nets/LPDS_mixedimmap/0.ckpt ...
Loading net state-dict...
Loading opt state-dict...
Loading sched state-dict...
Updated Learning Rate(s): [9.90352031e-08]
TRAIN PSNR: -52.741 dB
Loss has diverged. Backtracking to trained_nets/LPDS_mixedimmap/0.ckpt ...
Loading net state-dict...
Loading opt state-dict...
Loading sched state-dict...
Updated Learning Rate(s): [7.92281625e-08]
TRAIN PSNR: -53.843 dB
Loss has diverged. Backtracking to trained_nets/LPDS_mixedimmap/0.ckpt ...
Loading net state-dict...
Loading opt state-dict...
Loading sched state-dict...
Updated Learning Rate(s): [6.338253e-08]
TRAIN PSNR: -54.656 dB
Loss has diverged. Backtracking to trained_nets/LPDS_mixedimmap/0.ckpt ...
Loading net state-dict...
Loading opt state-dict...
Loading sched state-dict...
Updated Learning Rate(s): [5.0706024e-08]
TRAIN PSNR: -57.116 dB
Loss has diverged. Backtracking to trained_nets/LPDS_mixedimmap/0.ckpt ...
Loading net state-dict...
Loading opt state-dict...
Loading sched state-dict...
Updated Learning Rate(s): [4.05648192e-08]
TRAIN PSNR: -54.498 dB
Loss has diverged. Backtracking to trained_nets/LPDS_mixedimmap/0.ckpt ...
Loading net state-dict...
Loading opt state-dict...
Loading sched state-dict...
Updated Learning Rate(s): [3.24518554e-08]
TRAIN PSNR: -55.459 dB
Loss has diverged. Backtracking to trained_nets/LPDS_mixedimmap/0.ckpt ...
Loading net state-dict...
Loading opt state-dict...
Loading sched state-dict...
Updated Learning Rate(s): [2.59614843e-08]
TRAIN PSNR: -54.950 dB
Loss has diverged. Backtracking to trained_nets/LPDS_mixedimmap/0.ckpt ...
Loading net state-dict...
Loading opt state-dict...
Loading sched state-dict...
Updated Learning Rate(s): [2.07691874e-08]
TRAIN PSNR: -54.323 dB
Loss has diverged. Backtracking to trained_nets/LPDS_mixedimmap/0.ckpt ...
Loading net state-dict...
Loading opt state-dict...
Loading sched state-dict...
Updated Learning Rate(s): [1.66153499e-08]
TRAIN PSNR: -56.062 dB
Loss has diverged. Backtracking to trained_nets/LPDS_mixedimmap/0.ckpt ...
Loading net state-dict...
Loading opt state-dict...
Loading sched state-dict...
Updated Learning Rate(s): [1.329228e-08]
TRAIN PSNR: -54.981 dB
Loss has diverged. Backtracking to trained_nets/LPDS_mixedimmap/0.ckpt ...
Loading net state-dict...
Loading opt state-dict...
Loading sched state-dict...
Updated Learning Rate(s): [1.0633824e-08]
TRAIN PSNR: -55.678 dB
Loss has diverged. Backtracking to trained_nets/LPDS_mixedimmap/0.ckpt ...
Loading net state-dict...
Loading opt state-dict...
Loading sched state-dict...
Updated Learning Rate(s): [8.50705917e-09]
TRAIN PSNR: -56.333 dB
Loss has diverged. Backtracking to trained_nets/LPDS_mixedimmap/0.ckpt ...
Loading net state-dict...
Loading opt state-dict...
Loading sched state-dict...
Updated Learning Rate(s): [6.80564734e-09]
TRAIN PSNR: -55.299 dB
Loss has diverged. Backtracking to trained_nets/LPDS_mixedimmap/0.ckpt ...
Loading net state-dict...
Loading opt state-dict...
Loading sched state-dict...
Updated Learning Rate(s): [5.44451787e-09]
TRAIN PSNR: -53.176 dB
Loss has diverged. Backtracking to trained_nets/LPDS_mixedimmap/0.ckpt ...
Loading net state-dict...
Loading opt state-dict...
Loading sched state-dict...
Updated Learning Rate(s): [4.3556143e-09]
TRAIN PSNR: -57.724 dB
Loss has diverged. Backtracking to trained_nets/LPDS_mixedimmap/0.ckpt ...
Loading net state-dict...
Loading opt state-dict...
Loading sched state-dict...
Updated Learning Rate(s): [3.48449144e-09]
TRAIN PSNR: -53.532 dB
Loss has diverged. Backtracking to trained_nets/LPDS_mixedimmap/0.ckpt ...
Loading net state-dict...
Loading opt state-dict...
Loading sched state-dict...
Updated Learning Rate(s): [2.78759315e-09]
TRAIN PSNR: -56.524 dB
Loss has diverged. Backtracking to trained_nets/LPDS_mixedimmap/0.ckpt ...
Loading net state-dict...
Loading opt state-dict...
Loading sched state-dict...
Updated Learning Rate(s): [2.23007452e-09]
TRAIN PSNR: -56.336 dB
Loss has diverged. Backtracking to trained_nets/LPDS_mixedimmap/0.ckpt ...
Loading net state-dict...
Loading opt state-dict...
Loading sched state-dict...
Updated Learning Rate(s): [1.78405962e-09]
TRAIN PSNR: -56.585 dB
Loss has diverged. Backtracking to trained_nets/LPDS_mixedimmap/0.ckpt ...
Loading net state-dict...
Loading opt state-dict...
Loading sched state-dict...
Updated Learning Rate(s): [1.42724769e-09]
