{'model': {'C': 1,
           'K': 30,
           'M': 169,
           'P': 7,
           'adaptive': True,
           'e2e_diff': True,
           's': 2},
 'mri': {'R': 6, 'acs_lines': 24},
 'paths': {'ckpt': 'trained_nets/brain/LPDS_MRI_Recon_Acc6/net.ckpt',
           'save': 'trained_nets/brain/LPDS_MRI_Recon_Acc6'},
 'train': {'fit': {'backtrack_thresh': 5,
                   'clip_grad': 0.05,
                   'demosaic': False,
                   'denoiser_args_path': 'eval_config.json',
                   'epochs': 100,
                   'image_noise_std': [0, 126],
                   'mcsure': False,
                   'noise_dist': 'uniform',
                   'noise_std': [10, 13],
                   'save_freq': 5,
                   'val_freq': 50,
                   'verbose': True,
                   'x_init': False},
           'loaders': {'batch_size': 1,
                       'crop_size': 256,
                       'num_workers': 14,
                       'scaling_fac': 2000.0,
                       'trn_kspace_path_list': ['../../datasets/fastmri/brain/multicoil_train'],
                       'trn_path_list': ['../../datasets/fastmri_preprocessed/brain_T2W_coil_combined/train'],
                       'tst_kspace_path_list': ['../../datasets/fastmri/brain/multicoil_test'],
                       'tst_path_list': ['../../datasets/fastmri_preprocessed/brain_T2W_coil_combined/test'],
                       'val_kspace_path_list': ['../../datasets/fastmri/brain/multicoil_val'],
                       'val_path_list': ['../../datasets/fastmri_preprocessed/brain_T2W_coil_combined/val']},
           'opt': {'lr': 0.0005},
           'sched': {'gamma': 0.95, 'step_size': 50}},
 'type': 'LPDSNet'}
Loading ['../../datasets/fastmri_preprocessed/brain_T2W_coil_combined/train']:
Loading ['../../datasets/fastmri/brain/multicoil_train']
Loading ['../../datasets/fastmri_preprocessed/brain_T2W_coil_combined/val']:
Loading ['../../datasets/fastmri/brain/multicoil_val']
Loading ['../../datasets/fastmri_preprocessed/brain_T2W_coil_combined/test']:
Loading ['../../datasets/fastmri/brain/multicoil_test']
Initializing net from trained_nets/brain/LPDS_MRI_Recon_Acc6/net.ckpt ...
Loading net state-dict...
Loading opt state-dict...
Loading sched state-dict...
Total Number of Parameters: 760,560
Using trained_nets/brain/LPDS_MRI_Recon_Acc6 ...
fit: using device cuda:0
TRAIN PSNR: 31.698 dB
TRAIN PSNR: 32.121 dB
TRAIN PSNR: 32.252 dB
TRAIN PSNR: 32.367 dB
TRAIN PSNR: 32.477 dB
Checkpoint: trained_nets/brain/LPDS_MRI_Recon_Acc6/net.ckpt
TRAIN PSNR: 32.703 dB
TRAIN PSNR: 32.067 dB
TRAIN PSNR: 32.779 dB
TRAIN PSNR: 32.303 dB
TRAIN PSNR: 32.477 dB
Checkpoint: trained_nets/brain/LPDS_MRI_Recon_Acc6/net.ckpt
TRAIN PSNR: 32.500 dB
TRAIN PSNR: 32.885 dB
TRAIN PSNR: 32.354 dB
TRAIN PSNR: 32.905 dB
TRAIN PSNR: 32.773 dB
Checkpoint: trained_nets/brain/LPDS_MRI_Recon_Acc6/net.ckpt
TRAIN PSNR: 32.968 dB
TRAIN PSNR: 32.788 dB
TRAIN PSNR: 32.896 dB
TRAIN PSNR: 32.691 dB
TRAIN PSNR: 32.962 dB
Checkpoint: trained_nets/brain/LPDS_MRI_Recon_Acc6/net.ckpt
TRAIN PSNR: 32.702 dB
TRAIN PSNR: 33.125 dB
TRAIN PSNR: 32.987 dB
TRAIN PSNR: 33.165 dB
TRAIN PSNR: 33.290 dB
Checkpoint: trained_nets/brain/LPDS_MRI_Recon_Acc6/net.ckpt
TRAIN PSNR: 32.932 dB
TRAIN PSNR: 33.293 dB
TRAIN PSNR: 32.944 dB
TRAIN PSNR: 33.230 dB
TRAIN PSNR: 32.783 dB
Checkpoint: trained_nets/brain/LPDS_MRI_Recon_Acc6/net.ckpt
TRAIN PSNR: 32.706 dB
TRAIN PSNR: 33.403 dB
TRAIN PSNR: 33.052 dB
TRAIN PSNR: 32.897 dB
TRAIN PSNR: 33.451 dB
Checkpoint: trained_nets/brain/LPDS_MRI_Recon_Acc6/net.ckpt
TRAIN PSNR: 32.986 dB
TRAIN PSNR: 33.437 dB
TRAIN PSNR: 32.882 dB
TRAIN PSNR: 33.514 dB
TRAIN PSNR: 33.173 dB
Checkpoint: trained_nets/brain/LPDS_MRI_Recon_Acc6/net.ckpt
TRAIN PSNR: 33.422 dB
TRAIN PSNR: 33.567 dB
TRAIN PSNR: 33.431 dB
TRAIN PSNR: 33.399 dB
TRAIN PSNR: 33.135 dB
VAL PSNR: 33.443 dB
Updated Learning Rate(s): 
[0.000475]
Checkpoint: trained_nets/brain/LPDS_MRI_Recon_Acc6/net.ckpt
TRAIN PSNR: 33.368 dB
TRAIN PSNR: 33.101 dB
TRAIN PSNR: 33.290 dB
TRAIN PSNR: 33.744 dB
TRAIN PSNR: 33.488 dB
Checkpoint: trained_nets/brain/LPDS_MRI_Recon_Acc6/net.ckpt
TRAIN PSNR: 33.338 dB
TRAIN PSNR: 33.781 dB
TRAIN PSNR: 33.110 dB
TRAIN PSNR: 33.383 dB
TRAIN PSNR: 33.558 dB
Checkpoint: trained_nets/brain/LPDS_MRI_Recon_Acc6/net.ckpt
TRAIN PSNR: 33.715 dB
TRAIN PSNR: 33.289 dB
TRAIN PSNR: 33.148 dB
TRAIN PSNR: 33.245 dB
TRAIN PSNR: 33.120 dB
Checkpoint: trained_nets/brain/LPDS_MRI_Recon_Acc6/net.ckpt
TRAIN PSNR: 33.603 dB
TRAIN PSNR: 33.410 dB
TRAIN PSNR: 33.192 dB
TRAIN PSNR: 33.622 dB
TRAIN PSNR: 33.129 dB
Checkpoint: trained_nets/brain/LPDS_MRI_Recon_Acc6/net.ckpt
TRAIN PSNR: 33.152 dB
TRAIN PSNR: 33.695 dB
TRAIN PSNR: 33.582 dB
TRAIN PSNR: 33.647 dB
TRAIN PSNR: 33.421 dB
Checkpoint: trained_nets/brain/LPDS_MRI_Recon_Acc6/net.ckpt
TRAIN PSNR: 33.348 dB
TRAIN PSNR: 33.347 dB
TRAIN PSNR: 33.829 dB
TRAIN PSNR: 33.678 dB
TRAIN PSNR: 33.418 dB
Checkpoint: trained_nets/brain/LPDS_MRI_Recon_Acc6/net.ckpt
TRAIN PSNR: 33.982 dB
TRAIN PSNR: 33.893 dB
TRAIN PSNR: 33.822 dB
TRAIN PSNR: 33.265 dB
TRAIN PSNR: 33.358 dB
Checkpoint: trained_nets/brain/LPDS_MRI_Recon_Acc6/net.ckpt
TRAIN PSNR: 33.285 dB
TRAIN PSNR: 33.937 dB
TRAIN PSNR: 33.595 dB
TRAIN PSNR: 33.906 dB
TRAIN PSNR: 33.515 dB
Checkpoint: trained_nets/brain/LPDS_MRI_Recon_Acc6/net.ckpt
TRAIN PSNR: 33.838 dB
TRAIN PSNR: 34.119 dB
TRAIN PSNR: 34.092 dB
TRAIN PSNR: 33.386 dB
TRAIN PSNR: 33.835 dB
Checkpoint: trained_nets/brain/LPDS_MRI_Recon_Acc6/net.ckpt
TRAIN PSNR: 33.305 dB
TRAIN PSNR: 33.212 dB
TRAIN PSNR: 34.067 dB
TRAIN PSNR: 34.114 dB
TRAIN PSNR: 33.593 dB
VAL PSNR: 34.864 dB
TEST PSNR: 33.469 dB
Updated Learning Rate(s): 
[0.00045125]
Checkpoint: trained_nets/brain/LPDS_MRI_Recon_Acc6/net.ckpt
TRAIN PSNR: 33.689 dB
TRAIN PSNR: 33.300 dB
TRAIN PSNR: 34.054 dB
TRAIN PSNR: 33.999 dB
TRAIN PSNR: 34.016 dB
Checkpoint: trained_nets/brain/LPDS_MRI_Recon_Acc6/net.ckpt
{'model': {'C': 1,
           'K': 30,
           'M': 169,
           'P': 7,
           'adaptive': True,
           'e2e_diff': True,
           's': 2},
 'mri': {'R': 6, 'acs_lines': 24},
 'paths': {'ckpt': 'trained_nets/brain/LPDS_MRI_Recon_Acc6/net.ckpt',
           'save': 'trained_nets/brain/LPDS_MRI_Recon_Acc6'},
 'train': {'fit': {'backtrack_thresh': 5,
                   'clip_grad': 0.05,
                   'demosaic': False,
                   'denoiser_args_path': 'eval_config.json',
                   'epochs': 100,
                   'image_noise_std': [0, 126],
                   'mcsure': False,
                   'noise_dist': 'uniform',
                   'noise_std': [10, 13],
                   'save_freq': 5,
                   'val_freq': 50,
                   'verbose': True,
                   'x_init': False},
           'loaders': {'batch_size': 1,
                       'crop_size': 256,
                       'num_workers': 14,
                       'scaling_fac': 2000.0,
                       'trn_kspace_path_list': ['../../datasets/fastmri/brain/multicoil_train'],
                       'trn_path_list': ['../../datasets/fastmri_preprocessed/brain_T2W_coil_combined/train'],
                       'tst_kspace_path_list': ['../../datasets/fastmri/brain/multicoil_test'],
                       'tst_path_list': ['../../datasets/fastmri_preprocessed/brain_T2W_coil_combined/test'],
                       'val_kspace_path_list': ['../../datasets/fastmri/brain/multicoil_val'],
                       'val_path_list': ['../../datasets/fastmri_preprocessed/brain_T2W_coil_combined/val']},
           'opt': {'lr': 0.0005},
           'sched': {'gamma': 0.95, 'step_size': 50}},
 'type': 'LPDSNet'}
Loading ['../../datasets/fastmri_preprocessed/brain_T2W_coil_combined/train']:
Loading ['../../datasets/fastmri/brain/multicoil_train']
Loading ['../../datasets/fastmri_preprocessed/brain_T2W_coil_combined/val']:
Loading ['../../datasets/fastmri/brain/multicoil_val']
Loading ['../../datasets/fastmri_preprocessed/brain_T2W_coil_combined/test']:
Loading ['../../datasets/fastmri/brain/multicoil_test']
Initializing net from trained_nets/brain/LPDS_MRI_Recon_Acc6/net.ckpt ...
Loading net state-dict...
Loading opt state-dict...
Loading sched state-dict...
Total Number of Parameters: 760,560
Using trained_nets/brain/LPDS_MRI_Recon_Acc6 ...
fit: using device cuda:0
TRAIN PSNR: 33.350 dB
TRAIN PSNR: 34.148 dB
TRAIN PSNR: 33.613 dB
TRAIN PSNR: 33.942 dB
TRAIN PSNR: 33.410 dB
Checkpoint: trained_nets/brain/LPDS_MRI_Recon_Acc6/net.ckpt
