{'model': {'C': 1,
           'K': 30,
           'M': 169,
           'P': 7,
           'adaptive': True,
           'e2e_diff': True,
           's': 2},
 'mri': {'R': 6, 'acs_lines': 24},
 'paths': {'ckpt': None, 'save': 'trained_nets/brain/LPDS_ImMAP2p5'},
 'train': {'fit': {'backtrack_thresh': 5,
                   'clip_grad': 0.05,
                   'demosaic': False,
                   'denoiser_args_path': 'eval_config.json',
                   'epochs': 100,
                   'image_noise_std': [0, 126],
                   'mcsure': False,
                   'noise_dist': 'cosine',
                   'noise_std': [10, 13],
                   'save_freq': 5,
                   'val_freq': 50,
                   'verbose': True,
                   'x_init': True},
           'loaders': {'batch_size': 1,
                       'crop_size': 256,
                       'num_workers': 14,
                       'scaling_fac': 2000.0,
                       'trn_kspace_path_list': ['../../datasets/fastmri/brain/multicoil_train'],
                       'trn_path_list': ['../../datasets/fastmri_preprocessed/brain_T2W_coil_combined/train'],
                       'tst_kspace_path_list': ['../../datasets/fastmri/brain/multicoil_test'],
                       'tst_path_list': ['../../datasets/fastmri_preprocessed/brain_T2W_coil_combined/test'],
                       'val_kspace_path_list': ['../../datasets/fastmri/brain/multicoil_val'],
                       'val_path_list': ['../../datasets/fastmri_preprocessed/brain_T2W_coil_combined/val']},
           'opt': {'lr': 0.0005},
           'sched': {'gamma': 0.95, 'step_size': 50}},
 'type': 'LPDSNet'}
Loading ['../../datasets/fastmri_preprocessed/brain_T2W_coil_combined/train']:
Loading ['../../datasets/fastmri/brain/multicoil_train']
Loading ['../../datasets/fastmri_preprocessed/brain_T2W_coil_combined/val']:
Loading ['../../datasets/fastmri/brain/multicoil_val']
Loading ['../../datasets/fastmri_preprocessed/brain_T2W_coil_combined/test']:
Loading ['../../datasets/fastmri/brain/multicoil_test']
Running power-method on initial dictionary...
Done. L=3.170e+03-1.582e-06j.
Total Number of Parameters: 760,560
Using trained_nets/brain/LPDS_ImMAP2p5 ...
fit: using device cuda:0
TRAIN PSNR: 30.916 dB
TRAIN PSNR: 32.569 dB
TRAIN PSNR: 32.961 dB
TRAIN PSNR: 33.163 dB
TRAIN PSNR: 33.495 dB
Checkpoint: trained_nets/brain/LPDS_ImMAP2p5/net.ckpt
TRAIN PSNR: 33.605 dB
TRAIN PSNR: 33.615 dB
TRAIN PSNR: 33.666 dB
TRAIN PSNR: 33.998 dB
TRAIN PSNR: 34.083 dB
Checkpoint: trained_nets/brain/LPDS_ImMAP2p5/net.ckpt
TRAIN PSNR: 34.032 dB
TRAIN PSNR: 34.133 dB
TRAIN PSNR: 34.274 dB
TRAIN PSNR: 34.328 dB
TRAIN PSNR: 34.484 dB
Checkpoint: trained_nets/brain/LPDS_ImMAP2p5/net.ckpt
TRAIN PSNR: 34.546 dB
TRAIN PSNR: 34.292 dB
TRAIN PSNR: 34.432 dB
TRAIN PSNR: 34.618 dB
TRAIN PSNR: 34.620 dB
Checkpoint: trained_nets/brain/LPDS_ImMAP2p5/net.ckpt
TRAIN PSNR: 34.674 dB
TRAIN PSNR: 34.809 dB
TRAIN PSNR: 34.620 dB
TRAIN PSNR: 34.824 dB
TRAIN PSNR: 34.558 dB
Checkpoint: trained_nets/brain/LPDS_ImMAP2p5/net.ckpt
TRAIN PSNR: 34.839 dB
TRAIN PSNR: 34.899 dB
TRAIN PSNR: 34.937 dB
TRAIN PSNR: 34.903 dB
TRAIN PSNR: 35.135 dB
Checkpoint: trained_nets/brain/LPDS_ImMAP2p5/net.ckpt
TRAIN PSNR: 35.116 dB
TRAIN PSNR: 35.016 dB
TRAIN PSNR: 35.077 dB
TRAIN PSNR: 35.122 dB
TRAIN PSNR: 34.825 dB
Checkpoint: trained_nets/brain/LPDS_ImMAP2p5/net.ckpt
TRAIN PSNR: 35.126 dB
TRAIN PSNR: 35.216 dB
TRAIN PSNR: 34.992 dB
TRAIN PSNR: 35.008 dB
TRAIN PSNR: 35.087 dB
Checkpoint: trained_nets/brain/LPDS_ImMAP2p5/net.ckpt
TRAIN PSNR: 34.870 dB
TRAIN PSNR: 34.946 dB
TRAIN PSNR: 35.168 dB
TRAIN PSNR: 35.060 dB
TRAIN PSNR: 35.244 dB
Checkpoint: trained_nets/brain/LPDS_ImMAP2p5/net.ckpt
TRAIN PSNR: 35.253 dB
TRAIN PSNR: 35.223 dB
TRAIN PSNR: 35.046 dB
TRAIN PSNR: 35.364 dB
TRAIN PSNR: 35.443 dB
VAL PSNR: 35.375 dB
Updated Learning Rate(s): 
[0.000475]
Checkpoint: trained_nets/brain/LPDS_ImMAP2p5/net.ckpt
TRAIN PSNR: 35.365 dB
TRAIN PSNR: 35.410 dB
TRAIN PSNR: 35.220 dB
TRAIN PSNR: 35.481 dB
TRAIN PSNR: 35.440 dB
Checkpoint: trained_nets/brain/LPDS_ImMAP2p5/net.ckpt
TRAIN PSNR: 35.501 dB
TRAIN PSNR: 35.481 dB
TRAIN PSNR: 35.593 dB
TRAIN PSNR: 35.401 dB
TRAIN PSNR: 35.561 dB
Checkpoint: trained_nets/brain/LPDS_ImMAP2p5/net.ckpt
TRAIN PSNR: 35.465 dB
TRAIN PSNR: 35.608 dB
TRAIN PSNR: 35.541 dB
TRAIN PSNR: 35.624 dB
TRAIN PSNR: 35.402 dB
Checkpoint: trained_nets/brain/LPDS_ImMAP2p5/net.ckpt
TRAIN PSNR: 35.533 dB
TRAIN PSNR: 35.515 dB
TRAIN PSNR: 35.666 dB
TRAIN PSNR: 35.588 dB
TRAIN PSNR: 35.688 dB
Checkpoint: trained_nets/brain/LPDS_ImMAP2p5/net.ckpt
TRAIN PSNR: 35.594 dB
TRAIN PSNR: 35.696 dB
TRAIN PSNR: 35.390 dB
TRAIN PSNR: 35.685 dB
TRAIN PSNR: 35.685 dB
Checkpoint: trained_nets/brain/LPDS_ImMAP2p5/net.ckpt
TRAIN PSNR: 35.750 dB
TRAIN PSNR: 35.876 dB
TRAIN PSNR: 35.568 dB
TRAIN PSNR: 35.532 dB
TRAIN PSNR: 35.598 dB
Checkpoint: trained_nets/brain/LPDS_ImMAP2p5/net.ckpt
TRAIN PSNR: 35.771 dB
TRAIN PSNR: 35.833 dB
TRAIN PSNR: 35.795 dB
TRAIN PSNR: 35.522 dB
TRAIN PSNR: 35.654 dB
Checkpoint: trained_nets/brain/LPDS_ImMAP2p5/net.ckpt
TRAIN PSNR: 35.891 dB
TRAIN PSNR: 35.890 dB
TRAIN PSNR: 35.921 dB
TRAIN PSNR: 35.830 dB
TRAIN PSNR: 35.843 dB
Checkpoint: trained_nets/brain/LPDS_ImMAP2p5/net.ckpt
TRAIN PSNR: 35.761 dB
TRAIN PSNR: 35.625 dB
TRAIN PSNR: 35.878 dB
TRAIN PSNR: 35.955 dB
TRAIN PSNR: 35.848 dB
Checkpoint: trained_nets/brain/LPDS_ImMAP2p5/net.ckpt
TRAIN PSNR: 35.805 dB
TRAIN PSNR: 35.804 dB
TRAIN PSNR: 35.667 dB
TRAIN PSNR: 35.875 dB
TRAIN PSNR: 35.849 dB
VAL PSNR: 35.944 dB
TEST PSNR: 35.078 dB
Updated Learning Rate(s): 
[0.00045125]
Checkpoint: trained_nets/brain/LPDS_ImMAP2p5/net.ckpt
{'model': {'C': 1,
           'K': 30,
           'M': 169,
           'P': 7,
           'adaptive': True,
           'e2e_diff': True,
           's': 2},
 'mri': {'R': 6, 'acs_lines': 24},
 'paths': {'ckpt': None, 'save': 'trained_nets/brain/LPDS_ImMAP2p5'},
 'train': {'fit': {'backtrack_thresh': 5,
                   'clip_grad': 0.05,
                   'demosaic': False,
                   'denoiser_args_path': 'eval_config.json',
                   'epochs': 100,
                   'image_noise_std': [0, 126],
                   'mcsure': False,
                   'noise_dist': 'cosine',
                   'noise_std': [10, 13],
                   'save_freq': 5,
                   'val_freq': 50,
                   'verbose': True,
                   'x_init': True},
           'loaders': {'batch_size': 1,
                       'crop_size': 256,
                       'num_workers': 14,
                       'scaling_fac': 2000.0,
                       'trn_kspace_path_list': ['../../datasets/fastmri/brain/multicoil_train'],
                       'trn_path_list': ['../../datasets/fastmri_preprocessed/brain_T2W_coil_combined/train'],
                       'tst_kspace_path_list': ['../../datasets/fastmri/brain/multicoil_test'],
                       'tst_path_list': ['../../datasets/fastmri_preprocessed/brain_T2W_coil_combined/test'],
                       'val_kspace_path_list': ['../../datasets/fastmri/brain/multicoil_val'],
                       'val_path_list': ['../../datasets/fastmri_preprocessed/brain_T2W_coil_combined/val']},
           'opt': {'lr': 0.0005},
           'sched': {'gamma': 0.95, 'step_size': 50}},
 'type': 'LPDSNet'}
Loading ['../../datasets/fastmri_preprocessed/brain_T2W_coil_combined/train']:
Loading ['../../datasets/fastmri/brain/multicoil_train']
Loading ['../../datasets/fastmri_preprocessed/brain_T2W_coil_combined/val']:
Loading ['../../datasets/fastmri/brain/multicoil_val']
Loading ['../../datasets/fastmri_preprocessed/brain_T2W_coil_combined/test']:
Loading ['../../datasets/fastmri/brain/multicoil_test']
Running power-method on initial dictionary...
Done. L=3.525e+03-1.785e-06j.
Total Number of Parameters: 760,560
Using trained_nets/brain/LPDS_ImMAP2p5 ...
fit: using device cuda:0
TRAIN PSNR: 30.616 dB
TRAIN PSNR: 32.429 dB
TRAIN PSNR: 32.616 dB
TRAIN PSNR: 33.091 dB
TRAIN PSNR: 33.389 dB
Checkpoint: trained_nets/brain/LPDS_ImMAP2p5/net.ckpt
TRAIN PSNR: 33.438 dB
