Running job 0 with config configs/knee/config.json
{'model': {'C': 1, 'K': 30, 'M': 169, 'P': 7, 'adaptive': True, 's': 2},
 'paths': {'ckpt': None, 'save': 'trained_nets/knee/LPDSNet'},
 'train': {'fit': {'backtrack_thresh': 5,
                   'clip_grad': 0.05,
                   'demosaic': False,
                   'epochs': None,
                   'max_steps': 300000,
                   'mcsure': False,
                   'noise_dist': 'log',
                   'noise_std': [0, 126],
                   'save_every': 5000,
                   'save_freq': 5,
                   'val_every': 2000,
                   'val_freq': 50,
                   'verbose': True},
           'loaders': {'batch_size': 32,
                       'brain': False,
                       'center_crop': 320,
                       'crop_size': 128,
                       'end_slice': 25,
                       'load_color': False,
                       'num_workers': 14,
                       'scaling_fac': 2000.0,
                       'start_slice': 10,
                       'trn_path_list': ['../../datasets/fastmri_preprocessed/knee_coil_combined/pd/train'],
                       'tst_path_list': ['../../datasets/fastmri_preprocessed/knee_coil_combined/pd/test'],
                       'val_path_list': ['../../datasets/fastmri_preprocessed/knee_coil_combined/pd/val']},
           'opt': {'lr': 0.0005},
           'sched': {'gamma': 0.95, 'step_size': 50}},
 'type': 'LPDSNet'}
Loading ['../../datasets/fastmri_preprocessed/knee_coil_combined/pd/train']:
Loading ['../../datasets/fastmri_preprocessed/knee_coil_combined/pd/val']:
Loading ['../../datasets/fastmri_preprocessed/knee_coil_combined/pd/test']:
Running power-method on initial dictionary...
Done. L=3.361e+03-3.002e-06j.
Total Number of Parameters: 755,490
Using trained_nets/knee/LPDSNet ...
fit: using device cuda:0

VAL PSNR @ step 2000: 32.369 dB

VAL PSNR @ step 4000: 32.662 dB

Checkpoint: trained_nets/knee/LPDSNet/net.ckpt (step 5000)

VAL PSNR @ step 6000: 32.735 dB

VAL PSNR @ step 8000: 32.635 dB

VAL PSNR @ step 10000: 32.703 dB

Checkpoint: trained_nets/knee/LPDSNet/net.ckpt (step 10000)

VAL PSNR @ step 12000: 32.704 dB

VAL PSNR @ step 14000: 32.836 dB

Checkpoint: trained_nets/knee/LPDSNet/net.ckpt (step 15000)

VAL PSNR @ step 16000: 32.774 dB

VAL PSNR @ step 18000: 32.917 dB

VAL PSNR @ step 20000: 32.820 dB

Checkpoint: trained_nets/knee/LPDSNet/net.ckpt (step 20000)

VAL PSNR @ step 22000: 32.736 dB

VAL PSNR @ step 24000: 32.851 dB

Checkpoint: trained_nets/knee/LPDSNet/net.ckpt (step 25000)

VAL PSNR @ step 26000: 32.657 dB

VAL PSNR @ step 28000: 32.710 dB

VAL PSNR @ step 30000: 32.690 dB

Checkpoint: trained_nets/knee/LPDSNet/net.ckpt (step 30000)

VAL PSNR @ step 32000: 32.719 dB

VAL PSNR @ step 34000: 32.801 dB

Checkpoint: trained_nets/knee/LPDSNet/net.ckpt (step 35000)

VAL PSNR @ step 36000: 32.748 dB

VAL PSNR @ step 38000: 32.700 dB

VAL PSNR @ step 40000: 32.801 dB

Checkpoint: trained_nets/knee/LPDSNet/net.ckpt (step 40000)

VAL PSNR @ step 42000: 32.750 dB

VAL PSNR @ step 44000: 32.784 dB

Checkpoint: trained_nets/knee/LPDSNet/net.ckpt (step 45000)

VAL PSNR @ step 46000: 32.726 dB

VAL PSNR @ step 48000: 32.715 dB

VAL PSNR @ step 50000: 32.842 dB

Checkpoint: trained_nets/knee/LPDSNet/net.ckpt (step 50000)

VAL PSNR @ step 52000: 32.839 dB

VAL PSNR @ step 54000: 32.643 dB

Checkpoint: trained_nets/knee/LPDSNet/net.ckpt (step 55000)

VAL PSNR @ step 56000: 32.785 dB

VAL PSNR @ step 58000: 32.720 dB

VAL PSNR @ step 60000: 32.802 dB

Checkpoint: trained_nets/knee/LPDSNet/net.ckpt (step 60000)

VAL PSNR @ step 62000: 32.945 dB

VAL PSNR @ step 64000: 32.812 dB

Checkpoint: trained_nets/knee/LPDSNet/net.ckpt (step 65000)

VAL PSNR @ step 66000: 32.830 dB

VAL PSNR @ step 68000: 32.742 dB

VAL PSNR @ step 70000: 32.741 dB

Checkpoint: trained_nets/knee/LPDSNet/net.ckpt (step 70000)

VAL PSNR @ step 72000: 32.776 dB

VAL PSNR @ step 74000: 32.863 dB

Checkpoint: trained_nets/knee/LPDSNet/net.ckpt (step 75000)

VAL PSNR @ step 76000: 32.767 dB

VAL PSNR @ step 78000: 32.816 dB

VAL PSNR @ step 80000: 32.741 dB

Checkpoint: trained_nets/knee/LPDSNet/net.ckpt (step 80000)

VAL PSNR @ step 82000: 32.774 dB

VAL PSNR @ step 84000: 32.818 dB

Checkpoint: trained_nets/knee/LPDSNet/net.ckpt (step 85000)

VAL PSNR @ step 86000: 32.776 dB

VAL PSNR @ step 88000: 32.854 dB

VAL PSNR @ step 90000: 32.752 dB

Checkpoint: trained_nets/knee/LPDSNet/net.ckpt (step 90000)

VAL PSNR @ step 92000: 32.800 dB

VAL PSNR @ step 94000: 32.742 dB

Checkpoint: trained_nets/knee/LPDSNet/net.ckpt (step 95000)

VAL PSNR @ step 96000: 32.779 dB
