{'model': {'C': 1, 'K': 30, 'M': 169, 'P': 7, 'adaptive': True, 's': 2},
 'paths': {'ckpt': None, 'save': 'trained_nets/LPDSNet'},
 'train': {'fit': {'backtrack_thresh': 2,
                   'clip_grad': 0.05,
                   'demosaic': False,
                   'epochs': 1000,
                   'mcsure': False,
                   'noise_std': [0, 255],
                   'save_freq': 5,
                   'val_freq': 50,
                   'verbose': True},
           'loaders': {'batch_size': 10,
                       'crop_size': 256,
                       'end_slice': 8,
                       'load_color': False,
                       'scaling_fac': 2000.0,
                       'start_slice': 0,
                       'trn_path_list': ['../../datasets/fastmri_preprocessed/brain_T2W_coil_combined/train'],
                       'tst_path_list': ['../../datasets/fastmri_preprocessed/brain_T2W_coil_combined/test'],
                       'val_path_list': ['../../datasets/fastmri_preprocessed/brain_T2W_coil_combined/val']},
           'opt': {'lr': 0.001},
           'sched': {'gamma': 0.95, 'step_size': 50}},
 'type': 'LPDSNet'}
Loading ['../../datasets/fastmri_preprocessed/brain_T2W_coil_combined/train']:
Loading ['../../datasets/fastmri_preprocessed/brain_T2W_coil_combined/val']:
Loading ['../../datasets/fastmri_preprocessed/brain_T2W_coil_combined/test']:
Running power-method on initial dictionary...
Done. L=3.306e+03+3.460e-06j.
Total Number of Parameters: 755,490
Using trained_nets/LPDSNet ...
fit: using device cuda:0
TRAIN PSNR: -117.642 dB
Loss has diverged. Backtracking to trained_nets/LPDSNet/0.ckpt ...
Loading net state-dict...
Loading opt state-dict...
Loading sched state-dict...
Updated Learning Rate(s): [0.0008]
TRAIN PSNR: -117.444 dB
Loss has diverged. Backtracking to trained_nets/LPDSNet/0.ckpt ...
Loading net state-dict...
Loading opt state-dict...
Loading sched state-dict...
Updated Learning Rate(s): [0.00064]
TRAIN PSNR: -119.846 dB
Loss has diverged. Backtracking to trained_nets/LPDSNet/0.ckpt ...
Loading net state-dict...
Loading opt state-dict...
Loading sched state-dict...
Updated Learning Rate(s): [0.000512]
TRAIN PSNR: -119.692 dB
Loss has diverged. Backtracking to trained_nets/LPDSNet/0.ckpt ...
Loading net state-dict...
Loading opt state-dict...
Loading sched state-dict...
Updated Learning Rate(s): [0.0004096]
TRAIN PSNR: -122.632 dB
Loss has diverged. Backtracking to trained_nets/LPDSNet/0.ckpt ...
Loading net state-dict...
Loading opt state-dict...
Loading sched state-dict...
Updated Learning Rate(s): [0.00032768]
TRAIN PSNR: -126.975 dB
Loss has diverged. Backtracking to trained_nets/LPDSNet/0.ckpt ...
Loading net state-dict...
Loading opt state-dict...
Loading sched state-dict...
Updated Learning Rate(s): [0.00026214]
TRAIN PSNR: -128.192 dB
Loss has diverged. Backtracking to trained_nets/LPDSNet/0.ckpt ...
Loading net state-dict...
Loading opt state-dict...
Loading sched state-dict...
Updated Learning Rate(s): [0.00020972]
TRAIN PSNR: -128.874 dB
Loss has diverged. Backtracking to trained_nets/LPDSNet/0.ckpt ...
Loading net state-dict...
Loading opt state-dict...
Loading sched state-dict...
Updated Learning Rate(s): [0.00016777]
TRAIN PSNR: -131.497 dB
Loss has diverged. Backtracking to trained_nets/LPDSNet/0.ckpt ...
Loading net state-dict...
Loading opt state-dict...
Loading sched state-dict...
Updated Learning Rate(s): [0.00013422]
TRAIN PSNR: -130.168 dB
Loss has diverged. Backtracking to trained_nets/LPDSNet/0.ckpt ...
Loading net state-dict...
Loading opt state-dict...
Loading sched state-dict...
Updated Learning Rate(s): [0.00010737]
TRAIN PSNR: -129.150 dB
Loss has diverged. Backtracking to trained_nets/LPDSNet/0.ckpt ...
Loading net state-dict...
Loading opt state-dict...
Loading sched state-dict...
Updated Learning Rate(s): [8.58993459e-05]
TRAIN PSNR: -134.695 dB
Loss has diverged. Backtracking to trained_nets/LPDSNet/0.ckpt ...
Loading net state-dict...
Loading opt state-dict...
Loading sched state-dict...
Updated Learning Rate(s): [6.87194767e-05]
TRAIN PSNR: -131.552 dB
Loss has diverged. Backtracking to trained_nets/LPDSNet/0.ckpt ...
Loading net state-dict...
Loading opt state-dict...
Loading sched state-dict...
Updated Learning Rate(s): [5.49755814e-05]
TRAIN PSNR: -129.892 dB
Loss has diverged. Backtracking to trained_nets/LPDSNet/0.ckpt ...
Loading net state-dict...
Loading opt state-dict...
Loading sched state-dict...
Updated Learning Rate(s): [4.39804651e-05]
TRAIN PSNR: -130.300 dB
Loss has diverged. Backtracking to trained_nets/LPDSNet/0.ckpt ...
Loading net state-dict...
Loading opt state-dict...
Loading sched state-dict...
Updated Learning Rate(s): [3.51843721e-05]
TRAIN PSNR: -132.007 dB
Loss has diverged. Backtracking to trained_nets/LPDSNet/0.ckpt ...
Loading net state-dict...
Loading opt state-dict...
Loading sched state-dict...
Updated Learning Rate(s): [2.81474977e-05]
TRAIN PSNR: -131.726 dB
Loss has diverged. Backtracking to trained_nets/LPDSNet/0.ckpt ...
Loading net state-dict...
Loading opt state-dict...
Loading sched state-dict...
Updated Learning Rate(s): [2.25179981e-05]
TRAIN PSNR: -130.277 dB
Loss has diverged. Backtracking to trained_nets/LPDSNet/0.ckpt ...
Loading net state-dict...
Loading opt state-dict...
Loading sched state-dict...
Updated Learning Rate(s): [1.80143985e-05]
TRAIN PSNR: -131.148 dB
Loss has diverged. Backtracking to trained_nets/LPDSNet/0.ckpt ...
Loading net state-dict...
Loading opt state-dict...
Loading sched state-dict...
Updated Learning Rate(s): [1.44115188e-05]
TRAIN PSNR: -129.763 dB
Loss has diverged. Backtracking to trained_nets/LPDSNet/0.ckpt ...
Loading net state-dict...
Loading opt state-dict...
Loading sched state-dict...
Updated Learning Rate(s): [1.1529215e-05]
TRAIN PSNR: -129.761 dB
Loss has diverged. Backtracking to trained_nets/LPDSNet/0.ckpt ...
Loading net state-dict...
Loading opt state-dict...
Loading sched state-dict...
Updated Learning Rate(s): [9.22337204e-06]
TRAIN PSNR: -131.741 dB
Loss has diverged. Backtracking to trained_nets/LPDSNet/0.ckpt ...
Loading net state-dict...
Loading opt state-dict...
Loading sched state-dict...
Updated Learning Rate(s): [7.37869763e-06]
TRAIN PSNR: -131.839 dB
Loss has diverged. Backtracking to trained_nets/LPDSNet/0.ckpt ...
Loading net state-dict...
Loading opt state-dict...
Loading sched state-dict...
Updated Learning Rate(s): [5.9029581e-06]
TRAIN PSNR: -131.505 dB
Loss has diverged. Backtracking to trained_nets/LPDSNet/0.ckpt ...
Loading net state-dict...
Loading opt state-dict...
Loading sched state-dict...
Updated Learning Rate(s): [4.72236648e-06]
TRAIN PSNR: -131.679 dB
Loss has diverged. Backtracking to trained_nets/LPDSNet/0.ckpt ...
Loading net state-dict...
Loading opt state-dict...
Loading sched state-dict...
Updated Learning Rate(s): [3.77789319e-06]
TRAIN PSNR: -133.112 dB
Loss has diverged. Backtracking to trained_nets/LPDSNet/0.ckpt ...
Loading net state-dict...
Loading opt state-dict...
Loading sched state-dict...
Updated Learning Rate(s): [3.02231455e-06]
TRAIN PSNR: -130.889 dB
Loss has diverged. Backtracking to trained_nets/LPDSNet/0.ckpt ...
Loading net state-dict...
Loading opt state-dict...
Loading sched state-dict...
Updated Learning Rate(s): [2.41785164e-06]
TRAIN PSNR: -131.905 dB
Loss has diverged. Backtracking to trained_nets/LPDSNet/0.ckpt ...
Loading net state-dict...
Loading opt state-dict...
Loading sched state-dict...
Updated Learning Rate(s): [1.93428131e-06]
TRAIN PSNR: -130.282 dB
Loss has diverged. Backtracking to trained_nets/LPDSNet/0.ckpt ...
Loading net state-dict...
Loading opt state-dict...
Loading sched state-dict...
Updated Learning Rate(s): [1.54742505e-06]
TRAIN PSNR: -129.508 dB
Loss has diverged. Backtracking to trained_nets/LPDSNet/0.ckpt ...
Loading net state-dict...
Loading opt state-dict...
Loading sched state-dict...
Updated Learning Rate(s): [1.23794004e-06]
TRAIN PSNR: -131.407 dB
Loss has diverged. Backtracking to trained_nets/LPDSNet/0.ckpt ...
Loading net state-dict...
Loading opt state-dict...
Loading sched state-dict...
Updated Learning Rate(s): [9.90352031e-07]
TRAIN PSNR: -131.035 dB
Loss has diverged. Backtracking to trained_nets/LPDSNet/0.ckpt ...
Loading net state-dict...
Loading opt state-dict...
Loading sched state-dict...
Updated Learning Rate(s): [7.92281625e-07]
TRAIN PSNR: -132.308 dB
Loss has diverged. Backtracking to trained_nets/LPDSNet/0.ckpt ...
Loading net state-dict...
Loading opt state-dict...
Loading sched state-dict...
Updated Learning Rate(s): [6.338253e-07]
TRAIN PSNR: -129.509 dB
Loss has diverged. Backtracking to trained_nets/LPDSNet/0.ckpt ...
Loading net state-dict...
Loading opt state-dict...
Loading sched state-dict...
Updated Learning Rate(s): [5.0706024e-07]
TRAIN PSNR: -130.388 dB
Loss has diverged. Backtracking to trained_nets/LPDSNet/0.ckpt ...
Loading net state-dict...
Loading opt state-dict...
Loading sched state-dict...
Updated Learning Rate(s): [4.05648192e-07]
TRAIN PSNR: -133.276 dB
Loss has diverged. Backtracking to trained_nets/LPDSNet/0.ckpt ...
Loading net state-dict...
Loading opt state-dict...
Loading sched state-dict...
Updated Learning Rate(s): [3.24518554e-07]
TRAIN PSNR: -131.443 dB
Loss has diverged. Backtracking to trained_nets/LPDSNet/0.ckpt ...
Loading net state-dict...
Loading opt state-dict...
Loading sched state-dict...
Updated Learning Rate(s): [2.59614843e-07]
TRAIN PSNR: -130.482 dB
Loss has diverged. Backtracking to trained_nets/LPDSNet/0.ckpt ...
Loading net state-dict...
Loading opt state-dict...
Loading sched state-dict...
Updated Learning Rate(s): [2.07691874e-07]
TRAIN PSNR: -130.378 dB
Loss has diverged. Backtracking to trained_nets/LPDSNet/0.ckpt ...
Loading net state-dict...
Loading opt state-dict...
Loading sched state-dict...
Updated Learning Rate(s): [1.66153499e-07]
TRAIN PSNR: -132.560 dB
Loss has diverged. Backtracking to trained_nets/LPDSNet/0.ckpt ...
Loading net state-dict...
Loading opt state-dict...
Loading sched state-dict...
Updated Learning Rate(s): [1.329228e-07]
TRAIN PSNR: -132.399 dB
Loss has diverged. Backtracking to trained_nets/LPDSNet/0.ckpt ...
Loading net state-dict...
Loading opt state-dict...
Loading sched state-dict...
Updated Learning Rate(s): [1.0633824e-07]
TRAIN PSNR: -132.904 dB
Loss has diverged. Backtracking to trained_nets/LPDSNet/0.ckpt ...
Loading net state-dict...
Loading opt state-dict...
Loading sched state-dict...
Updated Learning Rate(s): [8.50705917e-08]
TRAIN PSNR: -132.656 dB
Loss has diverged. Backtracking to trained_nets/LPDSNet/0.ckpt ...
Loading net state-dict...
Loading opt state-dict...
Loading sched state-dict...
Updated Learning Rate(s): [6.80564734e-08]
TRAIN PSNR: -131.469 dB
Loss has diverged. Backtracking to trained_nets/LPDSNet/0.ckpt ...
Loading net state-dict...
Loading opt state-dict...
Loading sched state-dict...
Updated Learning Rate(s): [5.44451787e-08]
TRAIN PSNR: -130.552 dB
Loss has diverged. Backtracking to trained_nets/LPDSNet/0.ckpt ...
Loading net state-dict...
Loading opt state-dict...
Loading sched state-dict...
Updated Learning Rate(s): [4.3556143e-08]
TRAIN PSNR: -131.729 dB
Loss has diverged. Backtracking to trained_nets/LPDSNet/0.ckpt ...
Loading net state-dict...
Loading opt state-dict...
Loading sched state-dict...
Updated Learning Rate(s): [3.48449144e-08]
TRAIN PSNR: -133.743 dB
Loss has diverged. Backtracking to trained_nets/LPDSNet/0.ckpt ...
Loading net state-dict...
Loading opt state-dict...
Loading sched state-dict...
Updated Learning Rate(s): [2.78759315e-08]
TRAIN PSNR: -132.990 dB
Loss has diverged. Backtracking to trained_nets/LPDSNet/0.ckpt ...
Loading net state-dict...
Loading opt state-dict...
Loading sched state-dict...
Updated Learning Rate(s): [2.23007452e-08]
TRAIN PSNR: -132.750 dB
Loss has diverged. Backtracking to trained_nets/LPDSNet/0.ckpt ...
Loading net state-dict...
Loading opt state-dict...
Loading sched state-dict...
Updated Learning Rate(s): [1.78405962e-08]
TRAIN PSNR: -130.032 dB
Loss has diverged. Backtracking to trained_nets/LPDSNet/0.ckpt ...
Loading net state-dict...
Loading opt state-dict...
Loading sched state-dict...
Updated Learning Rate(s): [1.42724769e-08]
TRAIN PSNR: -132.379 dB
Loss has diverged. Backtracking to trained_nets/LPDSNet/0.ckpt ...
Loading net state-dict...
Loading opt state-dict...
Loading sched state-dict...
Updated Learning Rate(s): [1.14179815e-08]
TRAIN PSNR: -131.565 dB
Loss has diverged. Backtracking to trained_nets/LPDSNet/0.ckpt ...
Loading net state-dict...
Loading opt state-dict...
Loading sched state-dict...
Updated Learning Rate(s): [9.13438523e-09]
TRAIN PSNR: -133.081 dB
Loss has diverged. Backtracking to trained_nets/LPDSNet/0.ckpt ...
Loading net state-dict...
Loading opt state-dict...
Loading sched state-dict...
Updated Learning Rate(s): [7.30750819e-09]
TRAIN PSNR: -131.545 dB
Loss has diverged. Backtracking to trained_nets/LPDSNet/0.ckpt ...
Loading net state-dict...
Loading opt state-dict...
Loading sched state-dict...
Updated Learning Rate(s): [5.84600655e-09]
TRAIN PSNR: -133.457 dB
Loss has diverged. Backtracking to trained_nets/LPDSNet/0.ckpt ...
Loading net state-dict...
Loading opt state-dict...
Loading sched state-dict...
Updated Learning Rate(s): [4.67680524e-09]
TRAIN PSNR: -132.076 dB
Loss has diverged. Backtracking to trained_nets/LPDSNet/0.ckpt ...
Loading net state-dict...
Loading opt state-dict...
Loading sched state-dict...
Updated Learning Rate(s): [3.74144419e-09]
TRAIN PSNR: -131.977 dB
Loss has diverged. Backtracking to trained_nets/LPDSNet/0.ckpt ...
Loading net state-dict...
Loading opt state-dict...
Loading sched state-dict...
Updated Learning Rate(s): [2.99315535e-09]
TRAIN PSNR: -133.464 dB
Loss has diverged. Backtracking to trained_nets/LPDSNet/0.ckpt ...
Loading net state-dict...
Loading opt state-dict...
Loading sched state-dict...
Updated Learning Rate(s): [2.39452428e-09]
TRAIN PSNR: -131.684 dB
Loss has diverged. Backtracking to trained_nets/LPDSNet/0.ckpt ...
Loading net state-dict...
Loading opt state-dict...
Loading sched state-dict...
Updated Learning Rate(s): [1.91561943e-09]
TRAIN PSNR: -132.307 dB
Loss has diverged. Backtracking to trained_nets/LPDSNet/0.ckpt ...
Loading net state-dict...
Loading opt state-dict...
Loading sched state-dict...
Updated Learning Rate(s): [1.53249554e-09]
TRAIN PSNR: -132.387 dB
Loss has diverged. Backtracking to trained_nets/LPDSNet/0.ckpt ...
Loading net state-dict...
Loading opt state-dict...
Loading sched state-dict...
Updated Learning Rate(s): [1.22599643e-09]
TRAIN PSNR: -132.738 dB
Loss has diverged. Backtracking to trained_nets/LPDSNet/0.ckpt ...
Loading net state-dict...
Loading opt state-dict...
Loading sched state-dict...
Updated Learning Rate(s): [9.80797146e-10]
TRAIN PSNR: -132.806 dB
Loss has diverged. Backtracking to trained_nets/LPDSNet/0.ckpt ...
Loading net state-dict...
Loading opt state-dict...
Loading sched state-dict...
Updated Learning Rate(s): [7.84637717e-10]
TRAIN PSNR: -130.614 dB
Loss has diverged. Backtracking to trained_nets/LPDSNet/0.ckpt ...
Loading net state-dict...
Loading opt state-dict...
Loading sched state-dict...
Updated Learning Rate(s): [6.27710174e-10]
TRAIN PSNR: -131.393 dB
Loss has diverged. Backtracking to trained_nets/LPDSNet/0.ckpt ...
Loading net state-dict...
Loading opt state-dict...
Loading sched state-dict...
Updated Learning Rate(s): [5.02168139e-10]
TRAIN PSNR: -131.521 dB
Loss has diverged. Backtracking to trained_nets/LPDSNet/0.ckpt ...
Loading net state-dict...
Loading opt state-dict...
Loading sched state-dict...
Updated Learning Rate(s): [4.01734511e-10]
TRAIN PSNR: -131.039 dB
Loss has diverged. Backtracking to trained_nets/LPDSNet/0.ckpt ...
Loading net state-dict...
Loading opt state-dict...
Loading sched state-dict...
Updated Learning Rate(s): [3.21387609e-10]
TRAIN PSNR: -132.310 dB
Loss has diverged. Backtracking to trained_nets/LPDSNet/0.ckpt ...
Loading net state-dict...
Loading opt state-dict...
Loading sched state-dict...
Updated Learning Rate(s): [2.57110087e-10]
TRAIN PSNR: -131.696 dB
Loss has diverged. Backtracking to trained_nets/LPDSNet/0.ckpt ...
Loading net state-dict...
Loading opt state-dict...
Loading sched state-dict...
Updated Learning Rate(s): [2.0568807e-10]
TRAIN PSNR: -131.901 dB
Loss has diverged. Backtracking to trained_nets/LPDSNet/0.ckpt ...
Loading net state-dict...
Loading opt state-dict...
Loading sched state-dict...
Updated Learning Rate(s): [1.64550456e-10]
TRAIN PSNR: -131.422 dB
Loss has diverged. Backtracking to trained_nets/LPDSNet/0.ckpt ...
Loading net state-dict...
Loading opt state-dict...
Loading sched state-dict...
Updated Learning Rate(s): [1.31640365e-10]
TRAIN PSNR: -132.006 dB
Loss has diverged. Backtracking to trained_nets/LPDSNet/0.ckpt ...
Loading net state-dict...
Loading opt state-dict...
Loading sched state-dict...
Updated Learning Rate(s): [1.05312292e-10]
TRAIN PSNR: -131.902 dB
Loss has diverged. Backtracking to trained_nets/LPDSNet/0.ckpt ...
Loading net state-dict...
Loading opt state-dict...
Loading sched state-dict...
Updated Learning Rate(s): [8.42498333e-11]
TRAIN PSNR: -133.280 dB
Loss has diverged. Backtracking to trained_nets/LPDSNet/0.ckpt ...
Loading net state-dict...
Loading opt state-dict...
Loading sched state-dict...
Updated Learning Rate(s): [6.73998667e-11]
TRAIN PSNR: -130.262 dB
Loss has diverged. Backtracking to trained_nets/LPDSNet/0.ckpt ...
Loading net state-dict...
Loading opt state-dict...
Loading sched state-dict...
Updated Learning Rate(s): [5.39198933e-11]
TRAIN PSNR: -132.366 dB
Loss has diverged. Backtracking to trained_nets/LPDSNet/0.ckpt ...
Loading net state-dict...
Loading opt state-dict...
Loading sched state-dict...
Updated Learning Rate(s): [4.31359147e-11]
TRAIN PSNR: -132.245 dB
Loss has diverged. Backtracking to trained_nets/LPDSNet/0.ckpt ...
Loading net state-dict...
Loading opt state-dict...
Loading sched state-dict...
Updated Learning Rate(s): [3.45087317e-11]
TRAIN PSNR: -133.052 dB
Loss has diverged. Backtracking to trained_nets/LPDSNet/0.ckpt ...
Loading net state-dict...
Loading opt state-dict...
Loading sched state-dict...
Updated Learning Rate(s): [2.76069854e-11]
TRAIN PSNR: -132.548 dB
Loss has diverged. Backtracking to trained_nets/LPDSNet/0.ckpt ...
Loading net state-dict...
Loading opt state-dict...
Loading sched state-dict...
Updated Learning Rate(s): [2.20855883e-11]
TRAIN PSNR: -128.592 dB
Loss has diverged. Backtracking to trained_nets/LPDSNet/0.ckpt ...
Loading net state-dict...
Loading opt state-dict...
Loading sched state-dict...
Updated Learning Rate(s): [1.76684706e-11]
TRAIN PSNR: -132.085 dB
Loss has diverged. Backtracking to trained_nets/LPDSNet/0.ckpt ...
Loading net state-dict...
Loading opt state-dict...
Loading sched state-dict...
Updated Learning Rate(s): [1.41347765e-11]
TRAIN PSNR: -133.068 dB
Loss has diverged. Backtracking to trained_nets/LPDSNet/0.ckpt ...
Loading net state-dict...
Loading opt state-dict...
Loading sched state-dict...
Updated Learning Rate(s): [1.13078212e-11]
TRAIN PSNR: -130.889 dB
Loss has diverged. Backtracking to trained_nets/LPDSNet/0.ckpt ...
Loading net state-dict...
Loading opt state-dict...
Loading sched state-dict...
Updated Learning Rate(s): [9.04625697e-12]
TRAIN PSNR: -130.329 dB
Loss has diverged. Backtracking to trained_nets/LPDSNet/0.ckpt ...
Loading net state-dict...
Loading opt state-dict...
Loading sched state-dict...
Updated Learning Rate(s): [7.23700558e-12]
TRAIN PSNR: -130.345 dB
Loss has diverged. Backtracking to trained_nets/LPDSNet/0.ckpt ...
Loading net state-dict...
Loading opt state-dict...
Loading sched state-dict...
Updated Learning Rate(s): [5.78960446e-12]
TRAIN PSNR: -130.165 dB
Loss has diverged. Backtracking to trained_nets/LPDSNet/0.ckpt ...
Loading net state-dict...
Loading opt state-dict...
Loading sched state-dict...
Updated Learning Rate(s): [4.63168357e-12]
TRAIN PSNR: -131.377 dB
Loss has diverged. Backtracking to trained_nets/LPDSNet/0.ckpt ...
Loading net state-dict...
Loading opt state-dict...
Loading sched state-dict...
Updated Learning Rate(s): [3.70534686e-12]
TRAIN PSNR: -131.945 dB
Loss has diverged. Backtracking to trained_nets/LPDSNet/0.ckpt ...
Loading net state-dict...
Loading opt state-dict...
Loading sched state-dict...
Updated Learning Rate(s): [2.96427748e-12]
TRAIN PSNR: -132.723 dB
Loss has diverged. Backtracking to trained_nets/LPDSNet/0.ckpt ...
Loading net state-dict...
Loading opt state-dict...
Loading sched state-dict...
Updated Learning Rate(s): [2.37142199e-12]
TRAIN PSNR: -130.483 dB
Loss has diverged. Backtracking to trained_nets/LPDSNet/0.ckpt ...
Loading net state-dict...
Loading opt state-dict...
Loading sched state-dict...
Updated Learning Rate(s): [1.89713759e-12]
TRAIN PSNR: -131.091 dB
Loss has diverged. Backtracking to trained_nets/LPDSNet/0.ckpt ...
Loading net state-dict...
Loading opt state-dict...
Loading sched state-dict...
Updated Learning Rate(s): [1.51771007e-12]
TRAIN PSNR: -131.619 dB
Loss has diverged. Backtracking to trained_nets/LPDSNet/0.ckpt ...
Loading net state-dict...
Loading opt state-dict...
Loading sched state-dict...
Updated Learning Rate(s): [1.21416806e-12]
TRAIN PSNR: -134.023 dB
Loss has diverged. Backtracking to trained_nets/LPDSNet/0.ckpt ...
Loading net state-dict...
Loading opt state-dict...
Loading sched state-dict...
Updated Learning Rate(s): [9.71334446e-13]
TRAIN PSNR: -131.730 dB
Loss has diverged. Backtracking to trained_nets/LPDSNet/0.ckpt ...
Loading net state-dict...
Loading opt state-dict...
Loading sched state-dict...
Updated Learning Rate(s): [7.77067557e-13]
TRAIN PSNR: -132.155 dB
Loss has diverged. Backtracking to trained_nets/LPDSNet/0.ckpt ...
Loading net state-dict...
Loading opt state-dict...
Loading sched state-dict...
Updated Learning Rate(s): [6.21654046e-13]
TRAIN PSNR: -132.616 dB
Loss has diverged. Backtracking to trained_nets/LPDSNet/0.ckpt ...
Loading net state-dict...
Loading opt state-dict...
Loading sched state-dict...
Updated Learning Rate(s): [4.97323236e-13]
TRAIN PSNR: -131.881 dB
Loss has diverged. Backtracking to trained_nets/LPDSNet/0.ckpt ...
Loading net state-dict...
Loading opt state-dict...
Loading sched state-dict...
Updated Learning Rate(s): [3.97858589e-13]
TRAIN PSNR: -133.298 dB
Loss has diverged. Backtracking to trained_nets/LPDSNet/0.ckpt ...
Loading net state-dict...
Loading opt state-dict...
Loading sched state-dict...
Updated Learning Rate(s): [3.18286871e-13]
TRAIN PSNR: -132.294 dB
Loss has diverged. Backtracking to trained_nets/LPDSNet/0.ckpt ...
Loading net state-dict...
Loading opt state-dict...
Loading sched state-dict...
Updated Learning Rate(s): [2.54629497e-13]
TRAIN PSNR: -131.863 dB
Loss has diverged. Backtracking to trained_nets/LPDSNet/0.ckpt ...
Loading net state-dict...
Loading opt state-dict...
Loading sched state-dict...
Updated Learning Rate(s): [2.03703598e-13]
TRAIN PSNR: -132.888 dB
Loss has diverged. Backtracking to trained_nets/LPDSNet/0.ckpt ...
Loading net state-dict...
Loading opt state-dict...
Loading sched state-dict...
Updated Learning Rate(s): [1.62962878e-13]
TRAIN PSNR: -130.974 dB
Loss has diverged. Backtracking to trained_nets/LPDSNet/0.ckpt ...
Loading net state-dict...
Loading opt state-dict...
Loading sched state-dict...
Updated Learning Rate(s): [1.30370302e-13]
TRAIN PSNR: -130.872 dB
Loss has diverged. Backtracking to trained_nets/LPDSNet/0.ckpt ...
Loading net state-dict...
Loading opt state-dict...
Loading sched state-dict...
Updated Learning Rate(s): [1.04296242e-13]
TRAIN PSNR: -131.996 dB
Loss has diverged. Backtracking to trained_nets/LPDSNet/0.ckpt ...
Loading net state-dict...
Loading opt state-dict...
Loading sched state-dict...
Updated Learning Rate(s): [8.34369936e-14]
TRAIN PSNR: -132.348 dB
Loss has diverged. Backtracking to trained_nets/LPDSNet/0.ckpt ...
Loading net state-dict...
Loading opt state-dict...
Loading sched state-dict...
Updated Learning Rate(s): [6.67495949e-14]
TRAIN PSNR: -133.216 dB
Loss has diverged. Backtracking to trained_nets/LPDSNet/0.ckpt ...
Loading net state-dict...
Loading opt state-dict...
Loading sched state-dict...
Updated Learning Rate(s): [5.33996759e-14]
TRAIN PSNR: -131.594 dB
Loss has diverged. Backtracking to trained_nets/LPDSNet/0.ckpt ...
Loading net state-dict...
Loading opt state-dict...
Loading sched state-dict...
Updated Learning Rate(s): [4.27197407e-14]
TRAIN PSNR: -131.344 dB
Loss has diverged. Backtracking to trained_nets/LPDSNet/0.ckpt ...
Loading net state-dict...
Loading opt state-dict...
Loading sched state-dict...
Updated Learning Rate(s): [3.41757926e-14]
TRAIN PSNR: -132.942 dB
Loss has diverged. Backtracking to trained_nets/LPDSNet/0.ckpt ...
Loading net state-dict...
Loading opt state-dict...
Loading sched state-dict...
Updated Learning Rate(s): [2.73406341e-14]
TRAIN PSNR: -133.461 dB
Loss has diverged. Backtracking to trained_nets/LPDSNet/0.ckpt ...
Loading net state-dict...
Loading opt state-dict...
Loading sched state-dict...
Updated Learning Rate(s): [2.18725072e-14]
TRAIN PSNR: -130.258 dB
Loss has diverged. Backtracking to trained_nets/LPDSNet/0.ckpt ...
Loading net state-dict...
Loading opt state-dict...
Loading sched state-dict...
Updated Learning Rate(s): [1.74980058e-14]
TRAIN PSNR: -130.469 dB
Loss has diverged. Backtracking to trained_nets/LPDSNet/0.ckpt ...
Loading net state-dict...
Loading opt state-dict...
Loading sched state-dict...
Updated Learning Rate(s): [1.39984046e-14]
TRAIN PSNR: -132.091 dB
Loss has diverged. Backtracking to trained_nets/LPDSNet/0.ckpt ...
Loading net state-dict...
Loading opt state-dict...
Loading sched state-dict...
Updated Learning Rate(s): [1.11987237e-14]
TRAIN PSNR: -133.792 dB
Loss has diverged. Backtracking to trained_nets/LPDSNet/0.ckpt ...
Loading net state-dict...
Loading opt state-dict...
Loading sched state-dict...
Updated Learning Rate(s): [8.95897897e-15]
TRAIN PSNR: -130.439 dB
Loss has diverged. Backtracking to trained_nets/LPDSNet/0.ckpt ...
Loading net state-dict...
Loading opt state-dict...
Loading sched state-dict...
Updated Learning Rate(s): [7.16718317e-15]
TRAIN PSNR: -131.747 dB
Loss has diverged. Backtracking to trained_nets/LPDSNet/0.ckpt ...
Loading net state-dict...
Loading opt state-dict...
Loading sched state-dict...
Updated Learning Rate(s): [5.73374654e-15]
TRAIN PSNR: -132.419 dB
Loss has diverged. Backtracking to trained_nets/LPDSNet/0.ckpt ...
Loading net state-dict...
Loading opt state-dict...
Loading sched state-dict...
Updated Learning Rate(s): [4.58699723e-15]
TRAIN PSNR: -132.398 dB
Loss has diverged. Backtracking to trained_nets/LPDSNet/0.ckpt ...
Loading net state-dict...
Loading opt state-dict...
Loading sched state-dict...
Updated Learning Rate(s): [3.66959779e-15]
TRAIN PSNR: -131.425 dB
Loss has diverged. Backtracking to trained_nets/LPDSNet/0.ckpt ...
Loading net state-dict...
Loading opt state-dict...
Loading sched state-dict...
Updated Learning Rate(s): [2.93567823e-15]
TRAIN PSNR: -130.104 dB
Loss has diverged. Backtracking to trained_nets/LPDSNet/0.ckpt ...
Loading net state-dict...
Loading opt state-dict...
Loading sched state-dict...
Updated Learning Rate(s): [2.34854258e-15]
TRAIN PSNR: -132.524 dB
Loss has diverged. Backtracking to trained_nets/LPDSNet/0.ckpt ...
Loading net state-dict...
Loading opt state-dict...
Loading sched state-dict...
Updated Learning Rate(s): [1.87883407e-15]
TRAIN PSNR: -134.084 dB
Loss has diverged. Backtracking to trained_nets/LPDSNet/0.ckpt ...
Loading net state-dict...
Loading opt state-dict...
Loading sched state-dict...
Updated Learning Rate(s): [1.50306725e-15]
TRAIN PSNR: -132.793 dB
Loss has diverged. Backtracking to trained_nets/LPDSNet/0.ckpt ...
Loading net state-dict...
Loading opt state-dict...
Loading sched state-dict...
Updated Learning Rate(s): [1.2024538e-15]
TRAIN PSNR: -133.811 dB
Loss has diverged. Backtracking to trained_nets/LPDSNet/0.ckpt ...
Loading net state-dict...
Loading opt state-dict...
Loading sched state-dict...
Updated Learning Rate(s): [9.61963042e-16]
TRAIN PSNR: -131.519 dB
Loss has diverged. Backtracking to trained_nets/LPDSNet/0.ckpt ...
Loading net state-dict...
Loading opt state-dict...
Loading sched state-dict...
Updated Learning Rate(s): [7.69570434e-16]
TRAIN PSNR: -132.876 dB
Loss has diverged. Backtracking to trained_nets/LPDSNet/0.ckpt ...
Loading net state-dict...
Loading opt state-dict...
Loading sched state-dict...
Updated Learning Rate(s): [6.15656347e-16]
TRAIN PSNR: -132.487 dB
Loss has diverged. Backtracking to trained_nets/LPDSNet/0.ckpt ...
Loading net state-dict...
Loading opt state-dict...
Loading sched state-dict...
Updated Learning Rate(s): [4.92525077e-16]
TRAIN PSNR: -131.298 dB
Loss has diverged. Backtracking to trained_nets/LPDSNet/0.ckpt ...
Loading net state-dict...
Loading opt state-dict...
Loading sched state-dict...
Updated Learning Rate(s): [3.94020062e-16]
TRAIN PSNR: -133.226 dB
Loss has diverged. Backtracking to trained_nets/LPDSNet/0.ckpt ...
Loading net state-dict...
Loading opt state-dict...
Loading sched state-dict...
Updated Learning Rate(s): [3.1521605e-16]
TRAIN PSNR: -132.698 dB
Loss has diverged. Backtracking to trained_nets/LPDSNet/0.ckpt ...
Loading net state-dict...
Loading opt state-dict...
Loading sched state-dict...
Updated Learning Rate(s): [2.5217284e-16]
TRAIN PSNR: -133.218 dB
Loss has diverged. Backtracking to trained_nets/LPDSNet/0.ckpt ...
Loading net state-dict...
Loading opt state-dict...
Loading sched state-dict...
Updated Learning Rate(s): [2.01738272e-16]
TRAIN PSNR: -129.705 dB
Loss has diverged. Backtracking to trained_nets/LPDSNet/0.ckpt ...
Loading net state-dict...
Loading opt state-dict...
Loading sched state-dict...
Updated Learning Rate(s): [1.61390617e-16]
TRAIN PSNR: -131.994 dB
Loss has diverged. Backtracking to trained_nets/LPDSNet/0.ckpt ...
Loading net state-dict...
Loading opt state-dict...
Loading sched state-dict...
Updated Learning Rate(s): [1.29112494e-16]
TRAIN PSNR: -134.033 dB
Loss has diverged. Backtracking to trained_nets/LPDSNet/0.ckpt ...
Loading net state-dict...
Loading opt state-dict...
Loading sched state-dict...
Updated Learning Rate(s): [1.03289995e-16]
TRAIN PSNR: -133.032 dB
Loss has diverged. Backtracking to trained_nets/LPDSNet/0.ckpt ...
Loading net state-dict...
Loading opt state-dict...
Loading sched state-dict...
Updated Learning Rate(s): [8.26319961e-17]
TRAIN PSNR: -130.719 dB
Loss has diverged. Backtracking to trained_nets/LPDSNet/0.ckpt ...
Loading net state-dict...
Loading opt state-dict...
Loading sched state-dict...
Updated Learning Rate(s): [6.61055969e-17]
TRAIN PSNR: -131.239 dB
Loss has diverged. Backtracking to trained_nets/LPDSNet/0.ckpt ...
Loading net state-dict...
Loading opt state-dict...
Loading sched state-dict...
Updated Learning Rate(s): [5.28844775e-17]
TRAIN PSNR: -131.628 dB
Loss has diverged. Backtracking to trained_nets/LPDSNet/0.ckpt ...
Loading net state-dict...
Loading opt state-dict...
Loading sched state-dict...
Updated Learning Rate(s): [4.2307582e-17]
TRAIN PSNR: -132.226 dB
Loss has diverged. Backtracking to trained_nets/LPDSNet/0.ckpt ...
Loading net state-dict...
Loading opt state-dict...
Loading sched state-dict...
Updated Learning Rate(s): [3.38460656e-17]
TRAIN PSNR: -132.082 dB
Loss has diverged. Backtracking to trained_nets/LPDSNet/0.ckpt ...
Loading net state-dict...
Loading opt state-dict...
Loading sched state-dict...
Updated Learning Rate(s): [2.70768525e-17]
TRAIN PSNR: -133.524 dB
Loss has diverged. Backtracking to trained_nets/LPDSNet/0.ckpt ...
Loading net state-dict...
Loading opt state-dict...
Loading sched state-dict...
Updated Learning Rate(s): [2.1661482e-17]
TRAIN PSNR: -131.447 dB
Loss has diverged. Backtracking to trained_nets/LPDSNet/0.ckpt ...
Loading net state-dict...
Loading opt state-dict...
Loading sched state-dict...
Updated Learning Rate(s): [1.73291856e-17]
TRAIN PSNR: -132.982 dB
Loss has diverged. Backtracking to trained_nets/LPDSNet/0.ckpt ...
Loading net state-dict...
Loading opt state-dict...
Loading sched state-dict...
Updated Learning Rate(s): [1.38633485e-17]
TRAIN PSNR: -130.956 dB
Loss has diverged. Backtracking to trained_nets/LPDSNet/0.ckpt ...
Loading net state-dict...
Loading opt state-dict...
Loading sched state-dict...
Updated Learning Rate(s): [1.10906788e-17]
TRAIN PSNR: -132.114 dB
Loss has diverged. Backtracking to trained_nets/LPDSNet/0.ckpt ...
Loading net state-dict...
Loading opt state-dict...
Loading sched state-dict...
Updated Learning Rate(s): [8.87254302e-18]
TRAIN PSNR: -131.083 dB
Loss has diverged. Backtracking to trained_nets/LPDSNet/0.ckpt ...
Loading net state-dict...
Loading opt state-dict...
Loading sched state-dict...
Updated Learning Rate(s): [7.09803442e-18]
TRAIN PSNR: -131.489 dB
Loss has diverged. Backtracking to trained_nets/LPDSNet/0.ckpt ...
Loading net state-dict...
Loading opt state-dict...
Loading sched state-dict...
Updated Learning Rate(s): [5.67842753e-18]
TRAIN PSNR: -131.314 dB
Loss has diverged. Backtracking to trained_nets/LPDSNet/0.ckpt ...
Loading net state-dict...
Loading opt state-dict...
Loading sched state-dict...
Updated Learning Rate(s): [4.54274203e-18]
TRAIN PSNR: -131.399 dB
Loss has diverged. Backtracking to trained_nets/LPDSNet/0.ckpt ...
Loading net state-dict...
Loading opt state-dict...
Loading sched state-dict...
Updated Learning Rate(s): [3.63419362e-18]
TRAIN PSNR: -131.925 dB
Loss has diverged. Backtracking to trained_nets/LPDSNet/0.ckpt ...
Loading net state-dict...
Loading opt state-dict...
Loading sched state-dict...
Updated Learning Rate(s): [2.9073549e-18]
TRAIN PSNR: -131.932 dB
Loss has diverged. Backtracking to trained_nets/LPDSNet/0.ckpt ...
Loading net state-dict...
Loading opt state-dict...
Loading sched state-dict...
Updated Learning Rate(s): [2.32588392e-18]
TRAIN PSNR: -132.243 dB
Loss has diverged. Backtracking to trained_nets/LPDSNet/0.ckpt ...
Loading net state-dict...
Loading opt state-dict...
Loading sched state-dict...
Updated Learning Rate(s): [1.86070713e-18]
TRAIN PSNR: -130.019 dB
Loss has diverged. Backtracking to trained_nets/LPDSNet/0.ckpt ...
Loading net state-dict...
Loading opt state-dict...
Loading sched state-dict...
Updated Learning Rate(s): [1.48856571e-18]
TRAIN PSNR: -130.248 dB
Loss has diverged. Backtracking to trained_nets/LPDSNet/0.ckpt ...
Loading net state-dict...
Loading opt state-dict...
Loading sched state-dict...
Updated Learning Rate(s): [1.19085257e-18]
TRAIN PSNR: -131.770 dB
Loss has diverged. Backtracking to trained_nets/LPDSNet/0.ckpt ...
Loading net state-dict...
Loading opt state-dict...
Loading sched state-dict...
Updated Learning Rate(s): [9.52682053e-19]
TRAIN PSNR: -131.526 dB
Loss has diverged. Backtracking to trained_nets/LPDSNet/0.ckpt ...
Loading net state-dict...
Loading opt state-dict...
Loading sched state-dict...
Updated Learning Rate(s): [7.62145642e-19]
TRAIN PSNR: -131.098 dB
Loss has diverged. Backtracking to trained_nets/LPDSNet/0.ckpt ...
Loading net state-dict...
Loading opt state-dict...
Loading sched state-dict...
Updated Learning Rate(s): [6.09716514e-19]
TRAIN PSNR: -131.981 dB
Loss has diverged. Backtracking to trained_nets/LPDSNet/0.ckpt ...
Loading net state-dict...
Loading opt state-dict...
Loading sched state-dict...
Updated Learning Rate(s): [4.87773211e-19]
TRAIN PSNR: -132.121 dB
Loss has diverged. Backtracking to trained_nets/LPDSNet/0.ckpt ...
Loading net state-dict...
Loading opt state-dict...
Loading sched state-dict...
Updated Learning Rate(s): [3.90218569e-19]
TRAIN PSNR: -132.209 dB
Loss has diverged. Backtracking to trained_nets/LPDSNet/0.ckpt ...
Loading net state-dict...
Loading opt state-dict...
Loading sched state-dict...
Updated Learning Rate(s): [3.12174855e-19]
TRAIN PSNR: -132.981 dB
Loss has diverged. Backtracking to trained_nets/LPDSNet/0.ckpt ...
Loading net state-dict...
Loading opt state-dict...
Loading sched state-dict...
Updated Learning Rate(s): [2.49739884e-19]
TRAIN PSNR: -130.378 dB
Loss has diverged. Backtracking to trained_nets/LPDSNet/0.ckpt ...
Loading net state-dict...
Loading opt state-dict...
Loading sched state-dict...
Updated Learning Rate(s): [1.99791907e-19]
TRAIN PSNR: -130.772 dB
Loss has diverged. Backtracking to trained_nets/LPDSNet/0.ckpt ...
Loading net state-dict...
Loading opt state-dict...
Loading sched state-dict...
Updated Learning Rate(s): [1.59833526e-19]
TRAIN PSNR: -131.321 dB
Loss has diverged. Backtracking to trained_nets/LPDSNet/0.ckpt ...
Loading net state-dict...
Loading opt state-dict...
Loading sched state-dict...
Updated Learning Rate(s): [1.27866821e-19]
TRAIN PSNR: -132.853 dB
Loss has diverged. Backtracking to trained_nets/LPDSNet/0.ckpt ...
Loading net state-dict...
Loading opt state-dict...
Loading sched state-dict...
Updated Learning Rate(s): [1.02293456e-19]
TRAIN PSNR: -132.940 dB
Loss has diverged. Backtracking to trained_nets/LPDSNet/0.ckpt ...
Loading net state-dict...
Loading opt state-dict...
Loading sched state-dict...
Updated Learning Rate(s): [8.18347652e-20]
TRAIN PSNR: -132.714 dB
Loss has diverged. Backtracking to trained_nets/LPDSNet/0.ckpt ...
Loading net state-dict...
Loading opt state-dict...
Loading sched state-dict...
Updated Learning Rate(s): [6.54678122e-20]
TRAIN PSNR: -130.701 dB
Loss has diverged. Backtracking to trained_nets/LPDSNet/0.ckpt ...
Loading net state-dict...
Loading opt state-dict...
Loading sched state-dict...
Updated Learning Rate(s): [5.23742497e-20]
TRAIN PSNR: -131.773 dB
Loss has diverged. Backtracking to trained_nets/LPDSNet/0.ckpt ...
Loading net state-dict...
Loading opt state-dict...
Loading sched state-dict...
Updated Learning Rate(s): [4.18993998e-20]
TRAIN PSNR: -132.702 dB
Loss has diverged. Backtracking to trained_nets/LPDSNet/0.ckpt ...
Loading net state-dict...
Loading opt state-dict...
Loading sched state-dict...
Updated Learning Rate(s): [3.35195198e-20]
TRAIN PSNR: -130.009 dB
Loss has diverged. Backtracking to trained_nets/LPDSNet/0.ckpt ...
Loading net state-dict...
Loading opt state-dict...
Loading sched state-dict...
Updated Learning Rate(s): [2.68156159e-20]
TRAIN PSNR: -131.471 dB
Loss has diverged. Backtracking to trained_nets/LPDSNet/0.ckpt ...
Loading net state-dict...
Loading opt state-dict...
Loading sched state-dict...
Updated Learning Rate(s): [2.14524927e-20]
TRAIN PSNR: -132.017 dB
Loss has diverged. Backtracking to trained_nets/LPDSNet/0.ckpt ...
Loading net state-dict...
Loading opt state-dict...
Loading sched state-dict...
Updated Learning Rate(s): [1.71619942e-20]
TRAIN PSNR: -134.985 dB
Loss has diverged. Backtracking to trained_nets/LPDSNet/0.ckpt ...
Loading net state-dict...
Loading opt state-dict...
Loading sched state-dict...
Updated Learning Rate(s): [1.37295953e-20]
TRAIN PSNR: -130.985 dB
Loss has diverged. Backtracking to trained_nets/LPDSNet/0.ckpt ...
Loading net state-dict...
Loading opt state-dict...
Loading sched state-dict...
Updated Learning Rate(s): [1.09836763e-20]
TRAIN PSNR: -131.316 dB
Loss has diverged. Backtracking to trained_nets/LPDSNet/0.ckpt ...
Loading net state-dict...
Loading opt state-dict...
Loading sched state-dict...
Updated Learning Rate(s): [8.786941e-21]
TRAIN PSNR: -132.905 dB
Loss has diverged. Backtracking to trained_nets/LPDSNet/0.ckpt ...
Loading net state-dict...
Loading opt state-dict...
Loading sched state-dict...
Updated Learning Rate(s): [7.0295528e-21]
TRAIN PSNR: -130.951 dB
Loss has diverged. Backtracking to trained_nets/LPDSNet/0.ckpt ...
Loading net state-dict...
Loading opt state-dict...
Loading sched state-dict...
Updated Learning Rate(s): [5.62364224e-21]
TRAIN PSNR: -131.515 dB
Loss has diverged. Backtracking to trained_nets/LPDSNet/0.ckpt ...
Loading net state-dict...
Loading opt state-dict...
Loading sched state-dict...
Updated Learning Rate(s): [4.49891379e-21]
TRAIN PSNR: -132.716 dB
Loss has diverged. Backtracking to trained_nets/LPDSNet/0.ckpt ...
Loading net state-dict...
Loading opt state-dict...
Loading sched state-dict...
Updated Learning Rate(s): [3.59913104e-21]
TRAIN PSNR: -131.819 dB
Loss has diverged. Backtracking to trained_nets/LPDSNet/0.ckpt ...
Loading net state-dict...
Loading opt state-dict...
Loading sched state-dict...
Updated Learning Rate(s): [2.87930483e-21]
TRAIN PSNR: -132.367 dB
Loss has diverged. Backtracking to trained_nets/LPDSNet/0.ckpt ...
Loading net state-dict...
Loading opt state-dict...
Loading sched state-dict...
Updated Learning Rate(s): [2.30344386e-21]
TRAIN PSNR: -131.690 dB
Loss has diverged. Backtracking to trained_nets/LPDSNet/0.ckpt ...
Loading net state-dict...
Loading opt state-dict...
Loading sched state-dict...
Updated Learning Rate(s): [1.84275509e-21]
TRAIN PSNR: -131.941 dB
Loss has diverged. Backtracking to trained_nets/LPDSNet/0.ckpt ...
Loading net state-dict...
Loading opt state-dict...
Loading sched state-dict...
Updated Learning Rate(s): [1.47420407e-21]
TRAIN PSNR: -132.116 dB
Loss has diverged. Backtracking to trained_nets/LPDSNet/0.ckpt ...
Loading net state-dict...
Loading opt state-dict...
Loading sched state-dict...
Updated Learning Rate(s): [1.17936326e-21]
TRAIN PSNR: -132.326 dB
Loss has diverged. Backtracking to trained_nets/LPDSNet/0.ckpt ...
Loading net state-dict...
Loading opt state-dict...
Loading sched state-dict...
Updated Learning Rate(s): [9.43490606e-22]
TRAIN PSNR: -131.683 dB
Loss has diverged. Backtracking to trained_nets/LPDSNet/0.ckpt ...
Loading net state-dict...
Loading opt state-dict...
Loading sched state-dict...
Updated Learning Rate(s): [7.54792485e-22]
TRAIN PSNR: -131.234 dB
Loss has diverged. Backtracking to trained_nets/LPDSNet/0.ckpt ...
Loading net state-dict...
Loading opt state-dict...
Loading sched state-dict...
Updated Learning Rate(s): [6.03833988e-22]
TRAIN PSNR: -130.854 dB
Loss has diverged. Backtracking to trained_nets/LPDSNet/0.ckpt ...
Loading net state-dict...
Loading opt state-dict...
Loading sched state-dict...
Updated Learning Rate(s): [4.8306719e-22]
TRAIN PSNR: -130.671 dB
Loss has diverged. Backtracking to trained_nets/LPDSNet/0.ckpt ...
Loading net state-dict...
Loading opt state-dict...
Loading sched state-dict...
Updated Learning Rate(s): [3.86453752e-22]
TRAIN PSNR: -132.917 dB
Loss has diverged. Backtracking to trained_nets/LPDSNet/0.ckpt ...
Loading net state-dict...
Loading opt state-dict...
Loading sched state-dict...
Updated Learning Rate(s): [3.09163002e-22]
TRAIN PSNR: -133.140 dB
Loss has diverged. Backtracking to trained_nets/LPDSNet/0.ckpt ...
Loading net state-dict...
Loading opt state-dict...
Loading sched state-dict...
Updated Learning Rate(s): [2.47330401e-22]
TRAIN PSNR: -132.635 dB
Loss has diverged. Backtracking to trained_nets/LPDSNet/0.ckpt ...
Loading net state-dict...
Loading opt state-dict...
Loading sched state-dict...
Updated Learning Rate(s): [1.97864321e-22]
TRAIN PSNR: -131.820 dB
Loss has diverged. Backtracking to trained_nets/LPDSNet/0.ckpt ...
Loading net state-dict...
Loading opt state-dict...
Loading sched state-dict...
Updated Learning Rate(s): [1.58291457e-22]
TRAIN PSNR: -131.183 dB
Loss has diverged. Backtracking to trained_nets/LPDSNet/0.ckpt ...
Loading net state-dict...
Loading opt state-dict...
Loading sched state-dict...
Updated Learning Rate(s): [1.26633166e-22]
TRAIN PSNR: -132.418 dB
Loss has diverged. Backtracking to trained_nets/LPDSNet/0.ckpt ...
Loading net state-dict...
Loading opt state-dict...
Loading sched state-dict...
Updated Learning Rate(s): [1.01306532e-22]
TRAIN PSNR: -132.437 dB
Loss has diverged. Backtracking to trained_nets/LPDSNet/0.ckpt ...
Loading net state-dict...
Loading opt state-dict...
Loading sched state-dict...
Updated Learning Rate(s): [8.1045226e-23]
TRAIN PSNR: -132.190 dB
Loss has diverged. Backtracking to trained_nets/LPDSNet/0.ckpt ...
Loading net state-dict...
Loading opt state-dict...
Loading sched state-dict...
Updated Learning Rate(s): [6.48361808e-23]
TRAIN PSNR: -131.163 dB
Loss has diverged. Backtracking to trained_nets/LPDSNet/0.ckpt ...
Loading net state-dict...
Loading opt state-dict...
Loading sched state-dict...
Updated Learning Rate(s): [5.18689446e-23]
TRAIN PSNR: -131.733 dB
Loss has diverged. Backtracking to trained_nets/LPDSNet/0.ckpt ...
Loading net state-dict...
Loading opt state-dict...
Loading sched state-dict...
Updated Learning Rate(s): [4.14951557e-23]
TRAIN PSNR: -132.212 dB
Loss has diverged. Backtracking to trained_nets/LPDSNet/0.ckpt ...
Loading net state-dict...
Loading opt state-dict...
Loading sched state-dict...
Updated Learning Rate(s): [3.31961246e-23]
TRAIN PSNR: -130.394 dB
Loss has diverged. Backtracking to trained_nets/LPDSNet/0.ckpt ...
Loading net state-dict...
Loading opt state-dict...
Loading sched state-dict...
Updated Learning Rate(s): [2.65568996e-23]
TRAIN PSNR: -132.180 dB
Loss has diverged. Backtracking to trained_nets/LPDSNet/0.ckpt ...
Loading net state-dict...
Loading opt state-dict...
Loading sched state-dict...
Updated Learning Rate(s): [2.12455197e-23]
TRAIN PSNR: -131.439 dB
Loss has diverged. Backtracking to trained_nets/LPDSNet/0.ckpt ...
Loading net state-dict...
Loading opt state-dict...
Loading sched state-dict...
Updated Learning Rate(s): [1.69964158e-23]
TRAIN PSNR: -133.171 dB
Loss has diverged. Backtracking to trained_nets/LPDSNet/0.ckpt ...
Loading net state-dict...
Loading opt state-dict...
Loading sched state-dict...
Updated Learning Rate(s): [1.35971326e-23]
TRAIN PSNR: -131.978 dB
Loss has diverged. Backtracking to trained_nets/LPDSNet/0.ckpt ...
Loading net state-dict...
Loading opt state-dict...
Loading sched state-dict...
Updated Learning Rate(s): [1.08777061e-23]
TRAIN PSNR: -131.517 dB
Loss has diverged. Backtracking to trained_nets/LPDSNet/0.ckpt ...
Loading net state-dict...
Loading opt state-dict...
Loading sched state-dict...
Updated Learning Rate(s): [8.70216487e-24]
TRAIN PSNR: -130.018 dB
Loss has diverged. Backtracking to trained_nets/LPDSNet/0.ckpt ...
Loading net state-dict...
Loading opt state-dict...
Loading sched state-dict...
Updated Learning Rate(s): [6.9617319e-24]
TRAIN PSNR: -130.920 dB
Loss has diverged. Backtracking to trained_nets/LPDSNet/0.ckpt ...
Loading net state-dict...
Loading opt state-dict...
Loading sched state-dict...
Updated Learning Rate(s): [5.56938552e-24]
TRAIN PSNR: -129.516 dB
Loss has diverged. Backtracking to trained_nets/LPDSNet/0.ckpt ...
Loading net state-dict...
Loading opt state-dict...
Loading sched state-dict...
Updated Learning Rate(s): [4.45550842e-24]
TRAIN PSNR: -131.922 dB
Loss has diverged. Backtracking to trained_nets/LPDSNet/0.ckpt ...
Loading net state-dict...
Loading opt state-dict...
Loading sched state-dict...
Updated Learning Rate(s): [3.56440673e-24]
TRAIN PSNR: -130.352 dB
Loss has diverged. Backtracking to trained_nets/LPDSNet/0.ckpt ...
Loading net state-dict...
Loading opt state-dict...
Loading sched state-dict...
Updated Learning Rate(s): [2.85152539e-24]
TRAIN PSNR: -132.061 dB
Loss has diverged. Backtracking to trained_nets/LPDSNet/0.ckpt ...
Loading net state-dict...
Loading opt state-dict...
Loading sched state-dict...
Updated Learning Rate(s): [2.28122031e-24]
TRAIN PSNR: -131.678 dB
Loss has diverged. Backtracking to trained_nets/LPDSNet/0.ckpt ...
Loading net state-dict...
Loading opt state-dict...
Loading sched state-dict...
Updated Learning Rate(s): [1.82497625e-24]
TRAIN PSNR: -131.750 dB
Loss has diverged. Backtracking to trained_nets/LPDSNet/0.ckpt ...
Loading net state-dict...
Loading opt state-dict...
Loading sched state-dict...
Updated Learning Rate(s): [1.459981e-24]
TRAIN PSNR: -130.745 dB
Loss has diverged. Backtracking to trained_nets/LPDSNet/0.ckpt ...
Loading net state-dict...
Loading opt state-dict...
Loading sched state-dict...
Updated Learning Rate(s): [1.1679848e-24]
TRAIN PSNR: -130.687 dB
Loss has diverged. Backtracking to trained_nets/LPDSNet/0.ckpt ...
Loading net state-dict...
Loading opt state-dict...
Loading sched state-dict...
Updated Learning Rate(s): [9.34387838e-25]
TRAIN PSNR: -132.543 dB
Loss has diverged. Backtracking to trained_nets/LPDSNet/0.ckpt ...
Loading net state-dict...
Loading opt state-dict...
Loading sched state-dict...
Updated Learning Rate(s): [7.47510271e-25]
TRAIN PSNR: -132.944 dB
Loss has diverged. Backtracking to trained_nets/LPDSNet/0.ckpt ...
Loading net state-dict...
Loading opt state-dict...
Loading sched state-dict...
Updated Learning Rate(s): [5.98008217e-25]
TRAIN PSNR: -132.658 dB
Loss has diverged. Backtracking to trained_nets/LPDSNet/0.ckpt ...
Loading net state-dict...
Loading opt state-dict...
Loading sched state-dict...
Updated Learning Rate(s): [4.78406573e-25]
TRAIN PSNR: -130.655 dB
Loss has diverged. Backtracking to trained_nets/LPDSNet/0.ckpt ...
Loading net state-dict...
Loading opt state-dict...
Loading sched state-dict...
Updated Learning Rate(s): [3.82725259e-25]
TRAIN PSNR: -133.066 dB
Loss has diverged. Backtracking to trained_nets/LPDSNet/0.ckpt ...
Loading net state-dict...
Loading opt state-dict...
Loading sched state-dict...
Updated Learning Rate(s): [3.06180207e-25]
TRAIN PSNR: -132.599 dB
Loss has diverged. Backtracking to trained_nets/LPDSNet/0.ckpt ...
Loading net state-dict...
Loading opt state-dict...
Loading sched state-dict...
Updated Learning Rate(s): [2.44944166e-25]
TRAIN PSNR: -131.245 dB
Loss has diverged. Backtracking to trained_nets/LPDSNet/0.ckpt ...
Loading net state-dict...
Loading opt state-dict...
Loading sched state-dict...
Updated Learning Rate(s): [1.95955332e-25]
TRAIN PSNR: -131.640 dB
Loss has diverged. Backtracking to trained_nets/LPDSNet/0.ckpt ...
Loading net state-dict...
Loading opt state-dict...
Loading sched state-dict...
Updated Learning Rate(s): [1.56764266e-25]
TRAIN PSNR: -131.325 dB
Loss has diverged. Backtracking to trained_nets/LPDSNet/0.ckpt ...
Loading net state-dict...
Loading opt state-dict...
Loading sched state-dict...
Updated Learning Rate(s): [1.25411413e-25]
TRAIN PSNR: -130.869 dB
Loss has diverged. Backtracking to trained_nets/LPDSNet/0.ckpt ...
Loading net state-dict...
Loading opt state-dict...
Loading sched state-dict...
Updated Learning Rate(s): [1.0032913e-25]
TRAIN PSNR: -131.332 dB
Loss has diverged. Backtracking to trained_nets/LPDSNet/0.ckpt ...
Loading net state-dict...
Loading opt state-dict...
Loading sched state-dict...
Updated Learning Rate(s): [8.02633042e-26]
