/home/ee2178/scratch/ee2178/miniconda3/envs/env/lib/python3.9/site-packages/torchvision/io/image.py:13: UserWarning: Failed to load image Python extension: '/scratch/ee2178/miniconda3/envs/env/lib/python3.9/site-packages/torchvision/image.so: undefined symbol: _ZN3c1017RegisterOperatorsD1Ev'If you don't plan on using image functionality from `torchvision.io`, you can ignore this warning. Otherwise, there might be something wrong with your environment. Did you have `libjpeg` or `libpng` installed before building `torchvision` from source?
  warn(
wandb: [wandb.login()] Loaded credentials for https://api.wandb.ai from /home/ee2178/.netrc.
wandb: Currently logged in as: ee2178 (ee2178-nyu) to https://api.wandb.ai. Use `wandb login --relogin` to force relogin
wandb: setting up run wu5cj7g7
wandb: Tracking run with wandb version 0.25.1
wandb: Run data is saved locally in /scratch/ee2178/Denoising-Diffusion-Project/my_CDLNet/wandb/run-20260320_105744-wu5cj7g7
wandb: Run `wandb offline` to turn off syncing.
wandb: Syncing run smart-cherry-7
wandb: ⭐️ View project at https://wandb.ai/ee2178-nyu/e2e_R10_mri_reconstruction
wandb: 🚀 View run at https://wandb.ai/ee2178-nyu/e2e_R10_mri_reconstruction/runs/wu5cj7g7
TRAIN:   0%|          | 0/300000 [00:00<?, ?it/s]Traceback (most recent call last):
  File "/scratch/ee2178/Denoising-Diffusion-Project/my_CDLNet/train_mri_recon.py", line 390, in <module>
    main(args)
  File "/scratch/ee2178/Denoising-Diffusion-Project/my_CDLNet/train_mri_recon.py", line 51, in main
    fit(net,
  File "/scratch/ee2178/Denoising-Diffusion-Project/my_CDLNet/train_mri_recon.py", line 163, in fit
    loss.backward()
  File "/home/ee2178/scratch/ee2178/miniconda3/envs/env/lib/python3.9/site-packages/torch/_tensor.py", line 581, in backward
    torch.autograd.backward(
  File "/home/ee2178/scratch/ee2178/miniconda3/envs/env/lib/python3.9/site-packages/torch/autograd/__init__.py", line 340, in backward
    grad_tensors_ = _make_grads(tensors, grad_tensors_, is_grads_batched=False)
  File "/home/ee2178/scratch/ee2178/miniconda3/envs/env/lib/python3.9/site-packages/torch/autograd/__init__.py", line 206, in _make_grads
    raise RuntimeError(msg)
RuntimeError: grad can be implicitly created only for real scalar outputs but got torch.complex64
Traceback (most recent call last):
  File "/scratch/ee2178/Denoising-Diffusion-Project/my_CDLNet/train_mri_recon.py", line 390, in <module>
    main(args)
  File "/scratch/ee2178/Denoising-Diffusion-Project/my_CDLNet/train_mri_recon.py", line 51, in main
    fit(net,
  File "/scratch/ee2178/Denoising-Diffusion-Project/my_CDLNet/train_mri_recon.py", line 163, in fit
    loss.backward()
  File "/home/ee2178/scratch/ee2178/miniconda3/envs/env/lib/python3.9/site-packages/torch/_tensor.py", line 581, in backward
    torch.autograd.backward(
  File "/home/ee2178/scratch/ee2178/miniconda3/envs/env/lib/python3.9/site-packages/torch/autograd/__init__.py", line 340, in backward
    grad_tensors_ = _make_grads(tensors, grad_tensors_, is_grads_batched=False)
  File "/home/ee2178/scratch/ee2178/miniconda3/envs/env/lib/python3.9/site-packages/torch/autograd/__init__.py", line 206, in _make_grads
    raise RuntimeError(msg)
RuntimeError: grad can be implicitly created only for real scalar outputs but got torch.complex64
