{'model': {'C': 1,
           'K': 30,
           'M': 169,
           'P': 7,
           'adaptive': True,
           'e2e_diff': True,
           's': 2},
 'mri': {'R': 6,
         'acs_lines': 20,
         'kspace_type': 'measurement',
         'whiten_kspace': True},
 'paths': {'ckpt': None,
           'save': 'trained_nets/knee/LPDS_ImMAP2p5_R6_kspaceWHITENED_noSSDUMasking_sigmaScaleON_noiseCOSINE'},
 'train': {'fit': {'backtrack_thresh': 5,
                   'blur': False,
                   'clip_grad': 0.5,
                   'demosaic': False,
                   'denoiser_args_path': 'trained_nets/knee/LPDSNet/args.json',
                   'e2enet_args_path': 'trained_nets/knee/LPDS_MRI_Recon_R6_nl1nl2Loss/args.json',
                   'epochs': None,
                   'image_noise_std': [0.01, 1],
                   'init_type': None,
                   'loss_type': 'complex-mse',
                   'max_steps': 300000,
                   'mcsure': False,
                   'noise_dist': 'cosine',
                   'noise_log_base': 100,
                   'noise_std': [0.0, 0.05],
                   'pix_width': [1, 10],
                   'save_every': 5000,
                   'save_freq': 5,
                   'sigma_scaling': True,
                   'ssdu_base_accel': 2,
                   'ssdu_masking': False,
                   'val_every': 5000,
                   'val_freq': 50,
                   'verbose': True,
                   'x_init': True},
           'loaders': {'batch_size': 1,
                       'crop_size': 256,
                       'end_slice': 27,
                       'modality': 'knee',
                       'num_workers': 14,
                       'scaling_fac': 5000.0,
                       'start_slice': 15,
                       'trn_kspace_path_list': ['../../datasets/fastmri/knee/multicoil_train'],
                       'trn_path_list': ['../../datasets/fastmri_preprocessed/knee_coil_combined/pd/train'],
                       'tst_kspace_path_list': ['../../datasets/fastmri/knee/multicoil_test_v2'],
                       'tst_path_list': ['../../datasets/fastmri_preprocessed/knee_coil_combined/pd/test'],
                       'val_kspace_path_list': ['../../datasets/fastmri/knee/multicoil_val'],
                       'val_path_list': ['../../datasets/fastmri_preprocessed/knee_coil_combined/pd/val']},
           'opt': {'lr': 0.0005},
           'sched': {'params': {'T_max': 300000, 'eta_min': 1e-06},
                     'type': 'cosine'}},
 'type': 'LPDSNet'}
Loading ['../../datasets/fastmri_preprocessed/knee_coil_combined/pd/train']:
Loading ['../../datasets/fastmri/knee/multicoil_train']
Loading ['../../datasets/fastmri_preprocessed/knee_coil_combined/pd/val']:
Loading ['../../datasets/fastmri/knee/multicoil_val']
Loading ['../../datasets/fastmri_preprocessed/knee_coil_combined/pd/test']:
Loading ['../../datasets/fastmri/knee/multicoil_test_v2']
Running power-method on initial dictionary...
Done. L=3.208e+03+4.878e-06j.
Current Learning Rate(s):
0.0005
Total Number of Parameters: 760,710
Using trained_nets/knee/LPDS_ImMAP2p5_R6_kspaceWHITENED_noSSDUMasking_sigmaScaleON_noiseCOSINE ...
fit: using device cuda:0

Checkpoint: trained_nets/knee/LPDS_ImMAP2p5_R6_kspaceWHITENED_noSSDUMasking_sigmaScaleON_noiseCOSINE/net.ckpt (step 5000)

Checkpoint: trained_nets/knee/LPDS_ImMAP2p5_R6_kspaceWHITENED_noSSDUMasking_sigmaScaleON_noiseCOSINE/net.ckpt (step 10000)

Checkpoint: trained_nets/knee/LPDS_ImMAP2p5_R6_kspaceWHITENED_noSSDUMasking_sigmaScaleON_noiseCOSINE/net.ckpt (step 15000)

Checkpoint: trained_nets/knee/LPDS_ImMAP2p5_R6_kspaceWHITENED_noSSDUMasking_sigmaScaleON_noiseCOSINE/net.ckpt (step 20000)

Checkpoint: trained_nets/knee/LPDS_ImMAP2p5_R6_kspaceWHITENED_noSSDUMasking_sigmaScaleON_noiseCOSINE/net.ckpt (step 25000)

Checkpoint: trained_nets/knee/LPDS_ImMAP2p5_R6_kspaceWHITENED_noSSDUMasking_sigmaScaleON_noiseCOSINE/net.ckpt (step 30000)

Checkpoint: trained_nets/knee/LPDS_ImMAP2p5_R6_kspaceWHITENED_noSSDUMasking_sigmaScaleON_noiseCOSINE/net.ckpt (step 35000)

Checkpoint: trained_nets/knee/LPDS_ImMAP2p5_R6_kspaceWHITENED_noSSDUMasking_sigmaScaleON_noiseCOSINE/net.ckpt (step 40000)

Checkpoint: trained_nets/knee/LPDS_ImMAP2p5_R6_kspaceWHITENED_noSSDUMasking_sigmaScaleON_noiseCOSINE/net.ckpt (step 45000)

Checkpoint: trained_nets/knee/LPDS_ImMAP2p5_R6_kspaceWHITENED_noSSDUMasking_sigmaScaleON_noiseCOSINE/net.ckpt (step 50000)

Checkpoint: trained_nets/knee/LPDS_ImMAP2p5_R6_kspaceWHITENED_noSSDUMasking_sigmaScaleON_noiseCOSINE/net.ckpt (step 55000)

Checkpoint: trained_nets/knee/LPDS_ImMAP2p5_R6_kspaceWHITENED_noSSDUMasking_sigmaScaleON_noiseCOSINE/net.ckpt (step 60000)

Checkpoint: trained_nets/knee/LPDS_ImMAP2p5_R6_kspaceWHITENED_noSSDUMasking_sigmaScaleON_noiseCOSINE/net.ckpt (step 65000)

Checkpoint: trained_nets/knee/LPDS_ImMAP2p5_R6_kspaceWHITENED_noSSDUMasking_sigmaScaleON_noiseCOSINE/net.ckpt (step 70000)

Checkpoint: trained_nets/knee/LPDS_ImMAP2p5_R6_kspaceWHITENED_noSSDUMasking_sigmaScaleON_noiseCOSINE/net.ckpt (step 75000)

Checkpoint: trained_nets/knee/LPDS_ImMAP2p5_R6_kspaceWHITENED_noSSDUMasking_sigmaScaleON_noiseCOSINE/net.ckpt (step 80000)

Checkpoint: trained_nets/knee/LPDS_ImMAP2p5_R6_kspaceWHITENED_noSSDUMasking_sigmaScaleON_noiseCOSINE/net.ckpt (step 85000)

Checkpoint: trained_nets/knee/LPDS_ImMAP2p5_R6_kspaceWHITENED_noSSDUMasking_sigmaScaleON_noiseCOSINE/net.ckpt (step 90000)

Checkpoint: trained_nets/knee/LPDS_ImMAP2p5_R6_kspaceWHITENED_noSSDUMasking_sigmaScaleON_noiseCOSINE/net.ckpt (step 95000)

Checkpoint: trained_nets/knee/LPDS_ImMAP2p5_R6_kspaceWHITENED_noSSDUMasking_sigmaScaleON_noiseCOSINE/net.ckpt (step 100000)

Checkpoint: trained_nets/knee/LPDS_ImMAP2p5_R6_kspaceWHITENED_noSSDUMasking_sigmaScaleON_noiseCOSINE/net.ckpt (step 105000)

Checkpoint: trained_nets/knee/LPDS_ImMAP2p5_R6_kspaceWHITENED_noSSDUMasking_sigmaScaleON_noiseCOSINE/net.ckpt (step 110000)

Checkpoint: trained_nets/knee/LPDS_ImMAP2p5_R6_kspaceWHITENED_noSSDUMasking_sigmaScaleON_noiseCOSINE/net.ckpt (step 115000)

Checkpoint: trained_nets/knee/LPDS_ImMAP2p5_R6_kspaceWHITENED_noSSDUMasking_sigmaScaleON_noiseCOSINE/net.ckpt (step 120000)

Checkpoint: trained_nets/knee/LPDS_ImMAP2p5_R6_kspaceWHITENED_noSSDUMasking_sigmaScaleON_noiseCOSINE/net.ckpt (step 125000)

Checkpoint: trained_nets/knee/LPDS_ImMAP2p5_R6_kspaceWHITENED_noSSDUMasking_sigmaScaleON_noiseCOSINE/net.ckpt (step 130000)

Checkpoint: trained_nets/knee/LPDS_ImMAP2p5_R6_kspaceWHITENED_noSSDUMasking_sigmaScaleON_noiseCOSINE/net.ckpt (step 135000)

Checkpoint: trained_nets/knee/LPDS_ImMAP2p5_R6_kspaceWHITENED_noSSDUMasking_sigmaScaleON_noiseCOSINE/net.ckpt (step 140000)

Checkpoint: trained_nets/knee/LPDS_ImMAP2p5_R6_kspaceWHITENED_noSSDUMasking_sigmaScaleON_noiseCOSINE/net.ckpt (step 145000)

Checkpoint: trained_nets/knee/LPDS_ImMAP2p5_R6_kspaceWHITENED_noSSDUMasking_sigmaScaleON_noiseCOSINE/net.ckpt (step 150000)

Checkpoint: trained_nets/knee/LPDS_ImMAP2p5_R6_kspaceWHITENED_noSSDUMasking_sigmaScaleON_noiseCOSINE/net.ckpt (step 155000)

Checkpoint: trained_nets/knee/LPDS_ImMAP2p5_R6_kspaceWHITENED_noSSDUMasking_sigmaScaleON_noiseCOSINE/net.ckpt (step 160000)

Checkpoint: trained_nets/knee/LPDS_ImMAP2p5_R6_kspaceWHITENED_noSSDUMasking_sigmaScaleON_noiseCOSINE/net.ckpt (step 165000)

Checkpoint: trained_nets/knee/LPDS_ImMAP2p5_R6_kspaceWHITENED_noSSDUMasking_sigmaScaleON_noiseCOSINE/net.ckpt (step 170000)

Checkpoint: trained_nets/knee/LPDS_ImMAP2p5_R6_kspaceWHITENED_noSSDUMasking_sigmaScaleON_noiseCOSINE/net.ckpt (step 175000)

Checkpoint: trained_nets/knee/LPDS_ImMAP2p5_R6_kspaceWHITENED_noSSDUMasking_sigmaScaleON_noiseCOSINE/net.ckpt (step 180000)

Checkpoint: trained_nets/knee/LPDS_ImMAP2p5_R6_kspaceWHITENED_noSSDUMasking_sigmaScaleON_noiseCOSINE/net.ckpt (step 185000)

Checkpoint: trained_nets/knee/LPDS_ImMAP2p5_R6_kspaceWHITENED_noSSDUMasking_sigmaScaleON_noiseCOSINE/net.ckpt (step 190000)

Checkpoint: trained_nets/knee/LPDS_ImMAP2p5_R6_kspaceWHITENED_noSSDUMasking_sigmaScaleON_noiseCOSINE/net.ckpt (step 195000)

Checkpoint: trained_nets/knee/LPDS_ImMAP2p5_R6_kspaceWHITENED_noSSDUMasking_sigmaScaleON_noiseCOSINE/net.ckpt (step 200000)

Checkpoint: trained_nets/knee/LPDS_ImMAP2p5_R6_kspaceWHITENED_noSSDUMasking_sigmaScaleON_noiseCOSINE/net.ckpt (step 205000)

Checkpoint: trained_nets/knee/LPDS_ImMAP2p5_R6_kspaceWHITENED_noSSDUMasking_sigmaScaleON_noiseCOSINE/net.ckpt (step 210000)

Checkpoint: trained_nets/knee/LPDS_ImMAP2p5_R6_kspaceWHITENED_noSSDUMasking_sigmaScaleON_noiseCOSINE/net.ckpt (step 215000)

Checkpoint: trained_nets/knee/LPDS_ImMAP2p5_R6_kspaceWHITENED_noSSDUMasking_sigmaScaleON_noiseCOSINE/net.ckpt (step 220000)

Checkpoint: trained_nets/knee/LPDS_ImMAP2p5_R6_kspaceWHITENED_noSSDUMasking_sigmaScaleON_noiseCOSINE/net.ckpt (step 225000)

Checkpoint: trained_nets/knee/LPDS_ImMAP2p5_R6_kspaceWHITENED_noSSDUMasking_sigmaScaleON_noiseCOSINE/net.ckpt (step 230000)

Checkpoint: trained_nets/knee/LPDS_ImMAP2p5_R6_kspaceWHITENED_noSSDUMasking_sigmaScaleON_noiseCOSINE/net.ckpt (step 235000)

Checkpoint: trained_nets/knee/LPDS_ImMAP2p5_R6_kspaceWHITENED_noSSDUMasking_sigmaScaleON_noiseCOSINE/net.ckpt (step 240000)

Checkpoint: trained_nets/knee/LPDS_ImMAP2p5_R6_kspaceWHITENED_noSSDUMasking_sigmaScaleON_noiseCOSINE/net.ckpt (step 245000)

Checkpoint: trained_nets/knee/LPDS_ImMAP2p5_R6_kspaceWHITENED_noSSDUMasking_sigmaScaleON_noiseCOSINE/net.ckpt (step 250000)

Checkpoint: trained_nets/knee/LPDS_ImMAP2p5_R6_kspaceWHITENED_noSSDUMasking_sigmaScaleON_noiseCOSINE/net.ckpt (step 255000)
