{'model': {'C': 1,
           'K': 30,
           'M': 169,
           'P': 7,
           'adaptive': True,
           'e2e_diff': True,
           's': 2},
 'mri': {'R': 8, 'acs_lines': 24},
 'paths': {'ckpt': None, 'save': 'trained_nets/LPDS_mixedimmap'},
 'train': {'fit': {'backtrack_thresh': 2,
                   'clip_grad': 0.05,
                   'demosaic': False,
                   'denoiser_args_path': 'eval_config.json',
                   'epochs': 100,
                   'image_noise_std': [0, 126],
                   'mcsure': False,
                   'noise_std': [10, 13],
                   'save_freq': 5,
                   'val_freq': 50,
                   'verbose': True,
                   'x_init': True},
           'loaders': {'batch_size': 1,
                       'crop_size': 256,
                       'scaling_fac': 2000.0,
                       'trn_kspace_path_list': ['../../datasets/fastmri/brain/multicoil_train'],
                       'trn_path_list': ['../../datasets/fastmri_preprocessed/brain_T2W_coil_combined/train'],
                       'tst_kspace_path_list': ['../../datasets/fastmri/brain/multicoil_test'],
                       'tst_path_list': ['../../datasets/fastmri_preprocessed/brain_T2W_coil_combined/test'],
                       'val_kspace_path_list': ['../../datasets/fastmri/brain/multicoil_val'],
                       'val_path_list': ['../../datasets/fastmri_preprocessed/brain_T2W_coil_combined/val']},
           'opt': {'lr': 0.001},
           'sched': {'gamma': 0.95, 'step_size': 50}},
 'type': 'LPDSNet'}
Loading ['../../datasets/fastmri_preprocessed/brain_T2W_coil_combined/train']:
Loading ['../../datasets/fastmri/brain/multicoil_train']
Loading ['../../datasets/fastmri_preprocessed/brain_T2W_coil_combined/val']:
Loading ['../../datasets/fastmri/brain/multicoil_val']
Loading ['../../datasets/fastmri_preprocessed/brain_T2W_coil_combined/test']:
Loading ['../../datasets/fastmri/brain/multicoil_test']
Running power-method on initial dictionary...
Done. L=3.189e+03-4.390e-06j.
Total Number of Parameters: 760,560
Using trained_nets/LPDS_mixedimmap ...
fit: using device cuda:0
TRAIN PSNR: 35.604 dB
TRAIN PSNR: 38.284 dB
TRAIN PSNR: 39.855 dB
TRAIN PSNR: 42.624 dB
TRAIN PSNR: 44.321 dB
Checkpoint: trained_nets/LPDS_mixedimmap/net.ckpt
TRAIN PSNR: 45.721 dB
TRAIN PSNR: 46.004 dB
TRAIN PSNR: 46.771 dB
TRAIN PSNR: 47.135 dB
TRAIN PSNR: 47.625 dB
Checkpoint: trained_nets/LPDS_mixedimmap/net.ckpt
TRAIN PSNR: 47.677 dB
TRAIN PSNR: 47.792 dB
TRAIN PSNR: 47.897 dB
TRAIN PSNR: 48.557 dB
TRAIN PSNR: 48.590 dB
Checkpoint: trained_nets/LPDS_mixedimmap/net.ckpt
TRAIN PSNR: 48.256 dB
TRAIN PSNR: 48.811 dB
TRAIN PSNR: 48.714 dB
TRAIN PSNR: 48.616 dB
TRAIN PSNR: 48.858 dB
Checkpoint: trained_nets/LPDS_mixedimmap/net.ckpt
TRAIN PSNR: 49.055 dB
TRAIN PSNR: 49.215 dB
TRAIN PSNR: 49.271 dB
TRAIN PSNR: 49.612 dB
TRAIN PSNR: 49.454 dB
Checkpoint: trained_nets/LPDS_mixedimmap/net.ckpt
TRAIN PSNR: 49.896 dB
TRAIN PSNR: 49.919 dB
TRAIN PSNR: 49.819 dB
TRAIN PSNR: 50.613 dB
TRAIN PSNR: 50.277 dB
Checkpoint: trained_nets/LPDS_mixedimmap/net.ckpt
TRAIN PSNR: 50.238 dB
TRAIN PSNR: 50.211 dB
TRAIN PSNR: 50.856 dB
TRAIN PSNR: 50.295 dB
TRAIN PSNR: 50.199 dB
Checkpoint: trained_nets/LPDS_mixedimmap/net.ckpt
TRAIN PSNR: 50.921 dB
TRAIN PSNR: 50.852 dB
TRAIN PSNR: 50.719 dB
TRAIN PSNR: 50.663 dB
TRAIN PSNR: 51.188 dB
Checkpoint: trained_nets/LPDS_mixedimmap/net.ckpt
TRAIN PSNR: 50.784 dB
TRAIN PSNR: 50.668 dB
TRAIN PSNR: 50.915 dB
TRAIN PSNR: 51.002 dB
TRAIN PSNR: 51.090 dB
Checkpoint: trained_nets/LPDS_mixedimmap/net.ckpt
TRAIN PSNR: 51.035 dB
TRAIN PSNR: 50.671 dB
TRAIN PSNR: 51.075 dB
TRAIN PSNR: 50.608 dB
TRAIN PSNR: 51.251 dB
VAL PSNR: 52.604 dB
Updated Learning Rate(s): 
[0.00095]
Checkpoint: trained_nets/LPDS_mixedimmap/net.ckpt
TRAIN PSNR: 51.346 dB
TRAIN PSNR: 51.067 dB
TRAIN PSNR: 50.862 dB
TRAIN PSNR: 50.882 dB
TRAIN PSNR: 51.419 dB
Checkpoint: trained_nets/LPDS_mixedimmap/net.ckpt
TRAIN PSNR: 51.315 dB
TRAIN PSNR: 50.934 dB
TRAIN PSNR: 51.168 dB
TRAIN PSNR: 51.264 dB
TRAIN PSNR: 50.950 dB
Checkpoint: trained_nets/LPDS_mixedimmap/net.ckpt
TRAIN PSNR: 51.595 dB
TRAIN PSNR: 51.603 dB
TRAIN PSNR: 51.194 dB
TRAIN PSNR: 51.173 dB
TRAIN PSNR: 50.979 dB
Checkpoint: trained_nets/LPDS_mixedimmap/net.ckpt
TRAIN PSNR: 51.393 dB
TRAIN PSNR: 51.073 dB
TRAIN PSNR: 51.587 dB
TRAIN PSNR: 51.074 dB
TRAIN PSNR: 50.703 dB
Checkpoint: trained_nets/LPDS_mixedimmap/net.ckpt
TRAIN PSNR: 52.128 dB
TRAIN PSNR: 51.320 dB
TRAIN PSNR: 51.446 dB
TRAIN PSNR: 50.864 dB
TRAIN PSNR: 50.779 dB
Checkpoint: trained_nets/LPDS_mixedimmap/net.ckpt
TRAIN PSNR: 51.990 dB
TRAIN PSNR: 51.304 dB
TRAIN PSNR: 51.249 dB
TRAIN PSNR: 51.027 dB
TRAIN PSNR: 51.272 dB
Checkpoint: trained_nets/LPDS_mixedimmap/net.ckpt
TRAIN PSNR: 51.397 dB
TRAIN PSNR: 50.957 dB
TRAIN PSNR: 51.474 dB
TRAIN PSNR: 51.528 dB
TRAIN PSNR: 51.334 dB
Checkpoint: trained_nets/LPDS_mixedimmap/net.ckpt
TRAIN PSNR: 51.591 dB
TRAIN PSNR: 50.834 dB
TRAIN PSNR: 50.198 dB
TRAIN PSNR: 50.944 dB
TRAIN PSNR: 50.975 dB
Checkpoint: trained_nets/LPDS_mixedimmap/net.ckpt
TRAIN PSNR: 51.652 dB
TRAIN PSNR: 51.393 dB
TRAIN PSNR: 51.712 dB
TRAIN PSNR: 50.943 dB
