/home/ee2178/scratch/ee2178/miniconda3/envs/env/lib/python3.9/site-packages/torchvision/io/image.py:13: UserWarning: Failed to load image Python extension: '/scratch/ee2178/miniconda3/envs/env/lib/python3.9/site-packages/torchvision/image.so: undefined symbol: _ZN3c1017RegisterOperatorsD1Ev'If you don't plan on using image functionality from `torchvision.io`, you can ignore this warning. Otherwise, there might be something wrong with your environment. Did you have `libjpeg` or `libpng` installed before building `torchvision` from source?
  warn(
wandb: [wandb.login()] Loaded credentials for https://api.wandb.ai from /home/ee2178/.netrc.
wandb: Currently logged in as: ee2178 (ee2178-nyu) to https://api.wandb.ai. Use `wandb login --relogin` to force relogin
wandb: setting up run 5g1qtzr7
wandb: Tracking run with wandb version 0.25.1
wandb: Run data is saved locally in /scratch/ee2178/Denoising-Diffusion-Project/my_CDLNet/wandb/run-20260320_104059-5g1qtzr7
wandb: Run `wandb offline` to turn off syncing.
wandb: Syncing run devoted-dew-7
wandb: ⭐️ View project at https://wandb.ai/ee2178-nyu/e2e_R6_mri_reconstruction
wandb: 🚀 View run at https://wandb.ai/ee2178-nyu/e2e_R6_mri_reconstruction/runs/5g1qtzr7
TRAIN:   0%|          | 0/300000 [00:00<?, ?it/s]Traceback (most recent call last):
  File "/scratch/ee2178/Denoising-Diffusion-Project/my_CDLNet/train_mri_recon.py", line 390, in <module>
    main(args)
  File "/scratch/ee2178/Denoising-Diffusion-Project/my_CDLNet/train_mri_recon.py", line 51, in main
    fit(net,
  File "/scratch/ee2178/Denoising-Diffusion-Project/my_CDLNet/train_mri_recon.py", line 151, in fit
    img_recon,_ = net(
  File "/home/ee2178/scratch/ee2178/miniconda3/envs/env/lib/python3.9/site-packages/torch/nn/modules/module.py", line 1736, in _wrapped_call_impl
    return self._call_impl(*args, **kwargs)
  File "/home/ee2178/scratch/ee2178/miniconda3/envs/env/lib/python3.9/site-packages/torch/nn/modules/module.py", line 1747, in _call_impl
    return forward_call(*args, **kwargs)
  File "/scratch/ee2178/Denoising-Diffusion-Project/my_CDLNet/model.py", line 286, in forward
    yp, params = pre_process(EHy, self.s, mask = 1)
  File "/scratch/ee2178/Denoising-Diffusion-Project/my_CDLNet/model_utils.py", line 51, in pre_process
    pad = calc_pad_2D(*x.shape[2:], stride)
TypeError: calc_pad_2D() takes 3 positional arguments but 4 were given
Traceback (most recent call last):
  File "/scratch/ee2178/Denoising-Diffusion-Project/my_CDLNet/train_mri_recon.py", line 390, in <module>
    main(args)
  File "/scratch/ee2178/Denoising-Diffusion-Project/my_CDLNet/train_mri_recon.py", line 51, in main
    fit(net,
  File "/scratch/ee2178/Denoising-Diffusion-Project/my_CDLNet/train_mri_recon.py", line 151, in fit
    img_recon,_ = net(
  File "/home/ee2178/scratch/ee2178/miniconda3/envs/env/lib/python3.9/site-packages/torch/nn/modules/module.py", line 1736, in _wrapped_call_impl
    return self._call_impl(*args, **kwargs)
  File "/home/ee2178/scratch/ee2178/miniconda3/envs/env/lib/python3.9/site-packages/torch/nn/modules/module.py", line 1747, in _call_impl
    return forward_call(*args, **kwargs)
  File "/scratch/ee2178/Denoising-Diffusion-Project/my_CDLNet/model.py", line 286, in forward
    yp, params = pre_process(EHy, self.s, mask = 1)
  File "/scratch/ee2178/Denoising-Diffusion-Project/my_CDLNet/model_utils.py", line 51, in pre_process
    pad = calc_pad_2D(*x.shape[2:], stride)
TypeError: calc_pad_2D() takes 3 positional arguments but 4 were given
