Running job 2 with config configs/knee/immap2p5_R6_config.json
{'model': {'C': 1,
           'K': 30,
           'M': 169,
           'P': 7,
           'adaptive': True,
           'e2e_diff': True,
           's': 2},
 'mri': {'R': 6, 'acs_lines': 24},
 'paths': {'ckpt': None, 'save': 'trained_nets/knee/LPDS_ImMAP2p5_R6'},
 'train': {'fit': {'backtrack_thresh': 5,
                   'clip_grad': 0.05,
                   'demosaic': False,
                   'denoiser_args_path': 'eval_config.json',
                   'epochs': None,
                   'image_noise_std': [0, 126],
                   'max_steps': 300000,
                   'mcsure': False,
                   'noise_dist': 'cosine',
                   'noise_std': [10, 13],
                   'save_every': 5000,
                   'save_freq': 5,
                   'val_every': 2000,
                   'val_freq': 50,
                   'verbose': True,
                   'x_init': True},
           'loaders': {'batch_size': 1,
                       'crop_size': 256,
                       'end_slice': 25,
                       'modality': 'knee',
                       'num_workers': 14,
                       'scaling_fac': 2000.0,
                       'start_slice': 10,
                       'trn_kspace_path_list': ['../../datasets/fastmri/knee/multicoil_train'],
                       'trn_path_list': ['../../datasets/fastmri_preprocessed/knee_coil_combined/pd/train'],
                       'tst_kspace_path_list': ['../../datasets/fastmri/knee/multicoil_test_v2'],
                       'tst_path_list': ['../../datasets/fastmri_preprocessed/knee_coil_combined/pd/test'],
                       'val_kspace_path_list': ['../../datasets/fastmri/knee/multicoil_val'],
                       'val_path_list': ['../../datasets/fastmri_preprocessed/knee_coil_combined/pd/val']},
           'opt': {'lr': 0.0005},
           'sched': {'gamma': 0.95, 'step_size': 50}},
 'type': 'LPDSNet'}
Loading ['../../datasets/fastmri_preprocessed/knee_coil_combined/pd/train']:
Loading ['../../datasets/fastmri/knee/multicoil_train']
Loading ['../../datasets/fastmri_preprocessed/knee_coil_combined/pd/val']:
Loading ['../../datasets/fastmri/knee/multicoil_val']
Loading ['../../datasets/fastmri_preprocessed/knee_coil_combined/pd/test']:
Loading ['../../datasets/fastmri/knee/multicoil_test_v2']
Running power-method on initial dictionary...
Done. L=3.018e+03-4.400e-06j.
Total Number of Parameters: 760,560
Using trained_nets/knee/LPDS_ImMAP2p5_R6 ...
fit: using device cuda:0

VAL PSNR @ step 2000: 36.463 dB

VAL PSNR @ step 4000: 33.708 dB

Checkpoint: trained_nets/knee/LPDS_ImMAP2p5_R6/net.ckpt (step 5000)

VAL PSNR @ step 6000: 34.973 dB

VAL PSNR @ step 8000: 36.873 dB

VAL PSNR @ step 10000: 37.111 dB

Checkpoint: trained_nets/knee/LPDS_ImMAP2p5_R6/net.ckpt (step 10000)

VAL PSNR @ step 12000: 28.635 dB
Validation dropped — backtracking
Loading net state-dict...
Loading opt state-dict...
Loading sched state-dict...
Updated LR: [1.40210665e-08]

VAL PSNR @ step 14000: 34.352 dB

Checkpoint: trained_nets/knee/LPDS_ImMAP2p5_R6/net.ckpt (step 15000)

VAL PSNR @ step 16000: 37.157 dB

VAL PSNR @ step 18000: 36.999 dB

VAL PSNR @ step 20000: 35.613 dB

Checkpoint: trained_nets/knee/LPDS_ImMAP2p5_R6/net.ckpt (step 20000)

VAL PSNR @ step 22000: 29.102 dB
Validation dropped — backtracking
Loading net state-dict...
Loading opt state-dict...
Loading sched state-dict...
Updated LR: [3.05948186e-12]

VAL PSNR @ step 24000: 28.688 dB
Validation dropped — backtracking
Loading net state-dict...
Loading opt state-dict...
Loading sched state-dict...
Updated LR: [3.05948186e-12]

Checkpoint: trained_nets/knee/LPDS_ImMAP2p5_R6/net.ckpt (step 25000)

VAL PSNR @ step 26000: 35.047 dB

VAL PSNR @ step 28000: 29.052 dB
Validation dropped — backtracking
Loading net state-dict...
Loading opt state-dict...
Loading sched state-dict...
Updated LR: [8.77424941e-13]

VAL PSNR @ step 30000: 37.270 dB

Checkpoint: trained_nets/knee/LPDS_ImMAP2p5_R6/net.ckpt (step 30000)

VAL PSNR @ step 32000: 36.703 dB

VAL PSNR @ step 34000: 35.403 dB

Checkpoint: trained_nets/knee/LPDS_ImMAP2p5_R6/net.ckpt (step 35000)

VAL PSNR @ step 36000: 29.078 dB
Validation dropped — backtracking
Loading net state-dict...
Loading opt state-dict...
Loading sched state-dict...
Updated LR: [5.34078017e-16]

VAL PSNR @ step 38000: 36.059 dB

VAL PSNR @ step 40000: 36.963 dB

Checkpoint: trained_nets/knee/LPDS_ImMAP2p5_R6/net.ckpt (step 40000)

VAL PSNR @ step 42000: 36.159 dB

VAL PSNR @ step 44000: 35.030 dB

Checkpoint: trained_nets/knee/LPDS_ImMAP2p5_R6/net.ckpt (step 45000)

VAL PSNR @ step 46000: 34.467 dB

VAL PSNR @ step 48000: 35.176 dB

VAL PSNR @ step 50000: 35.443 dB

Checkpoint: trained_nets/knee/LPDS_ImMAP2p5_R6/net.ckpt (step 50000)

VAL PSNR @ step 52000: 34.903 dB

VAL PSNR @ step 54000: 35.832 dB

Checkpoint: trained_nets/knee/LPDS_ImMAP2p5_R6/net.ckpt (step 55000)

VAL PSNR @ step 56000: 28.670 dB
Validation dropped — backtracking
Loading net state-dict...
Loading opt state-dict...
Loading sched state-dict...
Updated LR: [1.46441679e-24]

VAL PSNR @ step 58000: 36.549 dB

VAL PSNR @ step 60000: 36.988 dB

Checkpoint: trained_nets/knee/LPDS_ImMAP2p5_R6/net.ckpt (step 60000)

VAL PSNR @ step 62000: 36.628 dB

VAL PSNR @ step 64000: 35.121 dB

Checkpoint: trained_nets/knee/LPDS_ImMAP2p5_R6/net.ckpt (step 65000)

VAL PSNR @ step 66000: 37.155 dB

VAL PSNR @ step 68000: 34.198 dB

VAL PSNR @ step 70000: 33.917 dB

Checkpoint: trained_nets/knee/LPDS_ImMAP2p5_R6/net.ckpt (step 70000)

VAL PSNR @ step 72000: 33.843 dB

VAL PSNR @ step 74000: 36.938 dB

Checkpoint: trained_nets/knee/LPDS_ImMAP2p5_R6/net.ckpt (step 75000)

VAL PSNR @ step 76000: 34.938 dB

VAL PSNR @ step 78000: 34.832 dB

VAL PSNR @ step 80000: 34.810 dB

Checkpoint: trained_nets/knee/LPDS_ImMAP2p5_R6/net.ckpt (step 80000)

VAL PSNR @ step 82000: 36.809 dB

VAL PSNR @ step 84000: 37.005 dB

Checkpoint: trained_nets/knee/LPDS_ImMAP2p5_R6/net.ckpt (step 85000)

VAL PSNR @ step 86000: 36.393 dB

VAL PSNR @ step 88000: 37.329 dB

VAL PSNR @ step 90000: 35.747 dB

Checkpoint: trained_nets/knee/LPDS_ImMAP2p5_R6/net.ckpt (step 90000)

VAL PSNR @ step 92000: 29.098 dB
Validation dropped — backtracking
Loading net state-dict...
Loading opt state-dict...
Loading sched state-dict...
Updated LR: [8.33309404e-40]

VAL PSNR @ step 94000: 36.676 dB

Checkpoint: trained_nets/knee/LPDS_ImMAP2p5_R6/net.ckpt (step 95000)

VAL PSNR @ step 96000: 36.589 dB

VAL PSNR @ step 98000: 35.778 dB

VAL PSNR @ step 100000: 35.344 dB

Checkpoint: trained_nets/knee/LPDS_ImMAP2p5_R6/net.ckpt (step 100000)

VAL PSNR @ step 102000: 36.095 dB

VAL PSNR @ step 104000: 36.920 dB

Checkpoint: trained_nets/knee/LPDS_ImMAP2p5_R6/net.ckpt (step 105000)

VAL PSNR @ step 106000: 37.290 dB

VAL PSNR @ step 108000: 35.777 dB

VAL PSNR @ step 110000: 35.349 dB

Checkpoint: trained_nets/knee/LPDS_ImMAP2p5_R6/net.ckpt (step 110000)

VAL PSNR @ step 112000: 36.288 dB

VAL PSNR @ step 114000: 35.903 dB

Checkpoint: trained_nets/knee/LPDS_ImMAP2p5_R6/net.ckpt (step 115000)

VAL PSNR @ step 116000: 29.151 dB
Validation dropped — backtracking
Loading net state-dict...
Loading opt state-dict...
Loading sched state-dict...
Updated LR: [3.77358991e-50]

VAL PSNR @ step 118000: 36.066 dB

VAL PSNR @ step 120000: 36.379 dB

Checkpoint: trained_nets/knee/LPDS_ImMAP2p5_R6/net.ckpt (step 120000)

VAL PSNR @ step 122000: 34.826 dB

VAL PSNR @ step 124000: 34.071 dB

Checkpoint: trained_nets/knee/LPDS_ImMAP2p5_R6/net.ckpt (step 125000)

VAL PSNR @ step 126000: 35.527 dB

VAL PSNR @ step 128000: 36.939 dB

VAL PSNR @ step 130000: 33.978 dB

Checkpoint: trained_nets/knee/LPDS_ImMAP2p5_R6/net.ckpt (step 130000)

VAL PSNR @ step 132000: 35.794 dB

VAL PSNR @ step 134000: 37.358 dB

Checkpoint: trained_nets/knee/LPDS_ImMAP2p5_R6/net.ckpt (step 135000)

VAL PSNR @ step 136000: 36.443 dB

VAL PSNR @ step 138000: 36.753 dB

VAL PSNR @ step 140000: 33.772 dB

Checkpoint: trained_nets/knee/LPDS_ImMAP2p5_R6/net.ckpt (step 140000)

VAL PSNR @ step 142000: 36.768 dB

VAL PSNR @ step 144000: 36.148 dB

Checkpoint: trained_nets/knee/LPDS_ImMAP2p5_R6/net.ckpt (step 145000)

VAL PSNR @ step 146000: 28.678 dB
Validation dropped — backtracking
Loading net state-dict...
Loading opt state-dict...
Loading sched state-dict...
Updated LR: [3.62690147e-63]

VAL PSNR @ step 148000: 34.774 dB

VAL PSNR @ step 150000: 35.723 dB

Checkpoint: trained_nets/knee/LPDS_ImMAP2p5_R6/net.ckpt (step 150000)

VAL PSNR @ step 152000: 29.105 dB
Validation dropped — backtracking
Loading net state-dict...
Loading opt state-dict...
Loading sched state-dict...
Updated LR: [4.79197085e-65]

VAL PSNR @ step 154000: 28.683 dB
Validation dropped — backtracking
Loading net state-dict...
Loading opt state-dict...
Loading sched state-dict...
Updated LR: [4.79197085e-65]

Checkpoint: trained_nets/knee/LPDS_ImMAP2p5_R6/net.ckpt (step 155000)

VAL PSNR @ step 156000: 35.080 dB

VAL PSNR @ step 158000: 37.075 dB

VAL PSNR @ step 160000: 35.964 dB

Checkpoint: trained_nets/knee/LPDS_ImMAP2p5_R6/net.ckpt (step 160000)

VAL PSNR @ step 162000: 35.563 dB

VAL PSNR @ step 164000: 28.707 dB
Validation dropped — backtracking
Loading net state-dict...
Loading opt state-dict...
Loading sched state-dict...
Updated LR: [8.13648426e-68]

Checkpoint: trained_nets/knee/LPDS_ImMAP2p5_R6/net.ckpt (step 165000)

VAL PSNR @ step 166000: 34.454 dB

VAL PSNR @ step 168000: 33.971 dB

VAL PSNR @ step 170000: 35.379 dB

Checkpoint: trained_nets/knee/LPDS_ImMAP2p5_R6/net.ckpt (step 170000)

VAL PSNR @ step 172000: 36.950 dB

VAL PSNR @ step 174000: 36.514 dB

Checkpoint: trained_nets/knee/LPDS_ImMAP2p5_R6/net.ckpt (step 175000)

VAL PSNR @ step 176000: 35.728 dB

VAL PSNR @ step 178000: 37.419 dB

VAL PSNR @ step 180000: 28.643 dB
Validation dropped — backtracking
Loading net state-dict...
Loading opt state-dict...
Loading sched state-dict...
Updated LR: [8.1793716e-73]

Checkpoint: trained_nets/knee/LPDS_ImMAP2p5_R6/net.ckpt (step 180000)

VAL PSNR @ step 182000: 34.074 dB

VAL PSNR @ step 184000: 35.012 dB

Checkpoint: trained_nets/knee/LPDS_ImMAP2p5_R6/net.ckpt (step 185000)

VAL PSNR @ step 186000: 29.143 dB
Validation dropped — backtracking
Loading net state-dict...
Loading opt state-dict...
Loading sched state-dict...
Updated LR: [3.87409669e-75]

VAL PSNR @ step 188000: 34.248 dB

VAL PSNR @ step 190000: 35.671 dB

Checkpoint: trained_nets/knee/LPDS_ImMAP2p5_R6/net.ckpt (step 190000)

VAL PSNR @ step 192000: 37.258 dB

VAL PSNR @ step 194000: 34.061 dB

Checkpoint: trained_nets/knee/LPDS_ImMAP2p5_R6/net.ckpt (step 195000)

VAL PSNR @ step 196000: 36.230 dB

VAL PSNR @ step 198000: 36.560 dB

VAL PSNR @ step 200000: 36.907 dB

Checkpoint: trained_nets/knee/LPDS_ImMAP2p5_R6/net.ckpt (step 200000)

VAL PSNR @ step 202000: 36.891 dB

VAL PSNR @ step 204000: 34.013 dB

Checkpoint: trained_nets/knee/LPDS_ImMAP2p5_R6/net.ckpt (step 205000)

VAL PSNR @ step 206000: 33.899 dB

VAL PSNR @ step 208000: 34.173 dB

VAL PSNR @ step 210000: 35.662 dB

Checkpoint: trained_nets/knee/LPDS_ImMAP2p5_R6/net.ckpt (step 210000)

VAL PSNR @ step 212000: 36.476 dB

VAL PSNR @ step 214000: 36.616 dB

Checkpoint: trained_nets/knee/LPDS_ImMAP2p5_R6/net.ckpt (step 215000)

VAL PSNR @ step 216000: 35.777 dB

VAL PSNR @ step 218000: 37.066 dB

VAL PSNR @ step 220000: 35.030 dB

Checkpoint: trained_nets/knee/LPDS_ImMAP2p5_R6/net.ckpt (step 220000)

VAL PSNR @ step 222000: 35.015 dB

VAL PSNR @ step 224000: 36.590 dB

Checkpoint: trained_nets/knee/LPDS_ImMAP2p5_R6/net.ckpt (step 225000)

VAL PSNR @ step 226000: 34.182 dB

VAL PSNR @ step 228000: 35.667 dB

VAL PSNR @ step 230000: 36.754 dB

Checkpoint: trained_nets/knee/LPDS_ImMAP2p5_R6/net.ckpt (step 230000)

VAL PSNR @ step 232000: 36.455 dB

VAL PSNR @ step 234000: 33.977 dB

Checkpoint: trained_nets/knee/LPDS_ImMAP2p5_R6/net.ckpt (step 235000)

VAL PSNR @ step 236000: 37.020 dB

VAL PSNR @ step 238000: 35.630 dB

VAL PSNR @ step 240000: 28.671 dB
Validation dropped — backtracking
Loading net state-dict...
Loading opt state-dict...
Loading sched state-dict...
Updated LR: [4.57502662e-97]

Checkpoint: trained_nets/knee/LPDS_ImMAP2p5_R6/net.ckpt (step 240000)

VAL PSNR @ step 242000: 36.375 dB

VAL PSNR @ step 244000: 34.269 dB

Checkpoint: trained_nets/knee/LPDS_ImMAP2p5_R6/net.ckpt (step 245000)

VAL PSNR @ step 246000: 37.005 dB

VAL PSNR @ step 248000: 37.100 dB

VAL PSNR @ step 250000: 29.034 dB
Validation dropped — backtracking
Loading net state-dict...
Loading opt state-dict...
Loading sched state-dict...
Updated LR: [2.1669263e-99]

Checkpoint: trained_nets/knee/LPDS_ImMAP2p5_R6/net.ckpt (step 250000)

VAL PSNR @ step 252000: 37.222 dB

VAL PSNR @ step 254000: 35.642 dB

Checkpoint: trained_nets/knee/LPDS_ImMAP2p5_R6/net.ckpt (step 255000)

VAL PSNR @ step 256000: 36.436 dB
