Running job 1 with config configs/knee/immap2p5_R10_config.json
{'model': {'C': 1,
           'K': 30,
           'M': 169,
           'P': 7,
           'adaptive': True,
           'e2e_diff': True,
           's': 2},
 'mri': {'R': 10, 'acs_lines': 24},
 'paths': {'ckpt': None, 'save': 'trained_nets/knee/LPDS_ImMAP2p5_R10'},
 'train': {'fit': {'backtrack_thresh': 5,
                   'clip_grad': 0.05,
                   'demosaic': False,
                   'denoiser_args_path': 'eval_config.json',
                   'epochs': None,
                   'image_noise_std': [0, 126],
                   'max_steps': 300000,
                   'mcsure': False,
                   'noise_dist': 'cosine',
                   'noise_std': [10, 13],
                   'save_every': 5000,
                   'save_freq': 5,
                   'val_every': 2000,
                   'val_freq': 50,
                   'verbose': True,
                   'x_init': True},
           'loaders': {'batch_size': 1,
                       'crop_size': 256,
                       'end_slice': 25,
                       'modality': 'knee',
                       'num_workers': 14,
                       'scaling_fac': 4000.0,
                       'start_slice': 15,
                       'trn_kspace_path_list': ['../../datasets/fastmri/knee/multicoil_train'],
                       'trn_path_list': ['../../datasets/fastmri_preprocessed/knee_coil_combined/pd/train'],
                       'tst_kspace_path_list': ['../../datasets/fastmri/knee/multicoil_test_v2'],
                       'tst_path_list': ['../../datasets/fastmri_preprocessed/knee_coil_combined/pd/test'],
                       'val_kspace_path_list': ['../../datasets/fastmri/knee/multicoil_val'],
                       'val_path_list': ['../../datasets/fastmri_preprocessed/knee_coil_combined/pd/val']},
           'opt': {'lr': 0.0005},
           'sched': {'gamma': 0.95, 'step_size': 50}},
 'type': 'LPDSNet'}
Loading ['../../datasets/fastmri_preprocessed/knee_coil_combined/pd/train']:
Loading ['../../datasets/fastmri/knee/multicoil_train']
Loading ['../../datasets/fastmri_preprocessed/knee_coil_combined/pd/val']:
Loading ['../../datasets/fastmri/knee/multicoil_val']
Loading ['../../datasets/fastmri_preprocessed/knee_coil_combined/pd/test']:
Loading ['../../datasets/fastmri/knee/multicoil_test_v2']
Running power-method on initial dictionary...
Done. L=3.184e+03+6.953e-06j.
Total Number of Parameters: 760,560
Using trained_nets/knee/LPDS_ImMAP2p5_R10 ...
fit: using device cuda:0
[1;34mwandb[0m: 
[1;34mwandb[0m: 🚀 View run [33mconfused-butterfly-6[0m at: [34mhttps://wandb.ai/ee2178-nyu/immap2p5_R10_mri_reconstruction/runs/3dfppt2w[0m
[1;34mwandb[0m: Find logs at: [1;35m../../../../../../scratch/ee2178/Denoising-Diffusion-Project/my_CDLNet/wandb/run-20260320_094559-3dfppt2w/logs[0m
